Archive member included to satisfy reference by file (symbol)

c:/st/stm32cubeide_1.5.0/stm32cubeide/plugins/com.st.stm32cube.ide.mcu.externaltools.gnu-tools-for-stm32.9-2020-q2-update.win32_1.5.0.202011040924/tools/bin/../lib/gcc/arm-none-eabi/9.3.1/../../../../arm-none-eabi/lib/thumb/v7-m/nofp\libc_nano.a(lib_a-errno.o)
                              Core/Src/syscalls.o (__errno)
c:/st/stm32cubeide_1.5.0/stm32cubeide/plugins/com.st.stm32cube.ide.mcu.externaltools.gnu-tools-for-stm32.9-2020-q2-update.win32_1.5.0.202011040924/tools/bin/../lib/gcc/arm-none-eabi/9.3.1/../../../../arm-none-eabi/lib/thumb/v7-m/nofp\libc_nano.a(lib_a-exit.o)
                              c:/st/stm32cubeide_1.5.0/stm32cubeide/plugins/com.st.stm32cube.ide.mcu.externaltools.gnu-tools-for-stm32.9-2020-q2-update.win32_1.5.0.202011040924/tools/bin/../lib/gcc/arm-none-eabi/9.3.1/../../../../arm-none-eabi/lib/thumb/v7-m/nofp/crt0.o (exit)
c:/st/stm32cubeide_1.5.0/stm32cubeide/plugins/com.st.stm32cube.ide.mcu.externaltools.gnu-tools-for-stm32.9-2020-q2-update.win32_1.5.0.202011040924/tools/bin/../lib/gcc/arm-none-eabi/9.3.1/../../../../arm-none-eabi/lib/thumb/v7-m/nofp\libc_nano.a(lib_a-impure.o)
                              c:/st/stm32cubeide_1.5.0/stm32cubeide/plugins/com.st.stm32cube.ide.mcu.externaltools.gnu-tools-for-stm32.9-2020-q2-update.win32_1.5.0.202011040924/tools/bin/../lib/gcc/arm-none-eabi/9.3.1/../../../../arm-none-eabi/lib/thumb/v7-m/nofp\libc_nano.a(lib_a-exit.o) (_global_impure_ptr)
c:/st/stm32cubeide_1.5.0/stm32cubeide/plugins/com.st.stm32cube.ide.mcu.externaltools.gnu-tools-for-stm32.9-2020-q2-update.win32_1.5.0.202011040924/tools/bin/../lib/gcc/arm-none-eabi/9.3.1/../../../../arm-none-eabi/lib/thumb/v7-m/nofp\libc_nano.a(lib_a-init.o)
                              c:/st/stm32cubeide_1.5.0/stm32cubeide/plugins/com.st.stm32cube.ide.mcu.externaltools.gnu-tools-for-stm32.9-2020-q2-update.win32_1.5.0.202011040924/tools/bin/../lib/gcc/arm-none-eabi/9.3.1/../../../../arm-none-eabi/lib/thumb/v7-m/nofp/crt0.o (__libc_init_array)
c:/st/stm32cubeide_1.5.0/stm32cubeide/plugins/com.st.stm32cube.ide.mcu.externaltools.gnu-tools-for-stm32.9-2020-q2-update.win32_1.5.0.202011040924/tools/bin/../lib/gcc/arm-none-eabi/9.3.1/../../../../arm-none-eabi/lib/thumb/v7-m/nofp\libc_nano.a(lib_a-memcpy-stub.o)
                              Middlewares/Third_Party/FreeRTOS/Source/CMSIS_RTOS_V2/cmsis_os2.o (memcpy)
c:/st/stm32cubeide_1.5.0/stm32cubeide/plugins/com.st.stm32cube.ide.mcu.externaltools.gnu-tools-for-stm32.9-2020-q2-update.win32_1.5.0.202011040924/tools/bin/../lib/gcc/arm-none-eabi/9.3.1/../../../../arm-none-eabi/lib/thumb/v7-m/nofp\libc_nano.a(lib_a-memset.o)
                              c:/st/stm32cubeide_1.5.0/stm32cubeide/plugins/com.st.stm32cube.ide.mcu.externaltools.gnu-tools-for-stm32.9-2020-q2-update.win32_1.5.0.202011040924/tools/bin/../lib/gcc/arm-none-eabi/9.3.1/../../../../arm-none-eabi/lib/thumb/v7-m/nofp/crt0.o (memset)
c:/st/stm32cubeide_1.5.0/stm32cubeide/plugins/com.st.stm32cube.ide.mcu.externaltools.gnu-tools-for-stm32.9-2020-q2-update.win32_1.5.0.202011040924/tools/bin/../lib/gcc/arm-none-eabi/9.3.1/thumb/v7-m/nofp\libgcc.a(_arm_muldf3.o)
                              Core/Src/PCB_WELDER.o (__aeabi_dmul)
c:/st/stm32cubeide_1.5.0/stm32cubeide/plugins/com.st.stm32cube.ide.mcu.externaltools.gnu-tools-for-stm32.9-2020-q2-update.win32_1.5.0.202011040924/tools/bin/../lib/gcc/arm-none-eabi/9.3.1/thumb/v7-m/nofp\libgcc.a(_arm_addsubdf3.o)
                              Core/Src/PCB_WELDER.o (__aeabi_i2d)
c:/st/stm32cubeide_1.5.0/stm32cubeide/plugins/com.st.stm32cube.ide.mcu.externaltools.gnu-tools-for-stm32.9-2020-q2-update.win32_1.5.0.202011040924/tools/bin/../lib/gcc/arm-none-eabi/9.3.1/thumb/v7-m/nofp\libgcc.a(_arm_muldivdf3.o)
                              Core/Src/PCB_WELDER.o (__aeabi_ddiv)
c:/st/stm32cubeide_1.5.0/stm32cubeide/plugins/com.st.stm32cube.ide.mcu.externaltools.gnu-tools-for-stm32.9-2020-q2-update.win32_1.5.0.202011040924/tools/bin/../lib/gcc/arm-none-eabi/9.3.1/thumb/v7-m/nofp\libgcc.a(_arm_fixunsdfsi.o)
                              Core/Src/PCB_WELDER.o (__aeabi_d2uiz)

Allocating common symbols
Common symbol       size              file

qBeepMode           0x4               Core/Src/MicrostepDriver.o
defaultTaskHandle   0x4               Core/Src/main.o
WelderUnit          0x24              Core/Src/MicrostepDriver.o
xSemaphore_StepCount
                    0x4               Core/Src/MicrostepDriver.o
STLED_Rx            0x8               Core/Src/MicrostepDriver.o
ReadFlashPage       0x800             Core/Src/MicrostepDriver.o
uwTick              0x4               Drivers/STM32F1xx_HAL_Driver/Src/stm32f1xx_hal.o
xQueueRegistry      0x40              Middlewares/Third_Party/FreeRTOS/Source/queue.o
pFlash              0x20              Drivers/STM32F1xx_HAL_Driver/Src/stm32f1xx_hal_flash.o
htim3               0x48              Core/Src/main.o
[...]
Memory Configuration

Name             Origin             Length             Attributes
RAM              0x0000000020000000 0x000000000000c000 xrw
FLASH            0x0000000008000000 0x0000000000040000 xr
*default*        0x0000000000000000 0xffffffffffffffff

Linker script and memory map

LOAD c:/st/stm32cubeide_1.5.0/stm32cubeide/plugins/com.st.stm32cube.ide.mcu.externaltools.gnu-tools-for-stm32.9-2020-q2-update.win32_1.5.0.202011040924/tools/bin/../lib/gcc/arm-none-eabi/9.3.1/thumb/v7-m/nofp/crti.o
LOAD c:/st/stm32cubeide_1.5.0/stm32cubeide/plugins/com.st.stm32cube.ide.mcu.externaltools.gnu-tools-for-stm32.9-2020-q2-update.win32_1.5.0.202011040924/tools/bin/../lib/gcc/arm-none-eabi/9.3.1/thumb/v7-m/nofp/crtbegin.o
LOAD c:/st/stm32cubeide_1.5.0/stm32cubeide/plugins/com.st.stm32cube.ide.mcu.externaltools.gnu-tools-for-stm32.9-2020-q2-update.win32_1.5.0.202011040924/tools/bin/../lib/gcc/arm-none-eabi/9.3.1/../../../../arm-none-eabi/lib/thumb/v7-m/nofp/crt0.o
LOAD Core/Src/MicrostepDriver.o
LOAD Core/Src/PCB_WELDER.o
LOAD Core/Src/STLED316S.o
LOAD Core/Src/STM32_flash.o
LOAD Core/Src/WELDER_tasks.o
LOAD Core/Src/freertos.o
LOAD Core/Src/main.o
LOAD Core/Src/stm32f1xx_hal_msp.o
LOAD Core/Src/stm32f1xx_it.o
LOAD Core/Src/syscalls.o
LOAD Core/Src/sysmem.o
LOAD Core/Src/system_stm32f1xx.o
LOAD Core/Startup/startup_stm32f103rctx.o
LOAD Drivers/STM32F1xx_HAL_Driver/Src/stm32f1xx_hal.o
LOAD Drivers/STM32F1xx_HAL_Driver/Src/stm32f1xx_hal_cortex.o
LOAD Drivers/STM32F1xx_HAL_Driver/Src/stm32f1xx_hal_dma.o
LOAD Drivers/STM32F1xx_HAL_Driver/Src/stm32f1xx_hal_exti.o
LOAD Drivers/STM32F1xx_HAL_Driver/Src/stm32f1xx_hal_flash.o
LOAD Drivers/STM32F1xx_HAL_Driver/Src/stm32f1xx_hal_flash_ex.o
LOAD Drivers/STM32F1xx_HAL_Driver/Src/stm32f1xx_hal_gpio.o
LOAD Drivers/STM32F1xx_HAL_Driver/Src/stm32f1xx_hal_gpio_ex.o
LOAD Drivers/STM32F1xx_HAL_Driver/Src/stm32f1xx_hal_pwr.o
LOAD Drivers/STM32F1xx_HAL_Driver/Src/stm32f1xx_hal_rcc.o
LOAD Drivers/STM32F1xx_HAL_Driver/Src/stm32f1xx_hal_rcc_ex.o
LOAD Drivers/STM32F1xx_HAL_Driver/Src/stm32f1xx_hal_spi.o
LOAD Drivers/STM32F1xx_HAL_Driver/Src/stm32f1xx_hal_tim.o
LOAD Drivers/STM32F1xx_HAL_Driver/Src/stm32f1xx_hal_tim_ex.o
LOAD Middlewares/Third_Party/FreeRTOS/Source/CMSIS_RTOS_V2/cmsis_os2.o
LOAD Middlewares/Third_Party/FreeRTOS/Source/croutine.o
LOAD Middlewares/Third_Party/FreeRTOS/Source/event_groups.o
LOAD Middlewares/Third_Party/FreeRTOS/Source/list.o
LOAD Middlewares/Third_Party/FreeRTOS/Source/queue.o
LOAD Middlewares/Third_Party/FreeRTOS/Source/stream_buffer.o
LOAD Middlewares/Third_Party/FreeRTOS/Source/tasks.o
LOAD Middlewares/Third_Party/FreeRTOS/Source/timers.o
LOAD Middlewares/Third_Party/FreeRTOS/Source/portable/GCC/ARM_CM3/port.o
LOAD Middlewares/Third_Party/FreeRTOS/Source/portable/MemMang/heap_4.o
START GROUP
LOAD c:/st/stm32cubeide_1.5.0/stm32cubeide/plugins/com.st.stm32cube.ide.mcu.externaltools.gnu-tools-for-stm32.9-2020-q2-update.win32_1.5.0.202011040924/tools/bin/../lib/gcc/arm-none-eabi/9.3.1/../../../../arm-none-eabi/lib/thumb/v7-m/nofp\libc_nano.a
LOAD c:/st/stm32cubeide_1.5.0/stm32cubeide/plugins/com.st.stm32cube.ide.mcu.externaltools.gnu-tools-for-stm32.9-2020-q2-update.win32_1.5.0.202011040924/tools/bin/../lib/gcc/arm-none-eabi/9.3.1/../../../../arm-none-eabi/lib/thumb/v7-m/nofp\libm.a
END GROUP
START GROUP
LOAD c:/st/stm32cubeide_1.5.0/stm32cubeide/plugins/com.st.stm32cube.ide.mcu.externaltools.gnu-tools-for-stm32.9-2020-q2-update.win32_1.5.0.202011040924/tools/bin/../lib/gcc/arm-none-eabi/9.3.1/thumb/v7-m/nofp\libgcc.a
LOAD c:/st/stm32cubeide_1.5.0/stm32cubeide/plugins/com.st.stm32cube.ide.mcu.externaltools.gnu-tools-for-stm32.9-2020-q2-update.win32_1.5.0.202011040924/tools/bin/../lib/gcc/arm-none-eabi/9.3.1/../../../../arm-none-eabi/lib/thumb/v7-m/nofp\libc_nano.a
END GROUP
START GROUP
LOAD c:/st/stm32cubeide_1.5.0/stm32cubeide/plugins/com.st.stm32cube.ide.mcu.externaltools.gnu-tools-for-stm32.9-2020-q2-update.win32_1.5.0.202011040924/tools/bin/../lib/gcc/arm-none-eabi/9.3.1/thumb/v7-m/nofp\libgcc.a
LOAD c:/st/stm32cubeide_1.5.0/stm32cubeide/plugins/com.st.stm32cube.ide.mcu.externaltools.gnu-tools-for-stm32.9-2020-q2-update.win32_1.5.0.202011040924/tools/bin/../lib/gcc/arm-none-eabi/9.3.1/../../../../arm-none-eabi/lib/thumb/v7-m/nofp\libc_nano.a
LOAD c:/st/stm32cubeide_1.5.0/stm32cubeide/plugins/com.st.stm32cube.ide.mcu.externaltools.gnu-tools-for-stm32.9-2020-q2-update.win32_1.5.0.202011040924/tools/bin/../lib/gcc/arm-none-eabi/9.3.1/../../../../arm-none-eabi/lib/thumb/v7-m/nofp\libnosys.a
END GROUP
START GROUP
LOAD c:/st/stm32cubeide_1.5.0/stm32cubeide/plugins/com.st.stm32cube.ide.mcu.externaltools.gnu-tools-for-stm32.9-2020-q2-update.win32_1.5.0.202011040924/tools/bin/../lib/gcc/arm-none-eabi/9.3.1/thumb/v7-m/nofp\libgcc.a
LOAD c:/st/stm32cubeide_1.5.0/stm32cubeide/plugins/com.st.stm32cube.ide.mcu.externaltools.gnu-tools-for-stm32.9-2020-q2-update.win32_1.5.0.202011040924/tools/bin/../lib/gcc/arm-none-eabi/9.3.1/../../../../arm-none-eabi/lib/thumb/v7-m/nofp\libc_nano.a
LOAD c:/st/stm32cubeide_1.5.0/stm32cubeide/plugins/com.st.stm32cube.ide.mcu.externaltools.gnu-tools-for-stm32.9-2020-q2-update.win32_1.5.0.202011040924/tools/bin/../lib/gcc/arm-none-eabi/9.3.1/../../../../arm-none-eabi/lib/thumb/v7-m/nofp\libnosys.a
END GROUP
LOAD c:/st/stm32cubeide_1.5.0/stm32cubeide/plugins/com.st.stm32cube.ide.mcu.externaltools.gnu-tools-for-stm32.9-2020-q2-update.win32_1.5.0.202011040924/tools/bin/../lib/gcc/arm-none-eabi/9.3.1/thumb/v7-m/nofp/crtend.o
LOAD c:/st/stm32cubeide_1.5.0/stm32cubeide/plugins/com.st.stm32cube.ide.mcu.externaltools.gnu-tools-for-stm32.9-2020-q2-update.win32_1.5.0.202011040924/tools/bin/../lib/gcc/arm-none-eabi/9.3.1/thumb/v7-m/nofp/crtn.o
                0x000000002000c000                _estack = (ORIGIN (RAM) + LENGTH (RAM))
                0x0000000000000400                _Min_Heap_Size = 0x400
                0x0000000000000800                _Min_Stack_Size = 0x800

.isr_vector     0x0000000008000000      0x1e4
                0x0000000008000000                . = ALIGN (0x4)
 *(.isr_vector)
 .isr_vector    0x0000000008000000      0x1e4 Core/Startup/startup_stm32f103rctx.o
                0x0000000008000000                g_pfnVectors
                0x00000000080001e4                . = ALIGN (0x4)

.text           0x00000000080001f0     0x961c
                0x00000000080001f0                . = ALIGN (0x4)
 *(.text)
 .text          0x00000000080001f0       0x40 c:/st/stm32cubeide_1.5.0/stm32cubeide/plugins/com.st.stm32cube.ide.mcu.externaltools.gnu-tools-for-stm32.9-2020-q2-update.win32_1.5.0.202011040924/tools/bin/../lib/gcc/arm-none-eabi/9.3.1/thumb/v7-m/nofp/crtbegin.o
 .text          0x0000000008000230      0x378 c:/st/stm32cubeide_1.5.0/stm32cubeide/plugins/com.st.stm32cube.ide.mcu.externaltools.gnu-tools-for-stm32.9-2020-q2-update.win32_1.5.0.202011040924/tools/bin/../lib/gcc/arm-none-eabi/9.3.1/thumb/v7-m/nofp\libgcc.a(_arm_addsubdf3.o)
                0x0000000008000230                __aeabi_drsub
                0x0000000008000238                __aeabi_dsub
                0x0000000008000238                __subdf3
                0x000000000800023c                __aeabi_dadd
                0x000000000800023c                __adddf3
                0x00000000080004b4                __floatunsidf
                0x00000000080004b4                __aeabi_ui2d
                0x00000000080004d4                __floatsidf
                0x00000000080004d4                __aeabi_i2d
                0x00000000080004f8                __aeabi_f2d
                0x00000000080004f8                __extendsfdf2
                0x000000000800053c                __floatundidf
                0x000000000800053c                __aeabi_ul2d
                0x000000000800054c                __floatdidf
                0x000000000800054c                __aeabi_l2d
 .text          0x00000000080005a8      0x424 c:/st/stm32cubeide_1.5.0/stm32cubeide/plugins/com.st.stm32cube.ide.mcu.externaltools.gnu-tools-for-stm32.9-2020-q2-update.win32_1.5.0.202011040924/tools/bin/../lib/gcc/arm-none-eabi/9.3.1/thumb/v7-m/nofp\libgcc.a(_arm_muldivdf3.o)
                0x00000000080005a8                __aeabi_dmul
                0x00000000080005a8                __muldf3
                0x00000000080007fc                __divdf3
                0x00000000080007fc                __aeabi_ddiv
 .text          0x00000000080009cc       0x40 c:/st/stm32cubeide_1.5.0/stm32cubeide/plugins/com.st.stm32cube.ide.mcu.externaltools.gnu-tools-for-stm32.9-2020-q2-update.win32_1.5.0.202011040924/tools/bin/../lib/gcc/arm-none-eabi/9.3.1/thumb/v7-m/nofp\libgcc.a(_arm_fixunsdfsi.o)
                0x00000000080009cc                __aeabi_d2uiz
                0x00000000080009cc                __fixunsdfsi
 *(.text*)
 .text.MicrostepDriver_Ini
                0x0000000008000a0c       0x30 Core/Src/MicrostepDriver.o
                0x0000000008000a0c                MicrostepDriver_Ini
 .text.MicrostepDriver_Run
                0x0000000008000a3c       0x80 Core/Src/MicrostepDriver.o
                0x0000000008000a3c                MicrostepDriver_Run
 .text.IndicatorPanel_Ini
                0x0000000008000abc       0x34 Core/Src/PCB_WELDER.o
                0x0000000008000abc                IndicatorPanel_Ini
 .text.IndicatorPanel_SetValue
                0x0000000008000af0      0x1a0 Core/Src/PCB_WELDER.o
                0x0000000008000af0                IndicatorPanel_SetValue
 .text.IndicatorPanel_SetBrightness
                0x0000000008000c90       0x64 Core/Src/PCB_WELDER.o
                0x0000000008000c90                IndicatorPanel_SetBrightness
 .text.separate
                0x0000000008000cf4       0x88 Core/Src/PCB_WELDER.o
                0x0000000008000cf4                separate
 .text.IndicatorPanel_offset_4dig
                0x0000000008000d7c       0xa4 Core/Src/PCB_WELDER.o
                0x0000000008000d7c                IndicatorPanel_offset_4dig
 .text.IndicatorPanel_offset_3dig
                0x0000000008000e20       0x66 Core/Src/PCB_WELDER.o
                0x0000000008000e20                IndicatorPanel_offset_3dig
 *fill*         0x0000000008000e86        0x2 
 .text.Carriage_Move
                0x0000000008000e88       0x90 Core/Src/PCB_WELDER.o
                0x0000000008000e88                Carriage_Move
 .text.PCB_KeyScan
                0x0000000008000f18       0x2c Core/Src/PCB_WELDER.o
                0x0000000008000f18                PCB_KeyScan
 .text.PCB_InputsScan
                0x0000000008000f44       0xa8 Core/Src/PCB_WELDER.o
                0x0000000008000f44                PCB_InputsScan
 .text.PCB_OutputControl
                0x0000000008000fec       0xc0 Core/Src/PCB_WELDER.o
                0x0000000008000fec                PCB_OutputControl
 .text.HAL_GPIO_EXTI_Callback
                0x00000000080010ac       0xb4 Core/Src/PCB_WELDER.o
                0x00000000080010ac                HAL_GPIO_EXTI_Callback
 .text.SaveProgramToFlash2
                0x0000000008001160      0x108 Core/Src/PCB_WELDER.o
                0x0000000008001160                SaveProgramToFlash2
 .text.ReadProgramFromFlash2
                0x0000000008001268      0x13c Core/Src/PCB_WELDER.o
                0x0000000008001268                ReadProgramFromFlash2
 .text.STLED316S_Ini
                0x00000000080013a4       0x68 Core/Src/STLED316S.o
                0x00000000080013a4                STLED316S_Ini
 .text.STLED316S_OutData
                0x000000000800140c       0xbc Core/Src/STLED316S.o
                0x000000000800140c                STLED316S_OutData
 .text.STLED316S_Single_Out
                0x00000000080014c8       0xc4 Core/Src/STLED316S.o
                0x00000000080014c8                STLED316S_Single_Out
 .text.STLED316S_Direct_Single_Out
                0x000000000800158c       0xa0 Core/Src/STLED316S.o
                0x000000000800158c                STLED316S_Direct_Single_Out
 .text.STLED316S_SetBrightness
                0x000000000800162c       0xb4 Core/Src/STLED316S.o
                0x000000000800162c                STLED316S_SetBrightness
 .text.STLED316S_ReciveData
                0x00000000080016e0       0xc0 Core/Src/STLED316S.o
                0x00000000080016e0                STLED316S_ReciveData
 .text.DelayMicro
                0x00000000080017a0       0x3c Core/Src/STLED316S.o
                0x00000000080017a0                DelayMicro
 .text.STM32_WriteToFlash3
                0x00000000080017dc       0x74 Core/Src/STM32_flash.o
                0x00000000080017dc                STM32_WriteToFlash3
 .text.freeRTOS_Tasks_Ini
                0x0000000008001850      0x18c Core/Src/WELDER_tasks.o
                0x0000000008001850                freeRTOS_Tasks_Ini
 .text.vKey_Action
                0x00000000080019dc      0xbbc Core/Src/WELDER_tasks.o
                0x00000000080019dc                vKey_Action
 .text.vWelder_Run
                0x0000000008002598      0x204 Core/Src/WELDER_tasks.o
                0x0000000008002598                vWelder_Run
 .text.vCarriage_Calibration
                0x000000000800279c      0x178 Core/Src/WELDER_tasks.o
                0x000000000800279c                vCarriage_Calibration
 .text.vCarriage_GoTo
                0x0000000008002914      0x1d0 Core/Src/WELDER_tasks.o
                0x0000000008002914                vCarriage_GoTo
 .text.vKeyScan
                0x0000000008002ae4      0xa2c Core/Src/WELDER_tasks.o
                0x0000000008002ae4                vKeyScan
 .text.vIndicatorPanel_Out
                0x0000000008003510       0xc4 Core/Src/WELDER_tasks.o
                0x0000000008003510                vIndicatorPanel_Out
 .text.vBuzzer_beep
                0x00000000080035d4      0x1e0 Core/Src/WELDER_tasks.o
                0x00000000080035d4                vBuzzer_beep
 .text.main     0x00000000080037b4       0x40 Core/Src/main.o
                0x00000000080037b4                main
 .text.SystemClock_Config
                0x00000000080037f4       0x8a Core/Src/main.o
                0x00000000080037f4                SystemClock_Config
 *fill*         0x000000000800387e        0x2 
 .text.MX_SPI1_Init
                0x0000000008003880       0x70 Core/Src/main.o
 .text.MX_TIM3_Init
                0x00000000080038f0       0xec Core/Src/main.o
 .text.MX_GPIO_Init
                0x00000000080039dc      0x1f8 Core/Src/main.o
 .text.StartDefaultTask
                0x0000000008003bd4       0x12 Core/Src/main.o
                0x0000000008003bd4                StartDefaultTask
 .text.Error_Handler
                0x0000000008003be6        0xa Core/Src/main.o
                0x0000000008003be6                Error_Handler
 .text.HAL_MspInit
                0x0000000008003bf0       0x70 Core/Src/stm32f1xx_hal_msp.o
                0x0000000008003bf0                HAL_MspInit
 .text.HAL_SPI_MspInit
                0x0000000008003c60       0x8c Core/Src/stm32f1xx_hal_msp.o
                0x0000000008003c60                HAL_SPI_MspInit
 .text.HAL_TIM_Base_MspInit
                0x0000000008003cec       0x4c Core/Src/stm32f1xx_hal_msp.o
                0x0000000008003cec                HAL_TIM_Base_MspInit
 .text.HAL_TIM_MspPostInit
                0x0000000008003d38       0x8c Core/Src/stm32f1xx_hal_msp.o
                0x0000000008003d38                HAL_TIM_MspPostInit
 .text.NMI_Handler
                0x0000000008003dc4        0x6 Core/Src/stm32f1xx_it.o
                0x0000000008003dc4                NMI_Handler
 .text.HardFault_Handler
                0x0000000008003dca        0x6 Core/Src/stm32f1xx_it.o
                0x0000000008003dca                HardFault_Handler
 .text.MemManage_Handler
                0x0000000008003dd0        0x6 Core/Src/stm32f1xx_it.o
                0x0000000008003dd0                MemManage_Handler
 .text.BusFault_Handler
                0x0000000008003dd6        0x6 Core/Src/stm32f1xx_it.o
                0x0000000008003dd6                BusFault_Handler
 .text.UsageFault_Handler
                0x0000000008003ddc        0x6 Core/Src/stm32f1xx_it.o
                0x0000000008003ddc                UsageFault_Handler
 .text.DebugMon_Handler
                0x0000000008003de2        0xc Core/Src/stm32f1xx_it.o
                0x0000000008003de2                DebugMon_Handler
 .text.SysTick_Handler
                0x0000000008003dee       0x1a Core/Src/stm32f1xx_it.o
                0x0000000008003dee                SysTick_Handler
 .text.EXTI2_IRQHandler
                0x0000000008003e08        0xe Core/Src/stm32f1xx_it.o
                0x0000000008003e08                EXTI2_IRQHandler
 .text.EXTI9_5_IRQHandler
                0x0000000008003e16       0x10 Core/Src/stm32f1xx_it.o
                0x0000000008003e16                EXTI9_5_IRQHandler
 *fill*         0x0000000008003e26        0x2 
 .text.TIM3_IRQHandler
                0x0000000008003e28       0x14 Core/Src/stm32f1xx_it.o
                0x0000000008003e28                TIM3_IRQHandler
 .text.SPI1_IRQHandler
                0x0000000008003e3c       0x14 Core/Src/stm32f1xx_it.o
                0x0000000008003e3c                SPI1_IRQHandler
 .text.EXTI15_10_IRQHandler
                0x0000000008003e50       0x18 Core/Src/stm32f1xx_it.o
                0x0000000008003e50                EXTI15_10_IRQHandler
 .text.SystemInit
                0x0000000008003e68        0xc Core/Src/system_stm32f1xx.o
                0x0000000008003e68                SystemInit
 .text.Reset_Handler
                0x0000000008003e74       0x48 Core/Startup/startup_stm32f103rctx.o
                0x0000000008003e74                Reset_Handler
 .text.Default_Handler
                0x0000000008003ebc        0x2 Core/Startup/startup_stm32f103rctx.o
                0x0000000008003ebc                RTC_Alarm_IRQHandler
                0x0000000008003ebc                TIM8_TRG_COM_IRQHandler
                0x0000000008003ebc                TIM8_CC_IRQHandler
                0x0000000008003ebc                TIM1_CC_IRQHandler
                0x0000000008003ebc                TIM6_IRQHandler
                0x0000000008003ebc                PVD_IRQHandler
                0x0000000008003ebc                SDIO_IRQHandler
                0x0000000008003ebc                EXTI3_IRQHandler
                0x0000000008003ebc                EXTI0_IRQHandler
                0x0000000008003ebc                I2C2_EV_IRQHandler
                0x0000000008003ebc                ADC1_2_IRQHandler
                0x0000000008003ebc                TAMPER_IRQHandler
                0x0000000008003ebc                TIM8_UP_IRQHandler
                0x0000000008003ebc                DMA2_Channel2_IRQHandler
                0x0000000008003ebc                DMA1_Channel4_IRQHandler
                0x0000000008003ebc                USART3_IRQHandler
                0x0000000008003ebc                RTC_IRQHandler
                0x0000000008003ebc                DMA1_Channel7_IRQHandler
                0x0000000008003ebc                CAN1_RX1_IRQHandler
                0x0000000008003ebc                UART5_IRQHandler
                0x0000000008003ebc                ADC3_IRQHandler
                0x0000000008003ebc                TIM4_IRQHandler
                0x0000000008003ebc                DMA2_Channel1_IRQHandler
                0x0000000008003ebc                I2C1_EV_IRQHandler
                0x0000000008003ebc                DMA1_Channel6_IRQHandler
                0x0000000008003ebc                UART4_IRQHandler
                0x0000000008003ebc                RCC_IRQHandler
                0x0000000008003ebc                TIM1_TRG_COM_IRQHandler
                0x0000000008003ebc                DMA1_Channel1_IRQHandler
                0x0000000008003ebc                Default_Handler
                0x0000000008003ebc                TIM7_IRQHandler
                0x0000000008003ebc                TIM5_IRQHandler
                0x0000000008003ebc                SPI2_IRQHandler
                0x0000000008003ebc                DMA1_Channel5_IRQHandler
                0x0000000008003ebc                EXTI4_IRQHandler
                0x0000000008003ebc                USB_LP_CAN1_RX0_IRQHandler
                0x0000000008003ebc                USB_HP_CAN1_TX_IRQHandler
                0x0000000008003ebc                DMA1_Channel3_IRQHandler
                0x0000000008003ebc                FSMC_IRQHandler
                0x0000000008003ebc                TIM1_UP_IRQHandler
                0x0000000008003ebc                WWDG_IRQHandler
                0x0000000008003ebc                TIM2_IRQHandler
                0x0000000008003ebc                TIM1_BRK_IRQHandler
                0x0000000008003ebc                EXTI1_IRQHandler
                0x0000000008003ebc                DMA2_Channel4_5_IRQHandler
                0x0000000008003ebc                USART2_IRQHandler
                0x0000000008003ebc                I2C2_ER_IRQHandler
                0x0000000008003ebc                DMA1_Channel2_IRQHandler
                0x0000000008003ebc                TIM8_BRK_IRQHandler
                0x0000000008003ebc                CAN1_SCE_IRQHandler
                0x0000000008003ebc                FLASH_IRQHandler
                0x0000000008003ebc                USART1_IRQHandler
                0x0000000008003ebc                SPI3_IRQHandler
                0x0000000008003ebc                I2C1_ER_IRQHandler
                0x0000000008003ebc                USBWakeUp_IRQHandler
                0x0000000008003ebc                DMA2_Channel3_IRQHandler
 *fill*         0x0000000008003ebe        0x2 
 .text.HAL_Init
                0x0000000008003ec0       0x2c Drivers/STM32F1xx_HAL_Driver/Src/stm32f1xx_hal.o
                0x0000000008003ec0                HAL_Init
 .text.HAL_InitTick
                0x0000000008003eec       0x60 Drivers/STM32F1xx_HAL_Driver/Src/stm32f1xx_hal.o
                0x0000000008003eec                HAL_InitTick
 .text.HAL_IncTick
                0x0000000008003f4c       0x24 Drivers/STM32F1xx_HAL_Driver/Src/stm32f1xx_hal.o
                0x0000000008003f4c                HAL_IncTick
 .text.HAL_GetTick
                0x0000000008003f70       0x14 Drivers/STM32F1xx_HAL_Driver/Src/stm32f1xx_hal.o
                0x0000000008003f70                HAL_GetTick
 .text.__NVIC_SetPriorityGrouping
                0x0000000008003f84       0x48 Drivers/STM32F1xx_HAL_Driver/Src/stm32f1xx_hal_cortex.o
 .text.__NVIC_GetPriorityGrouping
                0x0000000008003fcc       0x1c Drivers/STM32F1xx_HAL_Driver/Src/stm32f1xx_hal_cortex.o
 .text.__NVIC_EnableIRQ
                0x0000000008003fe8       0x38 Drivers/STM32F1xx_HAL_Driver/Src/stm32f1xx_hal_cortex.o
 .text.__NVIC_SetPriority
                0x0000000008004020       0x54 Drivers/STM32F1xx_HAL_Driver/Src/stm32f1xx_hal_cortex.o
 .text.NVIC_EncodePriority
                0x0000000008004074       0x64 Drivers/STM32F1xx_HAL_Driver/Src/stm32f1xx_hal_cortex.o
 .text.SysTick_Config
                0x00000000080040d8       0x44 Drivers/STM32F1xx_HAL_Driver/Src/stm32f1xx_hal_cortex.o
 .text.HAL_NVIC_SetPriorityGrouping
                0x000000000800411c       0x16 Drivers/STM32F1xx_HAL_Driver/Src/stm32f1xx_hal_cortex.o
                0x000000000800411c                HAL_NVIC_SetPriorityGrouping
 .text.HAL_NVIC_SetPriority
                0x0000000008004132       0x38 Drivers/STM32F1xx_HAL_Driver/Src/stm32f1xx_hal_cortex.o
                0x0000000008004132                HAL_NVIC_SetPriority
 .text.HAL_NVIC_EnableIRQ
                0x000000000800416a       0x1c Drivers/STM32F1xx_HAL_Driver/Src/stm32f1xx_hal_cortex.o
                0x000000000800416a                HAL_NVIC_EnableIRQ
 .text.HAL_SYSTICK_Config
                0x0000000008004186       0x18 Drivers/STM32F1xx_HAL_Driver/Src/stm32f1xx_hal_cortex.o
                0x0000000008004186                HAL_SYSTICK_Config
 *fill*         0x000000000800419e        0x2 
 .text.HAL_DMA_Abort_IT
                0x00000000080041a0      0x210 Drivers/STM32F1xx_HAL_Driver/Src/stm32f1xx_hal_dma.o
                0x00000000080041a0                HAL_DMA_Abort_IT
 .text.HAL_FLASH_Program
                0x00000000080043b0       0xe0 Drivers/STM32F1xx_HAL_Driver/Src/stm32f1xx_hal_flash.o
                0x00000000080043b0                HAL_FLASH_Program
 .text.HAL_FLASH_Unlock
                0x0000000008004490       0x4c Drivers/STM32F1xx_HAL_Driver/Src/stm32f1xx_hal_flash.o
                0x0000000008004490                HAL_FLASH_Unlock
 .text.HAL_FLASH_Lock
                0x00000000080044dc       0x20 Drivers/STM32F1xx_HAL_Driver/Src/stm32f1xx_hal_flash.o
                0x00000000080044dc                HAL_FLASH_Lock
 .text.FLASH_Program_HalfWord
                0x00000000080044fc       0x38 Drivers/STM32F1xx_HAL_Driver/Src/stm32f1xx_hal_flash.o
 .text.FLASH_WaitForLastOperation
                0x0000000008004534       0x8c Drivers/STM32F1xx_HAL_Driver/Src/stm32f1xx_hal_flash.o
                0x0000000008004534                FLASH_WaitForLastOperation
 .text.FLASH_SetErrorCode
                0x00000000080045c0       0xa0 Drivers/STM32F1xx_HAL_Driver/Src/stm32f1xx_hal_flash.o
 .text.HAL_FLASHEx_Erase
                0x0000000008004660       0xd8 Drivers/STM32F1xx_HAL_Driver/Src/stm32f1xx_hal_flash_ex.o
                0x0000000008004660                HAL_FLASHEx_Erase
 .text.FLASH_MassErase
                0x0000000008004738       0x38 Drivers/STM32F1xx_HAL_Driver/Src/stm32f1xx_hal_flash_ex.o
 .text.FLASH_PageErase
                0x0000000008004770       0x40 Drivers/STM32F1xx_HAL_Driver/Src/stm32f1xx_hal_flash_ex.o
                0x0000000008004770                FLASH_PageErase
 .text.HAL_GPIO_Init
                0x00000000080047b0      0x328 Drivers/STM32F1xx_HAL_Driver/Src/stm32f1xx_hal_gpio.o
                0x00000000080047b0                HAL_GPIO_Init
 .text.HAL_GPIO_ReadPin
                0x0000000008004ad8       0x2e Drivers/STM32F1xx_HAL_Driver/Src/stm32f1xx_hal_gpio.o
                0x0000000008004ad8                HAL_GPIO_ReadPin
 .text.HAL_GPIO_WritePin
                0x0000000008004b06       0x30 Drivers/STM32F1xx_HAL_Driver/Src/stm32f1xx_hal_gpio.o
                0x0000000008004b06                HAL_GPIO_WritePin
 *fill*         0x0000000008004b36        0x2 
 .text.HAL_GPIO_EXTI_IRQHandler
                0x0000000008004b38       0x30 Drivers/STM32F1xx_HAL_Driver/Src/stm32f1xx_hal_gpio.o
                0x0000000008004b38                HAL_GPIO_EXTI_IRQHandler
 .text.HAL_RCC_OscConfig
                0x0000000008004b68      0x500 Drivers/STM32F1xx_HAL_Driver/Src/stm32f1xx_hal_rcc.o
                0x0000000008004b68                HAL_RCC_OscConfig
 .text.HAL_RCC_ClockConfig
                0x0000000008005068      0x1d4 Drivers/STM32F1xx_HAL_Driver/Src/stm32f1xx_hal_rcc.o
                0x0000000008005068                HAL_RCC_ClockConfig
 .text.HAL_RCC_GetSysClockFreq
                0x000000000800523c       0xc0 Drivers/STM32F1xx_HAL_Driver/Src/stm32f1xx_hal_rcc.o
                0x000000000800523c                HAL_RCC_GetSysClockFreq
 .text.RCC_Delay
                0x00000000080052fc       0x3c Drivers/STM32F1xx_HAL_Driver/Src/stm32f1xx_hal_rcc.o
 .text.HAL_SPI_Init
                0x0000000008005338      0x108 Drivers/STM32F1xx_HAL_Driver/Src/stm32f1xx_hal_spi.o
                0x0000000008005338                HAL_SPI_Init
 .text.HAL_SPI_Transmit
                0x0000000008005440      0x278 Drivers/STM32F1xx_HAL_Driver/Src/stm32f1xx_hal_spi.o
                0x0000000008005440                HAL_SPI_Transmit
 .text.HAL_SPI_Receive
                0x00000000080056b8      0x222 Drivers/STM32F1xx_HAL_Driver/Src/stm32f1xx_hal_spi.o
                0x00000000080056b8                HAL_SPI_Receive
 .text.HAL_SPI_TransmitReceive
                0x00000000080058da      0x344 Drivers/STM32F1xx_HAL_Driver/Src/stm32f1xx_hal_spi.o
                0x00000000080058da                HAL_SPI_TransmitReceive
 *fill*         0x0000000008005c1e        0x2 
 .text.HAL_SPI_IRQHandler
                0x0000000008005c20      0x1cc Drivers/STM32F1xx_HAL_Driver/Src/stm32f1xx_hal_spi.o
                0x0000000008005c20                HAL_SPI_IRQHandler
 .text.HAL_SPI_ErrorCallback
                0x0000000008005dec       0x12 Drivers/STM32F1xx_HAL_Driver/Src/stm32f1xx_hal_spi.o
                0x0000000008005dec                HAL_SPI_ErrorCallback
 .text.SPI_DMAAbortOnError
                0x0000000008005dfe       0x28 Drivers/STM32F1xx_HAL_Driver/Src/stm32f1xx_hal_spi.o
 *fill*         0x0000000008005e26        0x2 
 .text.SPI_WaitFlagStateUntilTimeout
                0x0000000008005e28      0x110 Drivers/STM32F1xx_HAL_Driver/Src/stm32f1xx_hal_spi.o
 .text.SPI_EndRxTransaction
                0x0000000008005f38       0xa4 Drivers/STM32F1xx_HAL_Driver/Src/stm32f1xx_hal_spi.o
 .text.SPI_EndRxTxTransaction
                0x0000000008005fdc       0x3c Drivers/STM32F1xx_HAL_Driver/Src/stm32f1xx_hal_spi.o
 .text.HAL_TIM_Base_Init
                0x0000000008006018       0x9e Drivers/STM32F1xx_HAL_Driver/Src/stm32f1xx_hal_tim.o
                0x0000000008006018                HAL_TIM_Base_Init
 .text.HAL_TIM_PWM_Init
                0x00000000080060b6       0x9e Drivers/STM32F1xx_HAL_Driver/Src/stm32f1xx_hal_tim.o
                0x00000000080060b6                HAL_TIM_PWM_Init
 .text.HAL_TIM_PWM_MspInit
                0x0000000008006154       0x12 Drivers/STM32F1xx_HAL_Driver/Src/stm32f1xx_hal_tim.o
                0x0000000008006154                HAL_TIM_PWM_MspInit
 *fill*         0x0000000008006166        0x2 
 .text.HAL_TIM_PWM_Start
                0x0000000008006168      0x174 Drivers/STM32F1xx_HAL_Driver/Src/stm32f1xx_hal_tim.o
                0x0000000008006168                HAL_TIM_PWM_Start
 .text.HAL_TIM_PWM_Stop
                0x00000000080062dc       0xe0 Drivers/STM32F1xx_HAL_Driver/Src/stm32f1xx_hal_tim.o
                0x00000000080062dc                HAL_TIM_PWM_Stop
 .text.HAL_TIM_IRQHandler
                0x00000000080063bc      0x210 Drivers/STM32F1xx_HAL_Driver/Src/stm32f1xx_hal_tim.o
                0x00000000080063bc                HAL_TIM_IRQHandler
 .text.HAL_TIM_PWM_ConfigChannel
                0x00000000080065cc      0x17c Drivers/STM32F1xx_HAL_Driver/Src/stm32f1xx_hal_tim.o
                0x00000000080065cc                HAL_TIM_PWM_ConfigChannel
 .text.HAL_TIM_ConfigClockSource
                0x0000000008006748      0x188 Drivers/STM32F1xx_HAL_Driver/Src/stm32f1xx_hal_tim.o
                0x0000000008006748                HAL_TIM_ConfigClockSource
 .text.HAL_TIM_PeriodElapsedCallback
                0x00000000080068d0       0x12 Drivers/STM32F1xx_HAL_Driver/Src/stm32f1xx_hal_tim.o
                0x00000000080068d0                HAL_TIM_PeriodElapsedCallback
 .text.HAL_TIM_OC_DelayElapsedCallback
                0x00000000080068e2       0x12 Drivers/STM32F1xx_HAL_Driver/Src/stm32f1xx_hal_tim.o
                0x00000000080068e2                HAL_TIM_OC_DelayElapsedCallback
 .text.HAL_TIM_IC_CaptureCallback
                0x00000000080068f4       0x12 Drivers/STM32F1xx_HAL_Driver/Src/stm32f1xx_hal_tim.o
                0x00000000080068f4                HAL_TIM_IC_CaptureCallback
 .text.HAL_TIM_PWM_PulseFinishedCallback
                0x0000000008006906       0x12 Drivers/STM32F1xx_HAL_Driver/Src/stm32f1xx_hal_tim.o
                0x0000000008006906                HAL_TIM_PWM_PulseFinishedCallback
 .text.HAL_TIM_TriggerCallback
                0x0000000008006918       0x12 Drivers/STM32F1xx_HAL_Driver/Src/stm32f1xx_hal_tim.o
                0x0000000008006918                HAL_TIM_TriggerCallback
 *fill*         0x000000000800692a        0x2 
 .text.TIM_Base_SetConfig
                0x000000000800692c       0xf4 Drivers/STM32F1xx_HAL_Driver/Src/stm32f1xx_hal_tim.o
                0x000000000800692c                TIM_Base_SetConfig
 .text.TIM_OC1_SetConfig
                0x0000000008006a20       0xe0 Drivers/STM32F1xx_HAL_Driver/Src/stm32f1xx_hal_tim.o
 .text.TIM_OC2_SetConfig
                0x0000000008006b00       0xe8 Drivers/STM32F1xx_HAL_Driver/Src/stm32f1xx_hal_tim.o
                0x0000000008006b00                TIM_OC2_SetConfig
 .text.TIM_OC3_SetConfig
                0x0000000008006be8       0xe8 Drivers/STM32F1xx_HAL_Driver/Src/stm32f1xx_hal_tim.o
 .text.TIM_OC4_SetConfig
                0x0000000008006cd0       0xa8 Drivers/STM32F1xx_HAL_Driver/Src/stm32f1xx_hal_tim.o
 .text.TIM_TI1_ConfigInputStage
                0x0000000008006d78       0x5c Drivers/STM32F1xx_HAL_Driver/Src/stm32f1xx_hal_tim.o
 .text.TIM_TI2_ConfigInputStage
                0x0000000008006dd4       0x5e Drivers/STM32F1xx_HAL_Driver/Src/stm32f1xx_hal_tim.o
 .text.TIM_ITRx_SetConfig
                0x0000000008006e32       0x34 Drivers/STM32F1xx_HAL_Driver/Src/stm32f1xx_hal_tim.o
 .text.TIM_ETR_SetConfig
                0x0000000008006e66       0x3e Drivers/STM32F1xx_HAL_Driver/Src/stm32f1xx_hal_tim.o
                0x0000000008006e66                TIM_ETR_SetConfig
 .text.TIM_CCxChannelCmd
                0x0000000008006ea4       0x48 Drivers/STM32F1xx_HAL_Driver/Src/stm32f1xx_hal_tim.o
                0x0000000008006ea4                TIM_CCxChannelCmd
 .text.HAL_TIMEx_MasterConfigSynchronization
                0x0000000008006eec       0xd8 Drivers/STM32F1xx_HAL_Driver/Src/stm32f1xx_hal_tim_ex.o
                0x0000000008006eec                HAL_TIMEx_MasterConfigSynchronization
 .text.HAL_TIMEx_CommutCallback
                0x0000000008006fc4       0x12 Drivers/STM32F1xx_HAL_Driver/Src/stm32f1xx_hal_tim_ex.o
                0x0000000008006fc4                HAL_TIMEx_CommutCallback
 .text.HAL_TIMEx_BreakCallback
                0x0000000008006fd6       0x12 Drivers/STM32F1xx_HAL_Driver/Src/stm32f1xx_hal_tim_ex.o
                0x0000000008006fd6                HAL_TIMEx_BreakCallback
 .text.osKernelInitialize
                0x0000000008006fe8       0x64 Middlewares/Third_Party/FreeRTOS/Source/CMSIS_RTOS_V2/cmsis_os2.o
                0x0000000008006fe8                osKernelInitialize
 .text.osThreadNew
                0x000000000800704c      0x154 Middlewares/Third_Party/FreeRTOS/Source/CMSIS_RTOS_V2/cmsis_os2.o
                0x000000000800704c                osThreadNew
 .text.vApplicationGetIdleTaskMemory
                0x00000000080071a0       0x30 Middlewares/Third_Party/FreeRTOS/Source/CMSIS_RTOS_V2/cmsis_os2.o
                0x00000000080071a0                vApplicationGetIdleTaskMemory
 .text.vApplicationGetTimerTaskMemory
                0x00000000080071d0       0x34 Middlewares/Third_Party/FreeRTOS/Source/CMSIS_RTOS_V2/cmsis_os2.o
                0x00000000080071d0                vApplicationGetTimerTaskMemory
 .text.vListInitialise
                0x0000000008007204       0x3e Middlewares/Third_Party/FreeRTOS/Source/list.o
                0x0000000008007204                vListInitialise
 .text.vListInitialiseItem
                0x0000000008007242       0x18 Middlewares/Third_Party/FreeRTOS/Source/list.o
                0x0000000008007242                vListInitialiseItem
 .text.vListInsertEnd
                0x000000000800725a       0x46 Middlewares/Third_Party/FreeRTOS/Source/list.o
                0x000000000800725a                vListInsertEnd
 .text.vListInsert
                0x00000000080072a0       0x70 Middlewares/Third_Party/FreeRTOS/Source/list.o
                0x00000000080072a0                vListInsert
 .text.uxListRemove
                0x0000000008007310       0x52 Middlewares/Third_Party/FreeRTOS/Source/list.o
                0x0000000008007310                uxListRemove
 *fill*         0x0000000008007362        0x2 
 .text.xQueueGenericReset
                0x0000000008007364       0xb4 Middlewares/Third_Party/FreeRTOS/Source/queue.o
                0x0000000008007364                xQueueGenericReset
 .text.xQueueGenericCreateStatic
                0x0000000008007418       0x3e Middlewares/Third_Party/FreeRTOS/Source/queue.o
                0x0000000008007418                xQueueGenericCreateStatic
 .text.xQueueGenericCreate
                0x0000000008007456       0x60 Middlewares/Third_Party/FreeRTOS/Source/queue.o
                0x0000000008007456                xQueueGenericCreate
 .text.prvInitialiseNewQueue
                0x00000000080074b6       0x46 Middlewares/Third_Party/FreeRTOS/Source/queue.o
 .text.xQueueCreateCountingSemaphore
                0x00000000080074fc       0x2c Middlewares/Third_Party/FreeRTOS/Source/queue.o
                0x00000000080074fc                xQueueCreateCountingSemaphore
 .text.xQueueGenericSend
                0x0000000008007528      0x154 Middlewares/Third_Party/FreeRTOS/Source/queue.o
                0x0000000008007528                xQueueGenericSend
 .text.xQueueGenericSendFromISR
                0x000000000800767c       0xb4 Middlewares/Third_Party/FreeRTOS/Source/queue.o
                0x000000000800767c                xQueueGenericSendFromISR
 .text.xQueueGiveFromISR
                0x0000000008007730       0xa8 Middlewares/Third_Party/FreeRTOS/Source/queue.o
                0x0000000008007730                xQueueGiveFromISR
 .text.xQueueReceive
                0x00000000080077d8      0x144 Middlewares/Third_Party/FreeRTOS/Source/queue.o
                0x00000000080077d8                xQueueReceive
 .text.xQueueSemaphoreTake
                0x000000000800791c      0x190 Middlewares/Third_Party/FreeRTOS/Source/queue.o
                0x000000000800791c                xQueueSemaphoreTake
 .text.xQueuePeek
                0x0000000008007aac      0x148 Middlewares/Third_Party/FreeRTOS/Source/queue.o
                0x0000000008007aac                xQueuePeek
 .text.prvGetDisinheritPriorityAfterTimeout
                0x0000000008007bf4       0x2e Middlewares/Third_Party/FreeRTOS/Source/queue.o
 .text.prvCopyDataToQueue
                0x0000000008007c22       0xd4 Middlewares/Third_Party/FreeRTOS/Source/queue.o
 .text.prvCopyDataFromQueue
                0x0000000008007cf6       0x4c Middlewares/Third_Party/FreeRTOS/Source/queue.o
 .text.prvUnlockQueue
                0x0000000008007d42       0xa4 Middlewares/Third_Party/FreeRTOS/Source/queue.o
 .text.prvIsQueueEmpty
                0x0000000008007de6       0x2c Middlewares/Third_Party/FreeRTOS/Source/queue.o
 .text.prvIsQueueFull
                0x0000000008007e12       0x30 Middlewares/Third_Party/FreeRTOS/Source/queue.o
 *fill*         0x0000000008007e42        0x2 
 .text.vQueueAddToRegistry
                0x0000000008007e44       0x50 Middlewares/Third_Party/FreeRTOS/Source/queue.o
                0x0000000008007e44                vQueueAddToRegistry
 .text.vQueueWaitForMessageRestricted
                0x0000000008007e94       0x68 Middlewares/Third_Party/FreeRTOS/Source/queue.o
                0x0000000008007e94                vQueueWaitForMessageRestricted
 .text.xTaskCreateStatic
                0x0000000008007efc       0x60 Middlewares/Third_Party/FreeRTOS/Source/tasks.o
                0x0000000008007efc                xTaskCreateStatic
 .text.xTaskCreate
                0x0000000008007f5c       0x8a Middlewares/Third_Party/FreeRTOS/Source/tasks.o
                0x0000000008007f5c                xTaskCreate
 .text.prvInitialiseNewTask
                0x0000000008007fe6       0xee Middlewares/Third_Party/FreeRTOS/Source/tasks.o
 .text.prvAddNewTaskToReadyList
                0x00000000080080d4       0xe0 Middlewares/Third_Party/FreeRTOS/Source/tasks.o
 .text.vTaskDelay
                0x00000000080081b4       0x48 Middlewares/Third_Party/FreeRTOS/Source/tasks.o
                0x00000000080081b4                vTaskDelay
 .text.vTaskStartScheduler
                0x00000000080081fc       0xb0 Middlewares/Third_Party/FreeRTOS/Source/tasks.o
                0x00000000080081fc                vTaskStartScheduler
 .text.vTaskSuspendAll
                0x00000000080082ac       0x1c Middlewares/Third_Party/FreeRTOS/Source/tasks.o
                0x00000000080082ac                vTaskSuspendAll
 .text.xTaskResumeAll
                0x00000000080082c8      0x11c Middlewares/Third_Party/FreeRTOS/Source/tasks.o
                0x00000000080082c8                xTaskResumeAll
 .text.xTaskGetTickCount
                0x00000000080083e4       0x1c Middlewares/Third_Party/FreeRTOS/Source/tasks.o
                0x00000000080083e4                xTaskGetTickCount
 .text.xTaskIncrementTick
                0x0000000008008400      0x15c Middlewares/Third_Party/FreeRTOS/Source/tasks.o
                0x0000000008008400                xTaskIncrementTick
 .text.vTaskSwitchContext
                0x000000000800855c       0x9c Middlewares/Third_Party/FreeRTOS/Source/tasks.o
                0x000000000800855c                vTaskSwitchContext
 .text.vTaskPlaceOnEventList
                0x00000000080085f8       0x2c Middlewares/Third_Party/FreeRTOS/Source/tasks.o
                0x00000000080085f8                vTaskPlaceOnEventList
 .text.vTaskPlaceOnEventListRestricted
                0x0000000008008624       0x3c Middlewares/Third_Party/FreeRTOS/Source/tasks.o
                0x0000000008008624                vTaskPlaceOnEventListRestricted
 .text.xTaskRemoveFromEventList
                0x0000000008008660       0xac Middlewares/Third_Party/FreeRTOS/Source/tasks.o
                0x0000000008008660                xTaskRemoveFromEventList
 .text.vTaskInternalSetTimeOutState
                0x000000000800870c       0x2c Middlewares/Third_Party/FreeRTOS/Source/tasks.o
                0x000000000800870c                vTaskInternalSetTimeOutState
 .text.xTaskCheckForTimeOut
                0x0000000008008738       0x8c Middlewares/Third_Party/FreeRTOS/Source/tasks.o
                0x0000000008008738                xTaskCheckForTimeOut
 .text.vTaskMissedYield
                0x00000000080087c4       0x18 Middlewares/Third_Party/FreeRTOS/Source/tasks.o
                0x00000000080087c4                vTaskMissedYield
 .text.prvIdleTask
                0x00000000080087dc       0x30 Middlewares/Third_Party/FreeRTOS/Source/tasks.o
 .text.prvInitialiseTaskLists
                0x000000000800880c       0x80 Middlewares/Third_Party/FreeRTOS/Source/tasks.o
 .text.prvCheckTasksWaitingTermination
                0x000000000800888c       0x5c Middlewares/Third_Party/FreeRTOS/Source/tasks.o
 .text.prvDeleteTCB
                0x00000000080088e8       0x3c Middlewares/Third_Party/FreeRTOS/Source/tasks.o
 .text.prvResetNextTaskUnblockTime
                0x0000000008008924       0x48 Middlewares/Third_Party/FreeRTOS/Source/tasks.o
 .text.xTaskGetSchedulerState
                0x000000000800896c       0x3c Middlewares/Third_Party/FreeRTOS/Source/tasks.o
                0x000000000800896c                xTaskGetSchedulerState
 .text.xTaskPriorityInherit
                0x00000000080089a8       0xdc Middlewares/Third_Party/FreeRTOS/Source/tasks.o
                0x00000000080089a8                xTaskPriorityInherit
 .text.xTaskPriorityDisinherit
                0x0000000008008a84       0x98 Middlewares/Third_Party/FreeRTOS/Source/tasks.o
                0x0000000008008a84                xTaskPriorityDisinherit
 .text.vTaskPriorityDisinheritAfterTimeout
                0x0000000008008b1c       0xcc Middlewares/Third_Party/FreeRTOS/Source/tasks.o
                0x0000000008008b1c                vTaskPriorityDisinheritAfterTimeout
 .text.pvTaskIncrementMutexHeldCount
                0x0000000008008be8       0x28 Middlewares/Third_Party/FreeRTOS/Source/tasks.o
                0x0000000008008be8                pvTaskIncrementMutexHeldCount
 .text.prvAddCurrentTaskToDelayedList
                0x0000000008008c10       0xa8 Middlewares/Third_Party/FreeRTOS/Source/tasks.o
 .text.xTimerCreateTimerTask
                0x0000000008008cb8       0x74 Middlewares/Third_Party/FreeRTOS/Source/timers.o
                0x0000000008008cb8                xTimerCreateTimerTask
 .text.xTimerGenericCommand
                0x0000000008008d2c       0x80 Middlewares/Third_Party/FreeRTOS/Source/timers.o
                0x0000000008008d2c                xTimerGenericCommand
 .text.prvProcessExpiredTimer
                0x0000000008008dac       0x64 Middlewares/Third_Party/FreeRTOS/Source/timers.o
 .text.prvTimerTask
                0x0000000008008e10       0x24 Middlewares/Third_Party/FreeRTOS/Source/timers.o
 .text.prvProcessTimerOrBlockTask
                0x0000000008008e34       0x9c Middlewares/Third_Party/FreeRTOS/Source/timers.o
 .text.prvGetNextExpireTime
                0x0000000008008ed0       0x48 Middlewares/Third_Party/FreeRTOS/Source/timers.o
 .text.prvSampleTimeNow
                0x0000000008008f18       0x40 Middlewares/Third_Party/FreeRTOS/Source/timers.o
 .text.prvInsertTimerInActiveList
                0x0000000008008f58       0x84 Middlewares/Third_Party/FreeRTOS/Source/timers.o
 .text.prvProcessReceivedCommands
                0x0000000008008fdc      0x114 Middlewares/Third_Party/FreeRTOS/Source/timers.o
 .text.prvSwitchTimerLists
                0x00000000080090f0       0xa8 Middlewares/Third_Party/FreeRTOS/Source/timers.o
 .text.prvCheckForValidListAndQueue
                0x0000000008009198       0x80 Middlewares/Third_Party/FreeRTOS/Source/timers.o
 .text.pxPortInitialiseStack
                0x0000000008009218       0x58 Middlewares/Third_Party/FreeRTOS/Source/portable/GCC/ARM_CM3/port.o
                0x0000000008009218                pxPortInitialiseStack
 .text.prvTaskExitError
                0x0000000008009270       0x32 Middlewares/Third_Party/FreeRTOS/Source/portable/GCC/ARM_CM3/port.o
 *fill*         0x00000000080092a2        0xe 
 .text.SVC_Handler
                0x00000000080092b0       0x28 Middlewares/Third_Party/FreeRTOS/Source/portable/GCC/ARM_CM3/port.o
                0x00000000080092b0                SVC_Handler
 .text.prvPortStartFirstTask
                0x00000000080092d8       0x20 Middlewares/Third_Party/FreeRTOS/Source/portable/GCC/ARM_CM3/port.o
 .text.xPortStartScheduler
                0x00000000080092f8       0x40 Middlewares/Third_Party/FreeRTOS/Source/portable/GCC/ARM_CM3/port.o
                0x00000000080092f8                xPortStartScheduler
 .text.vPortEnterCritical
                0x0000000008009338       0x34 Middlewares/Third_Party/FreeRTOS/Source/portable/GCC/ARM_CM3/port.o
                0x0000000008009338                vPortEnterCritical
 .text.vPortExitCritical
                0x000000000800936c       0x34 Middlewares/Third_Party/FreeRTOS/Source/portable/GCC/ARM_CM3/port.o
                0x000000000800936c                vPortExitCritical
 .text.PendSV_Handler
                0x00000000080093a0       0x48 Middlewares/Third_Party/FreeRTOS/Source/portable/GCC/ARM_CM3/port.o
                0x00000000080093a0                PendSV_Handler
 .text.xPortSysTickHandler
                0x00000000080093e8       0x44 Middlewares/Third_Party/FreeRTOS/Source/portable/GCC/ARM_CM3/port.o
                0x00000000080093e8                xPortSysTickHandler
 .text.vPortSetupTimerInterrupt
                0x000000000800942c       0x44 Middlewares/Third_Party/FreeRTOS/Source/portable/GCC/ARM_CM3/port.o
                0x000000000800942c                vPortSetupTimerInterrupt
 .text.pvPortMalloc
                0x0000000008009470      0x128 Middlewares/Third_Party/FreeRTOS/Source/portable/MemMang/heap_4.o
                0x0000000008009470                pvPortMalloc
 .text.vPortFree
                0x0000000008009598       0x74 Middlewares/Third_Party/FreeRTOS/Source/portable/MemMang/heap_4.o
                0x0000000008009598                vPortFree
 .text.prvHeapInit
                0x000000000800960c       0xc4 Middlewares/Third_Party/FreeRTOS/Source/portable/MemMang/heap_4.o
 .text.prvInsertBlockIntoFreeList
                0x00000000080096d0       0xb0 Middlewares/Third_Party/FreeRTOS/Source/portable/MemMang/heap_4.o
 .text.__libc_init_array
                0x0000000008009780       0x48 c:/st/stm32cubeide_1.5.0/stm32cubeide/plugins/com.st.stm32cube.ide.mcu.externaltools.gnu-tools-for-stm32.9-2020-q2-update.win32_1.5.0.202011040924/tools/bin/../lib/gcc/arm-none-eabi/9.3.1/../../../../arm-none-eabi/lib/thumb/v7-m/nofp\libc_nano.a(lib_a-init.o)
                0x0000000008009780                __libc_init_array
 .text.memcpy   0x00000000080097c8       0x1c c:/st/stm32cubeide_1.5.0/stm32cubeide/plugins/com.st.stm32cube.ide.mcu.externaltools.gnu-tools-for-stm32.9-2020-q2-update.win32_1.5.0.202011040924/tools/bin/../lib/gcc/arm-none-eabi/9.3.1/../../../../arm-none-eabi/lib/thumb/v7-m/nofp\libc_nano.a(lib_a-memcpy-stub.o)
                0x00000000080097c8                memcpy
 .text.memset   0x00000000080097e4       0x10 c:/st/stm32cubeide_1.5.0/stm32cubeide/plugins/com.st.stm32cube.ide.mcu.externaltools.gnu-tools-for-stm32.9-2020-q2-update.win32_1.5.0.202011040924/tools/bin/../lib/gcc/arm-none-eabi/9.3.1/../../../../arm-none-eabi/lib/thumb/v7-m/nofp\libc_nano.a(lib_a-memset.o)
                0x00000000080097e4                memset
 *(.glue_7)
 .glue_7        0x00000000080097f4        0x0 linker stubs
 *(.glue_7t)
 .glue_7t       0x00000000080097f4        0x0 linker stubs
 *(.eh_frame)
 .eh_frame      0x00000000080097f4        0x0 c:/st/stm32cubeide_1.5.0/stm32cubeide/plugins/com.st.stm32cube.ide.mcu.externaltools.gnu-tools-for-stm32.9-2020-q2-update.win32_1.5.0.202011040924/tools/bin/../lib/gcc/arm-none-eabi/9.3.1/thumb/v7-m/nofp/crtbegin.o
 *(.init)
 .init          0x00000000080097f4        0x4 c:/st/stm32cubeide_1.5.0/stm32cubeide/plugins/com.st.stm32cube.ide.mcu.externaltools.gnu-tools-for-stm32.9-2020-q2-update.win32_1.5.0.202011040924/tools/bin/../lib/gcc/arm-none-eabi/9.3.1/thumb/v7-m/nofp/crti.o
                0x00000000080097f4                _init
 .init          0x00000000080097f8        0x8 c:/st/stm32cubeide_1.5.0/stm32cubeide/plugins/com.st.stm32cube.ide.mcu.externaltools.gnu-tools-for-stm32.9-2020-q2-update.win32_1.5.0.202011040924/tools/bin/../lib/gcc/arm-none-eabi/9.3.1/thumb/v7-m/nofp/crtn.o
 *(.fini)
 .fini          0x0000000008009800        0x4 c:/st/stm32cubeide_1.5.0/stm32cubeide/plugins/com.st.stm32cube.ide.mcu.externaltools.gnu-tools-for-stm32.9-2020-q2-update.win32_1.5.0.202011040924/tools/bin/../lib/gcc/arm-none-eabi/9.3.1/thumb/v7-m/nofp/crti.o
                0x0000000008009800                _fini
 .fini          0x0000000008009804        0x8 c:/st/stm32cubeide_1.5.0/stm32cubeide/plugins/com.st.stm32cube.ide.mcu.externaltools.gnu-tools-for-stm32.9-2020-q2-update.win32_1.5.0.202011040924/tools/bin/../lib/gcc/arm-none-eabi/9.3.1/thumb/v7-m/nofp/crtn.o
                0x000000000800980c                . = ALIGN (0x4)
                0x000000000800980c                _etext = .

.vfp11_veneer   0x000000000800980c        0x0
 .vfp11_veneer  0x000000000800980c        0x0 linker stubs

.v4_bx          0x000000000800980c        0x0
 .v4_bx         0x000000000800980c        0x0 linker stubs

.iplt           0x000000000800980c        0x0
 .iplt          0x000000000800980c        0x0 c:/st/stm32cubeide_1.5.0/stm32cubeide/plugins/com.st.stm32cube.ide.mcu.externaltools.gnu-tools-for-stm32.9-2020-q2-update.win32_1.5.0.202011040924/tools/bin/../lib/gcc/arm-none-eabi/9.3.1/thumb/v7-m/nofp/crtbegin.o

.rodata         0x000000000800980c       0xe8
                0x000000000800980c                . = ALIGN (0x4)
 *(.rodata)
 .rodata        0x000000000800980c       0x67 Core/Src/WELDER_tasks.o
 *fill*         0x0000000008009873        0x1 
 .rodata        0x0000000008009874        0xc Core/Src/main.o
 .rodata        0x0000000008009880       0x10 Drivers/STM32F1xx_HAL_Driver/Src/stm32f1xx_hal_rcc.o
 .rodata        0x0000000008009890        0x5 Middlewares/Third_Party/FreeRTOS/Source/tasks.o
 *fill*         0x0000000008009895        0x3 
 .rodata        0x0000000008009898        0xd Middlewares/Third_Party/FreeRTOS/Source/timers.o
 *(.rodata*)
 *fill*         0x00000000080098a5        0x3 
 .rodata.code_digit
                0x00000000080098a8       0x18 Core/Src/STLED316S.o
                0x00000000080098a8                code_digit
 .rodata.defaultTask_attributes
                0x00000000080098c0       0x24 Core/Src/main.o
                0x00000000080098c0                defaultTask_attributes
 .rodata.AHBPrescTable
                0x00000000080098e4       0x10 Core/Src/system_stm32f1xx.o
                0x00000000080098e4                AHBPrescTable
                0x00000000080098f4                . = ALIGN (0x4)

.rel.dyn        0x00000000080098f4        0x0
 .rel.iplt      0x00000000080098f4        0x0 c:/st/stm32cubeide_1.5.0/stm32cubeide/plugins/com.st.stm32cube.ide.mcu.externaltools.gnu-tools-for-stm32.9-2020-q2-update.win32_1.5.0.202011040924/tools/bin/../lib/gcc/arm-none-eabi/9.3.1/thumb/v7-m/nofp/crtbegin.o

.ARM.extab      0x00000000080098f4        0x0
                0x00000000080098f4                . = ALIGN (0x4)
 *(.ARM.extab* .gnu.linkonce.armextab.*)
                0x00000000080098f4                . = ALIGN (0x4)

.ARM            0x00000000080098f4        0x0
                0x00000000080098f4                . = ALIGN (0x4)
                0x00000000080098f4                __exidx_start = .
 *(.ARM.exidx*)
                0x00000000080098f4                __exidx_end = .
                0x00000000080098f4                . = ALIGN (0x4)

.preinit_array  0x00000000080098f4        0x0
                0x00000000080098f4                . = ALIGN (0x4)
                0x00000000080098f4                PROVIDE (__preinit_array_start = .)
 *(.preinit_array*)
                0x00000000080098f4                PROVIDE (__preinit_array_end = .)
                0x00000000080098f4                . = ALIGN (0x4)

.init_array     0x00000000080098f4        0x4
                0x00000000080098f4                . = ALIGN (0x4)
                0x00000000080098f4                PROVIDE (__init_array_start = .)
 *(SORT_BY_NAME(.init_array.*))
 *(.init_array*)
 .init_array    0x00000000080098f4        0x4 c:/st/stm32cubeide_1.5.0/stm32cubeide/plugins/com.st.stm32cube.ide.mcu.externaltools.gnu-tools-for-stm32.9-2020-q2-update.win32_1.5.0.202011040924/tools/bin/../lib/gcc/arm-none-eabi/9.3.1/thumb/v7-m/nofp/crtbegin.o
                0x00000000080098f8                PROVIDE (__init_array_end = .)
                0x00000000080098f8                . = ALIGN (0x4)

.fini_array     0x00000000080098f8        0x4
                0x00000000080098f8                . = ALIGN (0x4)
                [!provide]                        PROVIDE (__fini_array_start = .)
 *(SORT_BY_NAME(.fini_array.*))
 *(.fini_array*)
 .fini_array    0x00000000080098f8        0x4 c:/st/stm32cubeide_1.5.0/stm32cubeide/plugins/com.st.stm32cube.ide.mcu.externaltools.gnu-tools-for-stm32.9-2020-q2-update.win32_1.5.0.202011040924/tools/bin/../lib/gcc/arm-none-eabi/9.3.1/thumb/v7-m/nofp/crtbegin.o
                [!provide]                        PROVIDE (__fini_array_end = .)
                0x00000000080098fc                . = ALIGN (0x4)
                0x00000000080098fc                _sidata = LOADADDR (.data)

.data           0x0000000020000000       0x10 load address 0x00000000080098fc
                0x0000000020000000                . = ALIGN (0x4)
                0x0000000020000000                _sdata = .
 *(.data)
 *(.data*)
 .data.SystemCoreClock
                0x0000000020000000        0x4 Core/Src/system_stm32f1xx.o
                0x0000000020000000                SystemCoreClock
 .data.uwTickPrio
                0x0000000020000004        0x4 Drivers/STM32F1xx_HAL_Driver/Src/stm32f1xx_hal.o
                0x0000000020000004                uwTickPrio
 .data.uwTickFreq
                0x0000000020000008        0x1 Drivers/STM32F1xx_HAL_Driver/Src/stm32f1xx_hal.o
                0x0000000020000008                uwTickFreq
 *fill*         0x0000000020000009        0x3 
 .data.uxCriticalNesting
                0x000000002000000c        0x4 Middlewares/Third_Party/FreeRTOS/Source/portable/GCC/ARM_CM3/port.o
 *(.RamFunc)
 *(.RamFunc*)
                0x0000000020000010                . = ALIGN (0x4)
                0x0000000020000010                _edata = .

.igot.plt       0x0000000020000010        0x0 load address 0x000000000800990c
 .igot.plt      0x0000000020000010        0x0 c:/st/stm32cubeide_1.5.0/stm32cubeide/plugins/com.st.stm32cube.ide.mcu.externaltools.gnu-tools-for-stm32.9-2020-q2-update.win32_1.5.0.202011040924/tools/bin/../lib/gcc/arm-none-eabi/9.3.1/thumb/v7-m/nofp/crtbegin.o
                0x0000000020000010                . = ALIGN (0x4)

.bss            0x0000000020000010     0x3ec8 load address 0x000000000800990c
                0x0000000020000010                _sbss = .
                0x0000000020000010                __bss_start__ = _sbss
 *(.bss)
 .bss           0x0000000020000010       0x1c c:/st/stm32cubeide_1.5.0/stm32cubeide/plugins/com.st.stm32cube.ide.mcu.externaltools.gnu-tools-for-stm32.9-2020-q2-update.win32_1.5.0.202011040924/tools/bin/../lib/gcc/arm-none-eabi/9.3.1/thumb/v7-m/nofp/crtbegin.o
 *(.bss*)
 .bss.StateOld.7421
                0x000000002000002c        0x1 Core/Src/PCB_WELDER.o
 *fill*         0x000000002000002d        0x3 
 .bss.xHigherPriorityTaskWoken.7425
                0x0000000020000030        0x4 Core/Src/PCB_WELDER.o
 .bss.xHigherPriorityTaskWoken2.7426
                0x0000000020000034        0x4 Core/Src/PCB_WELDER.o
 .bss.KernelState
                0x0000000020000038        0x4 Middlewares/Third_Party/FreeRTOS/Source/CMSIS_RTOS_V2/cmsis_os2.o
 .bss.Idle_TCB  0x000000002000003c       0x5c Middlewares/Third_Party/FreeRTOS/Source/CMSIS_RTOS_V2/cmsis_os2.o
 .bss.Idle_Stack
                0x0000000020000098      0x200 Middlewares/Third_Party/FreeRTOS/Source/CMSIS_RTOS_V2/cmsis_os2.o
 .bss.Timer_TCB
                0x0000000020000298       0x5c Middlewares/Third_Party/FreeRTOS/Source/CMSIS_RTOS_V2/cmsis_os2.o
 .bss.Timer_Stack
                0x00000000200002f4      0x400 Middlewares/Third_Party/FreeRTOS/Source/CMSIS_RTOS_V2/cmsis_os2.o
 .bss.pxCurrentTCB
                0x00000000200006f4        0x4 Middlewares/Third_Party/FreeRTOS/Source/tasks.o
                0x00000000200006f4                pxCurrentTCB
 .bss.pxReadyTasksLists
                0x00000000200006f8      0x460 Middlewares/Third_Party/FreeRTOS/Source/tasks.o
 .bss.xDelayedTaskList1
                0x0000000020000b58       0x14 Middlewares/Third_Party/FreeRTOS/Source/tasks.o
 .bss.xDelayedTaskList2
                0x0000000020000b6c       0x14 Middlewares/Third_Party/FreeRTOS/Source/tasks.o
 .bss.pxDelayedTaskList
                0x0000000020000b80        0x4 Middlewares/Third_Party/FreeRTOS/Source/tasks.o
 .bss.pxOverflowDelayedTaskList
                0x0000000020000b84        0x4 Middlewares/Third_Party/FreeRTOS/Source/tasks.o
 .bss.xPendingReadyList
                0x0000000020000b88       0x14 Middlewares/Third_Party/FreeRTOS/Source/tasks.o
 .bss.xTasksWaitingTermination
                0x0000000020000b9c       0x14 Middlewares/Third_Party/FreeRTOS/Source/tasks.o
 .bss.uxDeletedTasksWaitingCleanUp
                0x0000000020000bb0        0x4 Middlewares/Third_Party/FreeRTOS/Source/tasks.o
 .bss.xSuspendedTaskList
                0x0000000020000bb4       0x14 Middlewares/Third_Party/FreeRTOS/Source/tasks.o
 .bss.uxCurrentNumberOfTasks
                0x0000000020000bc8        0x4 Middlewares/Third_Party/FreeRTOS/Source/tasks.o
 .bss.xTickCount
                0x0000000020000bcc        0x4 Middlewares/Third_Party/FreeRTOS/Source/tasks.o
 .bss.uxTopReadyPriority
                0x0000000020000bd0        0x4 Middlewares/Third_Party/FreeRTOS/Source/tasks.o
 .bss.xSchedulerRunning
                0x0000000020000bd4        0x4 Middlewares/Third_Party/FreeRTOS/Source/tasks.o
 .bss.uxPendedTicks
                0x0000000020000bd8        0x4 Middlewares/Third_Party/FreeRTOS/Source/tasks.o
 .bss.xYieldPending
                0x0000000020000bdc        0x4 Middlewares/Third_Party/FreeRTOS/Source/tasks.o
 .bss.xNumOfOverflows
                0x0000000020000be0        0x4 Middlewares/Third_Party/FreeRTOS/Source/tasks.o
 .bss.uxTaskNumber
                0x0000000020000be4        0x4 Middlewares/Third_Party/FreeRTOS/Source/tasks.o
 .bss.xNextTaskUnblockTime
                0x0000000020000be8        0x4 Middlewares/Third_Party/FreeRTOS/Source/tasks.o
 .bss.xIdleTaskHandle
                0x0000000020000bec        0x4 Middlewares/Third_Party/FreeRTOS/Source/tasks.o
 .bss.uxSchedulerSuspended
                0x0000000020000bf0        0x4 Middlewares/Third_Party/FreeRTOS/Source/tasks.o
 .bss.xActiveTimerList1
                0x0000000020000bf4       0x14 Middlewares/Third_Party/FreeRTOS/Source/timers.o
 .bss.xActiveTimerList2
                0x0000000020000c08       0x14 Middlewares/Third_Party/FreeRTOS/Source/timers.o
 .bss.pxCurrentTimerList
                0x0000000020000c1c        0x4 Middlewares/Third_Party/FreeRTOS/Source/timers.o
 .bss.pxOverflowTimerList
                0x0000000020000c20        0x4 Middlewares/Third_Party/FreeRTOS/Source/timers.o
 .bss.xTimerQueue
                0x0000000020000c24        0x4 Middlewares/Third_Party/FreeRTOS/Source/timers.o
 .bss.xTimerTaskHandle
                0x0000000020000c28        0x4 Middlewares/Third_Party/FreeRTOS/Source/timers.o
 .bss.xLastTime.5513
                0x0000000020000c2c        0x4 Middlewares/Third_Party/FreeRTOS/Source/timers.o
 .bss.ucStaticTimerQueueStorage.5560
                0x0000000020000c30       0xa0 Middlewares/Third_Party/FreeRTOS/Source/timers.o
 .bss.xStaticTimerQueue.5559
                0x0000000020000cd0       0x50 Middlewares/Third_Party/FreeRTOS/Source/timers.o
 .bss.ucHeap    0x0000000020000d20     0x2800 Middlewares/Third_Party/FreeRTOS/Source/portable/MemMang/heap_4.o
 .bss.xStart    0x0000000020003520        0x8 Middlewares/Third_Party/FreeRTOS/Source/portable/MemMang/heap_4.o
 .bss.pxEnd     0x0000000020003528        0x4 Middlewares/Third_Party/FreeRTOS/Source/portable/MemMang/heap_4.o
 .bss.xFreeBytesRemaining
                0x000000002000352c        0x4 Middlewares/Third_Party/FreeRTOS/Source/portable/MemMang/heap_4.o
 .bss.xMinimumEverFreeBytesRemaining
                0x0000000020003530        0x4 Middlewares/Third_Party/FreeRTOS/Source/portable/MemMang/heap_4.o
 .bss.xBlockAllocatedBit
                0x0000000020003534        0x4 Middlewares/Third_Party/FreeRTOS/Source/portable/MemMang/heap_4.o
 *(COMMON)
 COMMON         0x0000000020003538      0x896 Core/Src/MicrostepDriver.o
                0x0000000020003538                qBeepMode
                0x000000002000353c                WelderUnit
                0x0000000020003560                xSemaphore_StepCount
                0x0000000020003564                STLED_Rx
                0x0000000020003570                ReadFlashPage
                0x0000000020003d70                IndicatorPanel
                0x0000000020003d80                qGoToResponse
                0x0000000020003d84                qDebug
                0x0000000020003d88                qWelderRun
                0x0000000020003d8c                qWelderCalibrated
                0x0000000020003d90                qKeyPress
                0x0000000020003d94                qWelderCmd
                0x0000000020003d98                STLED_TxData
                0x0000000020003da0                Key
                0x0000000020003dc4                xSemaphore_Calibration
                0x0000000020003dc8                STLED_digVal
 *fill*         0x0000000020003dce        0x2 
 COMMON         0x0000000020003dd0       0xa4 Core/Src/main.o
                0x0000000020003dd0                defaultTaskHandle
                0x0000000020003dd4                htim3
                0x0000000020003e1c                hspi1
 COMMON         0x0000000020003e74        0x4 Drivers/STM32F1xx_HAL_Driver/Src/stm32f1xx_hal.o
                0x0000000020003e74                uwTick
 COMMON         0x0000000020003e78       0x20 Drivers/STM32F1xx_HAL_Driver/Src/stm32f1xx_hal_flash.o
                0x0000000020003e78                pFlash
 COMMON         0x0000000020003e98       0x40 Middlewares/Third_Party/FreeRTOS/Source/queue.o
                0x0000000020003e98                xQueueRegistry
                0x0000000020003ed8                . = ALIGN (0x4)
                0x0000000020003ed8                _ebss = .
                0x0000000020003ed8                __bss_end__ = _ebss

._user_heap_stack
                0x0000000020003ed8      0xc00 load address 0x000000000800990c
                0x0000000020003ed8                . = ALIGN (0x8)
                [!provide]                        PROVIDE (end = .)
                0x0000000020003ed8                PROVIDE (_end = .)
                0x00000000200042d8                . = (. + _Min_Heap_Size)
 *fill*         0x0000000020003ed8      0x400 
                0x0000000020004ad8                . = (. + _Min_Stack_Size)
 *fill*         0x00000000200042d8      0x800 
                0x0000000020004ad8                . = ALIGN (0x8)

/DISCARD/
 libc.a(*)
 libm.a(*)
 libgcc.a(*)

.ARM.attributes
                0x0000000000000000       0x29
 *(.ARM.attributes)
 .ARM.attributes
                0x0000000000000000       0x1d c:/st/stm32cubeide_1.5.0/stm32cubeide/plugins/com.st.stm32cube.ide.mcu.externaltools.gnu-tools-for-stm32.9-2020-q2-update.win32_1.5.0.202011040924/tools/bin/../lib/gcc/arm-none-eabi/9.3.1/thumb/v7-m/nofp/crti.o
 .ARM.attributes
                0x000000000000001d       0x2d c:/st/stm32cubeide_1.5.0/stm32cubeide/plugins/com.st.stm32cube.ide.mcu.externaltools.gnu-tools-for-stm32.9-2020-q2-update.win32_1.5.0.202011040924/tools/bin/../lib/gcc/arm-none-eabi/9.3.1/thumb/v7-m/nofp/crtbegin.o
 .ARM.attributes
                0x000000000000004a       0x2d Core/Src/MicrostepDriver.o
 .ARM.attributes
                0x0000000000000077       0x2d Core/Src/PCB_WELDER.o
 .ARM.attributes
                0x00000000000000a4       0x2d Core/Src/STLED316S.o
 .ARM.attributes
                0x00000000000000d1       0x2d Core/Src/STM32_flash.o
 .ARM.attributes
                0x00000000000000fe       0x2d Core/Src/WELDER_tasks.o
 .ARM.attributes
                0x000000000000012b       0x2d Core/Src/main.o
 .ARM.attributes
                0x0000000000000158       0x2d Core/Src/stm32f1xx_hal_msp.o
 .ARM.attributes
                0x0000000000000185       0x2d Core/Src/stm32f1xx_it.o
 .ARM.attributes
                0x00000000000001b2       0x2d Core/Src/system_stm32f1xx.o
 .ARM.attributes
                0x00000000000001df       0x21 Core/Startup/startup_stm32f103rctx.o
 .ARM.attributes
                0x0000000000000200       0x2d Drivers/STM32F1xx_HAL_Driver/Src/stm32f1xx_hal.o
 .ARM.attributes
                0x000000000000022d       0x2d Drivers/STM32F1xx_HAL_Driver/Src/stm32f1xx_hal_cortex.o
 .ARM.attributes
                0x000000000000025a       0x2d Drivers/STM32F1xx_HAL_Driver/Src/stm32f1xx_hal_dma.o
 .ARM.attributes
                0x0000000000000287       0x2d Drivers/STM32F1xx_HAL_Driver/Src/stm32f1xx_hal_flash.o
 .ARM.attributes
                0x00000000000002b4       0x2d Drivers/STM32F1xx_HAL_Driver/Src/stm32f1xx_hal_flash_ex.o
 .ARM.attributes
                0x00000000000002e1       0x2d Drivers/STM32F1xx_HAL_Driver/Src/stm32f1xx_hal_gpio.o
 .ARM.attributes
                0x000000000000030e       0x2d Drivers/STM32F1xx_HAL_Driver/Src/stm32f1xx_hal_rcc.o
 .ARM.attributes
                0x000000000000033b       0x2d Drivers/STM32F1xx_HAL_Driver/Src/stm32f1xx_hal_spi.o
 .ARM.attributes
                0x0000000000000368       0x2d Drivers/STM32F1xx_HAL_Driver/Src/stm32f1xx_hal_tim.o
 .ARM.attributes
                0x0000000000000395       0x2d Drivers/STM32F1xx_HAL_Driver/Src/stm32f1xx_hal_tim_ex.o
 .ARM.attributes
                0x00000000000003c2       0x2d Middlewares/Third_Party/FreeRTOS/Source/CMSIS_RTOS_V2/cmsis_os2.o
 .ARM.attributes
                0x00000000000003ef       0x2d Middlewares/Third_Party/FreeRTOS/Source/list.o
 .ARM.attributes
                0x000000000000041c       0x2d Middlewares/Third_Party/FreeRTOS/Source/queue.o
 .ARM.attributes
                0x0000000000000449       0x2d Middlewares/Third_Party/FreeRTOS/Source/tasks.o
 .ARM.attributes
                0x0000000000000476       0x2d Middlewares/Third_Party/FreeRTOS/Source/timers.o
 .ARM.attributes
                0x00000000000004a3       0x2d Middlewares/Third_Party/FreeRTOS/Source/portable/GCC/ARM_CM3/port.o
 .ARM.attributes
                0x00000000000004d0       0x2d Middlewares/Third_Party/FreeRTOS/Source/portable/MemMang/heap_4.o
 .ARM.attributes
                0x00000000000004fd       0x2d c:/st/stm32cubeide_1.5.0/stm32cubeide/plugins/com.st.stm32cube.ide.mcu.externaltools.gnu-tools-for-stm32.9-2020-q2-update.win32_1.5.0.202011040924/tools/bin/../lib/gcc/arm-none-eabi/9.3.1/../../../../arm-none-eabi/lib/thumb/v7-m/nofp\libc_nano.a(lib_a-init.o)
 .ARM.attributes
                0x000000000000052a       0x2d c:/st/stm32cubeide_1.5.0/stm32cubeide/plugins/com.st.stm32cube.ide.mcu.externaltools.gnu-tools-for-stm32.9-2020-q2-update.win32_1.5.0.202011040924/tools/bin/../lib/gcc/arm-none-eabi/9.3.1/../../../../arm-none-eabi/lib/thumb/v7-m/nofp\libc_nano.a(lib_a-memcpy-stub.o)
 .ARM.attributes
                0x0000000000000557       0x2d c:/st/stm32cubeide_1.5.0/stm32cubeide/plugins/com.st.stm32cube.ide.mcu.externaltools.gnu-tools-for-stm32.9-2020-q2-update.win32_1.5.0.202011040924/tools/bin/../lib/gcc/arm-none-eabi/9.3.1/../../../../arm-none-eabi/lib/thumb/v7-m/nofp\libc_nano.a(lib_a-memset.o)
 .ARM.attributes
                0x0000000000000584       0x1d c:/st/stm32cubeide_1.5.0/stm32cubeide/plugins/com.st.stm32cube.ide.mcu.externaltools.gnu-tools-for-stm32.9-2020-q2-update.win32_1.5.0.202011040924/tools/bin/../lib/gcc/arm-none-eabi/9.3.1/thumb/v7-m/nofp\libgcc.a(_arm_addsubdf3.o)
 .ARM.attributes
                0x00000000000005a1       0x1d c:/st/stm32cubeide_1.5.0/stm32cubeide/plugins/com.st.stm32cube.ide.mcu.externaltools.gnu-tools-for-stm32.9-2020-q2-update.win32_1.5.0.202011040924/tools/bin/../lib/gcc/arm-none-eabi/9.3.1/thumb/v7-m/nofp\libgcc.a(_arm_muldivdf3.o)
 .ARM.attributes
                0x00000000000005be       0x1d c:/st/stm32cubeide_1.5.0/stm32cubeide/plugins/com.st.stm32cube.ide.mcu.externaltools.gnu-tools-for-stm32.9-2020-q2-update.win32_1.5.0.202011040924/tools/bin/../lib/gcc/arm-none-eabi/9.3.1/thumb/v7-m/nofp\libgcc.a(_arm_fixunsdfsi.o)
 .ARM.attributes
                0x00000000000005db       0x1d c:/st/stm32cubeide_1.5.0/stm32cubeide/plugins/com.st.stm32cube.ide.mcu.externaltools.gnu-tools-for-stm32.9-2020-q2-update.win32_1.5.0.202011040924/tools/bin/../lib/gcc/arm-none-eabi/9.3.1/thumb/v7-m/nofp/crtn.o
OUTPUT(WELDER.elf elf32-littlearm)
LOAD linker stubs
LOAD c:/st/stm32cubeide_1.5.0/stm32cubeide/plugins/com.st.stm32cube.ide.mcu.externaltools.gnu-tools-for-stm32.9-2020-q2-update.win32_1.5.0.202011040924/tools/bin/../lib/gcc/arm-none-eabi/9.3.1/../../../../arm-none-eabi/lib/thumb/v7-m/nofp\libc.a
LOAD c:/st/stm32cubeide_1.5.0/stm32cubeide/plugins/com.st.stm32cube.ide.mcu.externaltools.gnu-tools-for-stm32.9-2020-q2-update.win32_1.5.0.202011040924/tools/bin/../lib/gcc/arm-none-eabi/9.3.1/../../../../arm-none-eabi/lib/thumb/v7-m/nofp\libm.a
LOAD c:/st/stm32cubeide_1.5.0/stm32cubeide/plugins/com.st.stm32cube.ide.mcu.externaltools.gnu-tools-for-stm32.9-2020-q2-update.win32_1.5.0.202011040924/tools/bin/../lib/gcc/arm-none-eabi/9.3.1/thumb/v7-m/nofp\libgcc.a

.debug_info     0x0000000000000000    0x1bdfb
 .debug_info    0x0000000000000000      0xfb3 Core/Src/MicrostepDriver.o
 .debug_info    0x0000000000000fb3     0x1323 Core/Src/PCB_WELDER.o
 .debug_info    0x00000000000022d6      0x9b0 Core/Src/STLED316S.o
 .debug_info    0x0000000000002c86      0x331 Core/Src/STM32_flash.o
 .debug_info    0x0000000000002fb7     0x1338 Core/Src/WELDER_tasks.o
 .debug_info    0x00000000000042ef     0x17d6 Core/Src/main.o
 .debug_info    0x0000000000005ac5      0xef4 Core/Src/stm32f1xx_hal_msp.o
 .debug_info    0x00000000000069b9      0xeda Core/Src/stm32f1xx_it.o
 .debug_info    0x0000000000007893      0x2be Core/Src/system_stm32f1xx.o
 .debug_info    0x0000000000007b51       0x22 Core/Startup/startup_stm32f103rctx.o
 .debug_info    0x0000000000007b73      0x7d0 Drivers/STM32F1xx_HAL_Driver/Src/stm32f1xx_hal.o
 .debug_info    0x0000000000008343      0xc42 Drivers/STM32F1xx_HAL_Driver/Src/stm32f1xx_hal_cortex.o
 .debug_info    0x0000000000008f85      0x81e Drivers/STM32F1xx_HAL_Driver/Src/stm32f1xx_hal_dma.o
 .debug_info    0x00000000000097a3      0x5f3 Drivers/STM32F1xx_HAL_Driver/Src/stm32f1xx_hal_flash.o
 .debug_info    0x0000000000009d96      0x8a2 Drivers/STM32F1xx_HAL_Driver/Src/stm32f1xx_hal_flash_ex.o
 .debug_info    0x000000000000a638      0x701 Drivers/STM32F1xx_HAL_Driver/Src/stm32f1xx_hal_gpio.o
 .debug_info    0x000000000000ad39      0x88e Drivers/STM32F1xx_HAL_Driver/Src/stm32f1xx_hal_rcc.o
 .debug_info    0x000000000000b5c7     0x16bd Drivers/STM32F1xx_HAL_Driver/Src/stm32f1xx_hal_spi.o
 .debug_info    0x000000000000cc84     0x2a43 Drivers/STM32F1xx_HAL_Driver/Src/stm32f1xx_hal_tim.o
 .debug_info    0x000000000000f6c7     0x1495 Drivers/STM32F1xx_HAL_Driver/Src/stm32f1xx_hal_tim_ex.o
 .debug_info    0x0000000000010b5c     0x3cd3 Middlewares/Third_Party/FreeRTOS/Source/CMSIS_RTOS_V2/cmsis_os2.o
 .debug_info    0x000000000001482f      0xb7c Middlewares/Third_Party/FreeRTOS/Source/list.o
 .debug_info    0x00000000000153ab     0x1da0 Middlewares/Third_Party/FreeRTOS/Source/queue.o
 .debug_info    0x000000000001714b     0x2515 Middlewares/Third_Party/FreeRTOS/Source/tasks.o
 .debug_info    0x0000000000019660     0x18dd Middlewares/Third_Party/FreeRTOS/Source/timers.o
 .debug_info    0x000000000001af3d      0x2ed Middlewares/Third_Party/FreeRTOS/Source/portable/GCC/ARM_CM3/port.o
 .debug_info    0x000000000001b22a      0xbd1 Middlewares/Third_Party/FreeRTOS/Source/portable/MemMang/heap_4.o

.debug_abbrev   0x0000000000000000     0x3d5d
 .debug_abbrev  0x0000000000000000      0x1d1 Core/Src/MicrostepDriver.o
 .debug_abbrev  0x00000000000001d1      0x30b Core/Src/PCB_WELDER.o
 .debug_abbrev  0x00000000000004dc      0x1e1 Core/Src/STLED316S.o
 .debug_abbrev  0x00000000000006bd      0x14a Core/Src/STM32_flash.o
 .debug_abbrev  0x0000000000000807      0x245 Core/Src/WELDER_tasks.o
 .debug_abbrev  0x0000000000000a4c      0x2bf Core/Src/main.o
 .debug_abbrev  0x0000000000000d0b      0x1c8 Core/Src/stm32f1xx_hal_msp.o
 .debug_abbrev  0x0000000000000ed3      0x1ad Core/Src/stm32f1xx_it.o
 .debug_abbrev  0x0000000000001080      0x14e Core/Src/system_stm32f1xx.o
 .debug_abbrev  0x00000000000011ce       0x12 Core/Startup/startup_stm32f103rctx.o
 .debug_abbrev  0x00000000000011e0      0x1ed Drivers/STM32F1xx_HAL_Driver/Src/stm32f1xx_hal.o
 .debug_abbrev  0x00000000000013cd      0x313 Drivers/STM32F1xx_HAL_Driver/Src/stm32f1xx_hal_cortex.o
 .debug_abbrev  0x00000000000016e0      0x228 Drivers/STM32F1xx_HAL_Driver/Src/stm32f1xx_hal_dma.o
 .debug_abbrev  0x0000000000001908      0x23e Drivers/STM32F1xx_HAL_Driver/Src/stm32f1xx_hal_flash.o
 .debug_abbrev  0x0000000000001b46      0x249 Drivers/STM32F1xx_HAL_Driver/Src/stm32f1xx_hal_flash_ex.o
 .debug_abbrev  0x0000000000001d8f      0x1e8 Drivers/STM32F1xx_HAL_Driver/Src/stm32f1xx_hal_gpio.o
 .debug_abbrev  0x0000000000001f77      0x273 Drivers/STM32F1xx_HAL_Driver/Src/stm32f1xx_hal_rcc.o
 .debug_abbrev  0x00000000000021ea      0x26e Drivers/STM32F1xx_HAL_Driver/Src/stm32f1xx_hal_spi.o
 .debug_abbrev  0x0000000000002458      0x25e Drivers/STM32F1xx_HAL_Driver/Src/stm32f1xx_hal_tim.o
 .debug_abbrev  0x00000000000026b6      0x266 Drivers/STM32F1xx_HAL_Driver/Src/stm32f1xx_hal_tim_ex.o
 .debug_abbrev  0x000000000000291c      0x3ed Middlewares/Third_Party/FreeRTOS/Source/CMSIS_RTOS_V2/cmsis_os2.o
 .debug_abbrev  0x0000000000002d09      0x1f7 Middlewares/Third_Party/FreeRTOS/Source/list.o
 .debug_abbrev  0x0000000000002f00      0x37e Middlewares/Third_Party/FreeRTOS/Source/queue.o
 .debug_abbrev  0x000000000000327e      0x39a Middlewares/Third_Party/FreeRTOS/Source/tasks.o
 .debug_abbrev  0x0000000000003618      0x2db Middlewares/Third_Party/FreeRTOS/Source/timers.o
 .debug_abbrev  0x00000000000038f3      0x1f9 Middlewares/Third_Party/FreeRTOS/Source/portable/GCC/ARM_CM3/port.o
 .debug_abbrev  0x0000000000003aec      0x271 Middlewares/Third_Party/FreeRTOS/Source/portable/MemMang/heap_4.o

.debug_aranges  0x0000000000000000     0x15d0
 .debug_aranges
                0x0000000000000000       0x28 Core/Src/MicrostepDriver.o
 .debug_aranges
                0x0000000000000028       0xa0 Core/Src/PCB_WELDER.o
 .debug_aranges
                0x00000000000000c8       0x58 Core/Src/STLED316S.o
 .debug_aranges
                0x0000000000000120       0x30 Core/Src/STM32_flash.o
 .debug_aranges
                0x0000000000000150       0x58 Core/Src/WELDER_tasks.o
 .debug_aranges
                0x00000000000001a8       0x50 Core/Src/main.o
 .debug_aranges
                0x00000000000001f8       0x48 Core/Src/stm32f1xx_hal_msp.o
 .debug_aranges
                0x0000000000000240       0x78 Core/Src/stm32f1xx_it.o
 .debug_aranges
                0x00000000000002b8       0x28 Core/Src/system_stm32f1xx.o
 .debug_aranges
                0x00000000000002e0       0x28 Core/Startup/startup_stm32f103rctx.o
 .debug_aranges
                0x0000000000000308       0xe0 Drivers/STM32F1xx_HAL_Driver/Src/stm32f1xx_hal.o
 .debug_aranges
                0x00000000000003e8      0x100 Drivers/STM32F1xx_HAL_Driver/Src/stm32f1xx_hal_cortex.o
 .debug_aranges
                0x00000000000004e8       0x80 Drivers/STM32F1xx_HAL_Driver/Src/stm32f1xx_hal_dma.o
 .debug_aranges
                0x0000000000000568       0x88 Drivers/STM32F1xx_HAL_Driver/Src/stm32f1xx_hal_flash.o
 .debug_aranges
                0x00000000000005f0       0x98 Drivers/STM32F1xx_HAL_Driver/Src/stm32f1xx_hal_flash_ex.o
 .debug_aranges
                0x0000000000000688       0x58 Drivers/STM32F1xx_HAL_Driver/Src/stm32f1xx_hal_gpio.o
 .debug_aranges
                0x00000000000006e0       0x90 Drivers/STM32F1xx_HAL_Driver/Src/stm32f1xx_hal_rcc.o
 .debug_aranges
                0x0000000000000770      0x1d0 Drivers/STM32F1xx_HAL_Driver/Src/stm32f1xx_hal_spi.o
 .debug_aranges
                0x0000000000000940      0x3d0 Drivers/STM32F1xx_HAL_Driver/Src/stm32f1xx_hal_tim.o
 .debug_aranges
                0x0000000000000d10      0x168 Drivers/STM32F1xx_HAL_Driver/Src/stm32f1xx_hal_tim_ex.o
 .debug_aranges
                0x0000000000000e78      0x228 Middlewares/Third_Party/FreeRTOS/Source/CMSIS_RTOS_V2/cmsis_os2.o
 .debug_aranges
                0x00000000000010a0       0x40 Middlewares/Third_Party/FreeRTOS/Source/list.o
 .debug_aranges
                0x00000000000010e0      0x158 Middlewares/Third_Party/FreeRTOS/Source/queue.o
 .debug_aranges
                0x0000000000001238      0x1f8 Middlewares/Third_Party/FreeRTOS/Source/tasks.o
 .debug_aranges
                0x0000000000001430       0xe0 Middlewares/Third_Party/FreeRTOS/Source/timers.o
 .debug_aranges
                0x0000000000001510       0x70 Middlewares/Third_Party/FreeRTOS/Source/portable/GCC/ARM_CM3/port.o
 .debug_aranges
                0x0000000000001580       0x50 Middlewares/Third_Party/FreeRTOS/Source/portable/MemMang/heap_4.o

.debug_ranges   0x0000000000000000     0x1428
 .debug_ranges  0x0000000000000000       0x18 Core/Src/MicrostepDriver.o
 .debug_ranges  0x0000000000000018       0x90 Core/Src/PCB_WELDER.o
 .debug_ranges  0x00000000000000a8       0x48 Core/Src/STLED316S.o
 .debug_ranges  0x00000000000000f0       0x20 Core/Src/STM32_flash.o
 .debug_ranges  0x0000000000000110       0x48 Core/Src/WELDER_tasks.o
 .debug_ranges  0x0000000000000158       0x40 Core/Src/main.o
 .debug_ranges  0x0000000000000198       0x38 Core/Src/stm32f1xx_hal_msp.o
 .debug_ranges  0x00000000000001d0       0x68 Core/Src/stm32f1xx_it.o
 .debug_ranges  0x0000000000000238       0x18 Core/Src/system_stm32f1xx.o
 .debug_ranges  0x0000000000000250       0x20 Core/Startup/startup_stm32f103rctx.o
 .debug_ranges  0x0000000000000270       0xd0 Drivers/STM32F1xx_HAL_Driver/Src/stm32f1xx_hal.o
 .debug_ranges  0x0000000000000340       0xf0 Drivers/STM32F1xx_HAL_Driver/Src/stm32f1xx_hal_cortex.o
 .debug_ranges  0x0000000000000430       0x70 Drivers/STM32F1xx_HAL_Driver/Src/stm32f1xx_hal_dma.o
 .debug_ranges  0x00000000000004a0       0x78 Drivers/STM32F1xx_HAL_Driver/Src/stm32f1xx_hal_flash.o
 .debug_ranges  0x0000000000000518       0x88 Drivers/STM32F1xx_HAL_Driver/Src/stm32f1xx_hal_flash_ex.o
 .debug_ranges  0x00000000000005a0       0x48 Drivers/STM32F1xx_HAL_Driver/Src/stm32f1xx_hal_gpio.o
 .debug_ranges  0x00000000000005e8       0x80 Drivers/STM32F1xx_HAL_Driver/Src/stm32f1xx_hal_rcc.o
 .debug_ranges  0x0000000000000668      0x1c0 Drivers/STM32F1xx_HAL_Driver/Src/stm32f1xx_hal_spi.o
 .debug_ranges  0x0000000000000828      0x3c0 Drivers/STM32F1xx_HAL_Driver/Src/stm32f1xx_hal_tim.o
 .debug_ranges  0x0000000000000be8      0x158 Drivers/STM32F1xx_HAL_Driver/Src/stm32f1xx_hal_tim_ex.o
 .debug_ranges  0x0000000000000d40      0x218 Middlewares/Third_Party/FreeRTOS/Source/CMSIS_RTOS_V2/cmsis_os2.o
 .debug_ranges  0x0000000000000f58       0x30 Middlewares/Third_Party/FreeRTOS/Source/list.o
 .debug_ranges  0x0000000000000f88      0x148 Middlewares/Third_Party/FreeRTOS/Source/queue.o
 .debug_ranges  0x00000000000010d0      0x1e8 Middlewares/Third_Party/FreeRTOS/Source/tasks.o
 .debug_ranges  0x00000000000012b8       0xd0 Middlewares/Third_Party/FreeRTOS/Source/timers.o
 .debug_ranges  0x0000000000001388       0x60 Middlewares/Third_Party/FreeRTOS/Source/portable/GCC/ARM_CM3/port.o
 .debug_ranges  0x00000000000013e8       0x40 Middlewares/Third_Party/FreeRTOS/Source/portable/MemMang/heap_4.o

.debug_macro    0x0000000000000000    0x1b8e6
 .debug_macro   0x0000000000000000      0x29c Core/Src/MicrostepDriver.o
 .debug_macro   0x000000000000029c      0xa9c Core/Src/MicrostepDriver.o
 .debug_macro   0x0000000000000d38      0x21b Core/Src/MicrostepDriver.o
 .debug_macro   0x0000000000000f53       0x2e Core/Src/MicrostepDriver.o
 .debug_macro   0x0000000000000f81       0x22 Core/Src/MicrostepDriver.o
 .debug_macro   0x0000000000000fa3       0x22 Core/Src/MicrostepDriver.o
 .debug_macro   0x0000000000000fc5       0x8e Core/Src/MicrostepDriver.o
 .debug_macro   0x0000000000001053       0x51 Core/Src/MicrostepDriver.o
 .debug_macro   0x00000000000010a4      0x103 Core/Src/MicrostepDriver.o
 .debug_macro   0x00000000000011a7       0x6a Core/Src/MicrostepDriver.o
 .debug_macro   0x0000000000001211      0x1df Core/Src/MicrostepDriver.o
 .debug_macro   0x00000000000013f0       0x1c Core/Src/MicrostepDriver.o
 .debug_macro   0x000000000000140c       0x22 Core/Src/MicrostepDriver.o
 .debug_macro   0x000000000000142e       0xc3 Core/Src/MicrostepDriver.o
 .debug_macro   0x00000000000014f1      0xd23 Core/Src/MicrostepDriver.o
 .debug_macro   0x0000000000002214     0xfd85 Core/Src/MicrostepDriver.o
 .debug_macro   0x0000000000011f99       0x43 Core/Src/MicrostepDriver.o
 .debug_macro   0x0000000000011fdc     0x3468 Core/Src/MicrostepDriver.o
 .debug_macro   0x0000000000015444      0x174 Core/Src/MicrostepDriver.o
 .debug_macro   0x00000000000155b8       0x5c Core/Src/MicrostepDriver.o
 .debug_macro   0x0000000000015614      0x5be Core/Src/MicrostepDriver.o
 .debug_macro   0x0000000000015bd2      0x4d5 Core/Src/MicrostepDriver.o
 .debug_macro   0x00000000000160a7      0x1cb Core/Src/MicrostepDriver.o
 .debug_macro   0x0000000000016272      0x114 Core/Src/MicrostepDriver.o
 .debug_macro   0x0000000000016386      0x1ea Core/Src/MicrostepDriver.o
 .debug_macro   0x0000000000016570       0x27 Core/Src/MicrostepDriver.o
 .debug_macro   0x0000000000016597      0x144 Core/Src/MicrostepDriver.o
 .debug_macro   0x00000000000166db      0x1bc Core/Src/MicrostepDriver.o
 .debug_macro   0x0000000000016897       0x30 Core/Src/MicrostepDriver.o
 .debug_macro   0x00000000000168c7       0x3c Core/Src/MicrostepDriver.o
 .debug_macro   0x0000000000016903       0x57 Core/Src/MicrostepDriver.o
 .debug_macro   0x000000000001695a       0x88 Core/Src/MicrostepDriver.o
 .debug_macro   0x00000000000169e2      0x24f Core/Src/MicrostepDriver.o
 .debug_macro   0x0000000000016c31      0x141 Core/Src/MicrostepDriver.o
 .debug_macro   0x0000000000016d72      0x217 Core/Src/MicrostepDriver.o
 .debug_macro   0x0000000000016f89      0x8d1 Core/Src/MicrostepDriver.o
 .debug_macro   0x000000000001785a       0xb5 Core/Src/MicrostepDriver.o
 .debug_macro   0x000000000001790f      0x118 Core/Src/MicrostepDriver.o
 .debug_macro   0x0000000000017a27      0x115 Core/Src/MicrostepDriver.o
 .debug_macro   0x0000000000017b3c      0x15a Core/Src/MicrostepDriver.o
 .debug_macro   0x0000000000017c96       0xbb Core/Src/MicrostepDriver.o
 .debug_macro   0x0000000000017d51       0x10 Core/Src/MicrostepDriver.o
 .debug_macro   0x0000000000017d61       0x1f Core/Src/MicrostepDriver.o
 .debug_macro   0x0000000000017d80      0x48d Core/Src/MicrostepDriver.o
 .debug_macro   0x000000000001820d       0xb5 Core/Src/MicrostepDriver.o
 .debug_macro   0x00000000000182c2       0x8c Core/Src/MicrostepDriver.o
 .debug_macro   0x000000000001834e       0x8d Core/Src/MicrostepDriver.o
 .debug_macro   0x00000000000183db       0x5b Core/Src/MicrostepDriver.o
 .debug_macro   0x0000000000018436       0x74 Core/Src/MicrostepDriver.o
 .debug_macro   0x00000000000184aa       0xdd Core/Src/MicrostepDriver.o
 .debug_macro   0x0000000000018587       0x9a Core/Src/MicrostepDriver.o
 .debug_macro   0x0000000000018621       0x28 Core/Src/MicrostepDriver.o
 .debug_macro   0x0000000000018649       0xa6 Core/Src/MicrostepDriver.o
 .debug_macro   0x00000000000186ef       0x10 Core/Src/MicrostepDriver.o
 .debug_macro   0x00000000000186ff       0x8e Core/Src/MicrostepDriver.o
 .debug_macro   0x000000000001878d      0x29c Core/Src/PCB_WELDER.o
 .debug_macro   0x0000000000018a29      0x1c2 Core/Src/STLED316S.o
 .debug_macro   0x0000000000018beb      0x1bb Core/Src/STM32_flash.o
 .debug_macro   0x0000000000018da6      0x2a0 Core/Src/WELDER_tasks.o
 .debug_macro   0x0000000000019046      0x2b4 Core/Src/main.o
 .debug_macro   0x00000000000192fa      0x1b2 Core/Src/stm32f1xx_hal_msp.o
 .debug_macro   0x00000000000194ac      0x27e Core/Src/stm32f1xx_it.o
 .debug_macro   0x000000000001972a      0x1a3 Core/Src/system_stm32f1xx.o
 .debug_macro   0x00000000000198cd      0x1c7 Drivers/STM32F1xx_HAL_Driver/Src/stm32f1xx_hal.o
 .debug_macro   0x0000000000019a94      0x1a3 Drivers/STM32F1xx_HAL_Driver/Src/stm32f1xx_hal_cortex.o
 .debug_macro   0x0000000000019c37      0x1a3 Drivers/STM32F1xx_HAL_Driver/Src/stm32f1xx_hal_dma.o
 .debug_macro   0x0000000000019dda      0x1a3 Drivers/STM32F1xx_HAL_Driver/Src/stm32f1xx_hal_flash.o
 .debug_macro   0x0000000000019f7d      0x1b5 Drivers/STM32F1xx_HAL_Driver/Src/stm32f1xx_hal_flash_ex.o
 .debug_macro   0x000000000001a132      0x20e Drivers/STM32F1xx_HAL_Driver/Src/stm32f1xx_hal_gpio.o
 .debug_macro   0x000000000001a340      0x1b5 Drivers/STM32F1xx_HAL_Driver/Src/stm32f1xx_hal_rcc.o
 .debug_macro   0x000000000001a4f5      0x1ab Drivers/STM32F1xx_HAL_Driver/Src/stm32f1xx_hal_spi.o
 .debug_macro   0x000000000001a6a0      0x1a4 Drivers/STM32F1xx_HAL_Driver/Src/stm32f1xx_hal_tim.o
 .debug_macro   0x000000000001a844      0x1a3 Drivers/STM32F1xx_HAL_Driver/Src/stm32f1xx_hal_tim_ex.o
 .debug_macro   0x000000000001a9e7      0x247 Middlewares/Third_Party/FreeRTOS/Source/CMSIS_RTOS_V2/cmsis_os2.o
 .debug_macro   0x000000000001ac2e       0x10 Middlewares/Third_Party/FreeRTOS/Source/CMSIS_RTOS_V2/cmsis_os2.o
 .debug_macro   0x000000000001ac3e       0x20 Middlewares/Third_Party/FreeRTOS/Source/CMSIS_RTOS_V2/cmsis_os2.o
 .debug_macro   0x000000000001ac5e       0x10 Middlewares/Third_Party/FreeRTOS/Source/CMSIS_RTOS_V2/cmsis_os2.o
 .debug_macro   0x000000000001ac6e       0xb7 Middlewares/Third_Party/FreeRTOS/Source/CMSIS_RTOS_V2/cmsis_os2.o
 .debug_macro   0x000000000001ad25       0x91 Middlewares/Third_Party/FreeRTOS/Source/CMSIS_RTOS_V2/cmsis_os2.o
 .debug_macro   0x000000000001adb6      0x187 Middlewares/Third_Party/FreeRTOS/Source/list.o
 .debug_macro   0x000000000001af3d      0x212 Middlewares/Third_Party/FreeRTOS/Source/queue.o
 .debug_macro   0x000000000001b14f       0x16 Middlewares/Third_Party/FreeRTOS/Source/queue.o
 .debug_macro   0x000000000001b165      0x287 Middlewares/Third_Party/FreeRTOS/Source/tasks.o
 .debug_macro   0x000000000001b3ec       0x10 Middlewares/Third_Party/FreeRTOS/Source/tasks.o
 .debug_macro   0x000000000001b3fc      0x1ca Middlewares/Third_Party/FreeRTOS/Source/timers.o
 .debug_macro   0x000000000001b5c6      0x172 Middlewares/Third_Party/FreeRTOS/Source/portable/GCC/ARM_CM3/port.o
 .debug_macro   0x000000000001b738      0x1ae Middlewares/Third_Party/FreeRTOS/Source/portable/MemMang/heap_4.o

.debug_line     0x0000000000000000    0x18b59
 .debug_line    0x0000000000000000      0x88a Core/Src/MicrostepDriver.o
 .debug_line    0x000000000000088a      0xd86 Core/Src/PCB_WELDER.o
 .debug_line    0x0000000000001610      0x83c Core/Src/STLED316S.o
 .debug_line    0x0000000000001e4c      0x762 Core/Src/STM32_flash.o
 .debug_line    0x00000000000025ae     0x16e4 Core/Src/WELDER_tasks.o
 .debug_line    0x0000000000003c92      0xa1f Core/Src/main.o
 .debug_line    0x00000000000046b1      0x732 Core/Src/stm32f1xx_hal_msp.o
 .debug_line    0x0000000000004de3      0x92c Core/Src/stm32f1xx_it.o
 .debug_line    0x000000000000570f      0x6fa Core/Src/system_stm32f1xx.o
 .debug_line    0x0000000000005e09       0x84 Core/Startup/startup_stm32f103rctx.o
 .debug_line    0x0000000000005e8d      0x927 Drivers/STM32F1xx_HAL_Driver/Src/stm32f1xx_hal.o
 .debug_line    0x00000000000067b4      0xb0f Drivers/STM32F1xx_HAL_Driver/Src/stm32f1xx_hal_cortex.o
 .debug_line    0x00000000000072c3     0x1251 Drivers/STM32F1xx_HAL_Driver/Src/stm32f1xx_hal_dma.o
 .debug_line    0x0000000000008514      0xa04 Drivers/STM32F1xx_HAL_Driver/Src/stm32f1xx_hal_flash.o
 .debug_line    0x0000000000008f18      0xaf5 Drivers/STM32F1xx_HAL_Driver/Src/stm32f1xx_hal_flash_ex.o
 .debug_line    0x0000000000009a0d      0x9e6 Drivers/STM32F1xx_HAL_Driver/Src/stm32f1xx_hal_gpio.o
 .debug_line    0x000000000000a3f3      0xd35 Drivers/STM32F1xx_HAL_Driver/Src/stm32f1xx_hal_rcc.o
 .debug_line    0x000000000000b128     0x1b9f Drivers/STM32F1xx_HAL_Driver/Src/stm32f1xx_hal_spi.o
 .debug_line    0x000000000000ccc7     0x34ee Drivers/STM32F1xx_HAL_Driver/Src/stm32f1xx_hal_tim.o
 .debug_line    0x00000000000101b5     0x1a31 Drivers/STM32F1xx_HAL_Driver/Src/stm32f1xx_hal_tim_ex.o
 .debug_line    0x0000000000011be6     0x2458 Middlewares/Third_Party/FreeRTOS/Source/CMSIS_RTOS_V2/cmsis_os2.o
 .debug_line    0x000000000001403e      0x70a Middlewares/Third_Party/FreeRTOS/Source/list.o
 .debug_line    0x0000000000014748     0x115c Middlewares/Third_Party/FreeRTOS/Source/queue.o
 .debug_line    0x00000000000158a4     0x1929 Middlewares/Third_Party/FreeRTOS/Source/tasks.o
 .debug_line    0x00000000000171cd      0xae8 Middlewares/Third_Party/FreeRTOS/Source/timers.o
 .debug_line    0x0000000000017cb5      0x64c Middlewares/Third_Party/FreeRTOS/Source/portable/GCC/ARM_CM3/port.o
 .debug_line    0x0000000000018301      0x858 Middlewares/Third_Party/FreeRTOS/Source/portable/MemMang/heap_4.o

.debug_str      0x0000000000000000    0xa2760
 .debug_str     0x0000000000000000    0x97379 Core/Src/MicrostepDriver.o
                                      0x978b2 (size before relaxing)
 .debug_str     0x0000000000097379      0x1f6 Core/Src/PCB_WELDER.o
                                      0x97a62 (size before relaxing)
 .debug_str     0x000000000009756f       0xf3 Core/Src/STLED316S.o
                                      0x91564 (size before relaxing)
 .debug_str     0x0000000000097662       0xaa Core/Src/STM32_flash.o
                                      0x91195 (size before relaxing)
 .debug_str     0x000000000009770c      0x434 Core/Src/WELDER_tasks.o
                                      0x97ca7 (size before relaxing)
 .debug_str     0x0000000000097b40      0xa6d Core/Src/main.o
                                      0x983b8 (size before relaxing)
 .debug_str     0x00000000000985ad       0xd0 Core/Src/stm32f1xx_hal_msp.o
                                      0x91bf4 (size before relaxing)
 .debug_str     0x000000000009867d       0xfb Core/Src/stm32f1xx_it.o
                                      0x9763e (size before relaxing)
 .debug_str     0x0000000000098778       0x52 Core/Src/system_stm32f1xx.o
                                      0x90b78 (size before relaxing)
 .debug_str     0x00000000000987ca       0x36 Core/Startup/startup_stm32f103rctx.o
                                         0x66 (size before relaxing)
 .debug_str     0x0000000000098800      0x2fa Drivers/STM32F1xx_HAL_Driver/Src/stm32f1xx_hal.o
                                      0x912ed (size before relaxing)
 .debug_str     0x0000000000098afa      0x2f7 Drivers/STM32F1xx_HAL_Driver/Src/stm32f1xx_hal_cortex.o
                                      0x912f5 (size before relaxing)
 .debug_str     0x0000000000098df1      0x235 Drivers/STM32F1xx_HAL_Driver/Src/stm32f1xx_hal_dma.o