Archive member included to satisfy reference by file (symbol)

c:/st/stm32cubeide_1.5.0/stm32cubeide/plugins/com.st.stm32cube.ide.mcu.externaltools.gnu-tools-for-stm32.9-2020-q2-update.win32_1.5.0.202011040924/tools/bin/../lib/gcc/arm-none-eabi/9.3.1/../../../../arm-none-eabi/lib/thumb/v7-m/nofp\libc_nano.a(lib_a-errno.o)
                              Core/Src/syscalls.o (__errno)
c:/st/stm32cubeide_1.5.0/stm32cubeide/plugins/com.st.stm32cube.ide.mcu.externaltools.gnu-tools-for-stm32.9-2020-q2-update.win32_1.5.0.202011040924/tools/bin/../lib/gcc/arm-none-eabi/9.3.1/../../../../arm-none-eabi/lib/thumb/v7-m/nofp\libc_nano.a(lib_a-exit.o)
                              c:/st/stm32cubeide_1.5.0/stm32cubeide/plugins/com.st.stm32cube.ide.mcu.externaltools.gnu-tools-for-stm32.9-2020-q2-update.win32_1.5.0.202011040924/tools/bin/../lib/gcc/arm-none-eabi/9.3.1/../../../../arm-none-eabi/lib/thumb/v7-m/nofp/crt0.o (exit)
c:/st/stm32cubeide_1.5.0/stm32cubeide/plugins/com.st.stm32cube.ide.mcu.externaltools.gnu-tools-for-stm32.9-2020-q2-update.win32_1.5.0.202011040924/tools/bin/../lib/gcc/arm-none-eabi/9.3.1/../../../../arm-none-eabi/lib/thumb/v7-m/nofp\libc_nano.a(lib_a-impure.o)
                              c:/st/stm32cubeide_1.5.0/stm32cubeide/plugins/com.st.stm32cube.ide.mcu.externaltools.gnu-tools-for-stm32.9-2020-q2-update.win32_1.5.0.202011040924/tools/bin/../lib/gcc/arm-none-eabi/9.3.1/../../../../arm-none-eabi/lib/thumb/v7-m/nofp\libc_nano.a(lib_a-exit.o) (_global_impure_ptr)
c:/st/stm32cubeide_1.5.0/stm32cubeide/plugins/com.st.stm32cube.ide.mcu.externaltools.gnu-tools-for-stm32.9-2020-q2-update.win32_1.5.0.202011040924/tools/bin/../lib/gcc/arm-none-eabi/9.3.1/../../../../arm-none-eabi/lib/thumb/v7-m/nofp\libc_nano.a(lib_a-init.o)
                              c:/st/stm32cubeide_1.5.0/stm32cubeide/plugins/com.st.stm32cube.ide.mcu.externaltools.gnu-tools-for-stm32.9-2020-q2-update.win32_1.5.0.202011040924/tools/bin/../lib/gcc/arm-none-eabi/9.3.1/../../../../arm-none-eabi/lib/thumb/v7-m/nofp/crt0.o (__libc_init_array)
c:/st/stm32cubeide_1.5.0/stm32cubeide/plugins/com.st.stm32cube.ide.mcu.externaltools.gnu-tools-for-stm32.9-2020-q2-update.win32_1.5.0.202011040924/tools/bin/../lib/gcc/arm-none-eabi/9.3.1/../../../../arm-none-eabi/lib/thumb/v7-m/nofp\libc_nano.a(lib_a-memcpy-stub.o)
                              Middlewares/Third_Party/FreeRTOS/Source/CMSIS_RTOS_V2/cmsis_os2.o (memcpy)
c:/st/stm32cubeide_1.5.0/stm32cubeide/plugins/com.st.stm32cube.ide.mcu.externaltools.gnu-tools-for-stm32.9-2020-q2-update.win32_1.5.0.202011040924/tools/bin/../lib/gcc/arm-none-eabi/9.3.1/../../../../arm-none-eabi/lib/thumb/v7-m/nofp\libc_nano.a(lib_a-memset.o)
                              c:/st/stm32cubeide_1.5.0/stm32cubeide/plugins/com.st.stm32cube.ide.mcu.externaltools.gnu-tools-for-stm32.9-2020-q2-update.win32_1.5.0.202011040924/tools/bin/../lib/gcc/arm-none-eabi/9.3.1/../../../../arm-none-eabi/lib/thumb/v7-m/nofp/crt0.o (memset)
c:/st/stm32cubeide_1.5.0/stm32cubeide/plugins/com.st.stm32cube.ide.mcu.externaltools.gnu-tools-for-stm32.9-2020-q2-update.win32_1.5.0.202011040924/tools/bin/../lib/gcc/arm-none-eabi/9.3.1/thumb/v7-m/nofp\libgcc.a(_arm_muldf3.o)
                              Core/Src/PCB_WELDER.o (__aeabi_dmul)
c:/st/stm32cubeide_1.5.0/stm32cubeide/plugins/com.st.stm32cube.ide.mcu.externaltools.gnu-tools-for-stm32.9-2020-q2-update.win32_1.5.0.202011040924/tools/bin/../lib/gcc/arm-none-eabi/9.3.1/thumb/v7-m/nofp\libgcc.a(_arm_addsubdf3.o)
                              Core/Src/PCB_WELDER.o (__aeabi_i2d)
c:/st/stm32cubeide_1.5.0/stm32cubeide/plugins/com.st.stm32cube.ide.mcu.externaltools.gnu-tools-for-stm32.9-2020-q2-update.win32_1.5.0.202011040924/tools/bin/../lib/gcc/arm-none-eabi/9.3.1/thumb/v7-m/nofp\libgcc.a(_arm_muldivdf3.o)
                              Core/Src/PCB_WELDER.o (__aeabi_ddiv)
c:/st/stm32cubeide_1.5.0/stm32cubeide/plugins/com.st.stm32cube.ide.mcu.externaltools.gnu-tools-for-stm32.9-2020-q2-update.win32_1.5.0.202011040924/tools/bin/../lib/gcc/arm-none-eabi/9.3.1/thumb/v7-m/nofp\libgcc.a(_arm_fixunsdfsi.o)
                              Core/Src/PCB_WELDER.o (__aeabi_d2uiz)

Allocating common symbols
Common symbol       size              file

qBeepMode           0x4               Core/Src/MicrostepDriver.o
defaultTaskHandle   0x4               Core/Src/main.o
WelderUnit          0x24              Core/Src/MicrostepDriver.o
xSemaphore_StepCount
                    0x4               Core/Src/MicrostepDriver.o
STLED_Rx            0x8               Core/Src/MicrostepDriver.o
ReadFlashPage       0x800             Core/Src/MicrostepDriver.o
uwTick              0x4               Drivers/STM32F1xx_HAL_Driver/Src/stm32f1xx_hal.o
xQueueRegistry      0x40              Middlewares/Third_Party/FreeRTOS/Source/queue.o
pFlash              0x20              Drivers/STM32F1xx_HAL_Driver/Src/stm32f1xx_hal_flash.o
htim3               0x48              Core/Src/main.o
[...]
Memory Configuration

Name             Origin             Length             Attributes
RAM              0x0000000020000000 0x000000000000c000 xrw
FLASH            0x0000000008000000 0x0000000000040000 xr
*default*        0x0000000000000000 0xffffffffffffffff

Linker script and memory map

LOAD c:/st/stm32cubeide_1.5.0/stm32cubeide/plugins/com.st.stm32cube.ide.mcu.externaltools.gnu-tools-for-stm32.9-2020-q2-update.win32_1.5.0.202011040924/tools/bin/../lib/gcc/arm-none-eabi/9.3.1/thumb/v7-m/nofp/crti.o
LOAD c:/st/stm32cubeide_1.5.0/stm32cubeide/plugins/com.st.stm32cube.ide.mcu.externaltools.gnu-tools-for-stm32.9-2020-q2-update.win32_1.5.0.202011040924/tools/bin/../lib/gcc/arm-none-eabi/9.3.1/thumb/v7-m/nofp/crtbegin.o
LOAD c:/st/stm32cubeide_1.5.0/stm32cubeide/plugins/com.st.stm32cube.ide.mcu.externaltools.gnu-tools-for-stm32.9-2020-q2-update.win32_1.5.0.202011040924/tools/bin/../lib/gcc/arm-none-eabi/9.3.1/../../../../arm-none-eabi/lib/thumb/v7-m/nofp/crt0.o
LOAD Core/Src/MicrostepDriver.o
LOAD Core/Src/PCB_WELDER.o
LOAD Core/Src/STLED316S.o
LOAD Core/Src/STM32_flash.o
LOAD Core/Src/WELDER_tasks.o
LOAD Core/Src/freertos.o
LOAD Core/Src/main.o
LOAD Core/Src/stm32f1xx_hal_msp.o
LOAD Core/Src/stm32f1xx_it.o
LOAD Core/Src/syscalls.o
LOAD Core/Src/sysmem.o
LOAD Core/Src/system_stm32f1xx.o
LOAD Core/Startup/startup_stm32f103rctx.o
LOAD Drivers/STM32F1xx_HAL_Driver/Src/stm32f1xx_hal.o
LOAD Drivers/STM32F1xx_HAL_Driver/Src/stm32f1xx_hal_cortex.o
LOAD Drivers/STM32F1xx_HAL_Driver/Src/stm32f1xx_hal_dma.o
LOAD Drivers/STM32F1xx_HAL_Driver/Src/stm32f1xx_hal_exti.o
LOAD Drivers/STM32F1xx_HAL_Driver/Src/stm32f1xx_hal_flash.o
LOAD Drivers/STM32F1xx_HAL_Driver/Src/stm32f1xx_hal_flash_ex.o
LOAD Drivers/STM32F1xx_HAL_Driver/Src/stm32f1xx_hal_gpio.o
LOAD Drivers/STM32F1xx_HAL_Driver/Src/stm32f1xx_hal_gpio_ex.o
LOAD Drivers/STM32F1xx_HAL_Driver/Src/stm32f1xx_hal_pwr.o
LOAD Drivers/STM32F1xx_HAL_Driver/Src/stm32f1xx_hal_rcc.o
LOAD Drivers/STM32F1xx_HAL_Driver/Src/stm32f1xx_hal_rcc_ex.o
LOAD Drivers/STM32F1xx_HAL_Driver/Src/stm32f1xx_hal_spi.o
LOAD Drivers/STM32F1xx_HAL_Driver/Src/stm32f1xx_hal_tim.o
LOAD Drivers/STM32F1xx_HAL_Driver/Src/stm32f1xx_hal_tim_ex.o
LOAD Middlewares/Third_Party/FreeRTOS/Source/CMSIS_RTOS_V2/cmsis_os2.o
LOAD Middlewares/Third_Party/FreeRTOS/Source/croutine.o
LOAD Middlewares/Third_Party/FreeRTOS/Source/event_groups.o
LOAD Middlewares/Third_Party/FreeRTOS/Source/list.o
LOAD Middlewares/Third_Party/FreeRTOS/Source/queue.o
LOAD Middlewares/Third_Party/FreeRTOS/Source/stream_buffer.o
LOAD Middlewares/Third_Party/FreeRTOS/Source/tasks.o
LOAD Middlewares/Third_Party/FreeRTOS/Source/timers.o
LOAD Middlewares/Third_Party/FreeRTOS/Source/portable/GCC/ARM_CM3/port.o
LOAD Middlewares/Third_Party/FreeRTOS/Source/portable/MemMang/heap_4.o
START GROUP
LOAD c:/st/stm32cubeide_1.5.0/stm32cubeide/plugins/com.st.stm32cube.ide.mcu.externaltools.gnu-tools-for-stm32.9-2020-q2-update.win32_1.5.0.202011040924/tools/bin/../lib/gcc/arm-none-eabi/9.3.1/../../../../arm-none-eabi/lib/thumb/v7-m/nofp\libc_nano.a
LOAD c:/st/stm32cubeide_1.5.0/stm32cubeide/plugins/com.st.stm32cube.ide.mcu.externaltools.gnu-tools-for-stm32.9-2020-q2-update.win32_1.5.0.202011040924/tools/bin/../lib/gcc/arm-none-eabi/9.3.1/../../../../arm-none-eabi/lib/thumb/v7-m/nofp\libm.a
END GROUP
START GROUP
LOAD c:/st/stm32cubeide_1.5.0/stm32cubeide/plugins/com.st.stm32cube.ide.mcu.externaltools.gnu-tools-for-stm32.9-2020-q2-update.win32_1.5.0.202011040924/tools/bin/../lib/gcc/arm-none-eabi/9.3.1/thumb/v7-m/nofp\libgcc.a
LOAD c:/st/stm32cubeide_1.5.0/stm32cubeide/plugins/com.st.stm32cube.ide.mcu.externaltools.gnu-tools-for-stm32.9-2020-q2-update.win32_1.5.0.202011040924/tools/bin/../lib/gcc/arm-none-eabi/9.3.1/../../../../arm-none-eabi/lib/thumb/v7-m/nofp\libc_nano.a
END GROUP
START GROUP
LOAD c:/st/stm32cubeide_1.5.0/stm32cubeide/plugins/com.st.stm32cube.ide.mcu.externaltools.gnu-tools-for-stm32.9-2020-q2-update.win32_1.5.0.202011040924/tools/bin/../lib/gcc/arm-none-eabi/9.3.1/thumb/v7-m/nofp\libgcc.a
LOAD c:/st/stm32cubeide_1.5.0/stm32cubeide/plugins/com.st.stm32cube.ide.mcu.externaltools.gnu-tools-for-stm32.9-2020-q2-update.win32_1.5.0.202011040924/tools/bin/../lib/gcc/arm-none-eabi/9.3.1/../../../../arm-none-eabi/lib/thumb/v7-m/nofp\libc_nano.a
LOAD c:/st/stm32cubeide_1.5.0/stm32cubeide/plugins/com.st.stm32cube.ide.mcu.externaltools.gnu-tools-for-stm32.9-2020-q2-update.win32_1.5.0.202011040924/tools/bin/../lib/gcc/arm-none-eabi/9.3.1/../../../../arm-none-eabi/lib/thumb/v7-m/nofp\libnosys.a
END GROUP
START GROUP
LOAD c:/st/stm32cubeide_1.5.0/stm32cubeide/plugins/com.st.stm32cube.ide.mcu.externaltools.gnu-tools-for-stm32.9-2020-q2-update.win32_1.5.0.202011040924/tools/bin/../lib/gcc/arm-none-eabi/9.3.1/thumb/v7-m/nofp\libgcc.a
LOAD c:/st/stm32cubeide_1.5.0/stm32cubeide/plugins/com.st.stm32cube.ide.mcu.externaltools.gnu-tools-for-stm32.9-2020-q2-update.win32_1.5.0.202011040924/tools/bin/../lib/gcc/arm-none-eabi/9.3.1/../../../../arm-none-eabi/lib/thumb/v7-m/nofp\libc_nano.a
LOAD c:/st/stm32cubeide_1.5.0/stm32cubeide/plugins/com.st.stm32cube.ide.mcu.externaltools.gnu-tools-for-stm32.9-2020-q2-update.win32_1.5.0.202011040924/tools/bin/../lib/gcc/arm-none-eabi/9.3.1/../../../../arm-none-eabi/lib/thumb/v7-m/nofp\libnosys.a
END GROUP
LOAD c:/st/stm32cubeide_1.5.0/stm32cubeide/plugins/com.st.stm32cube.ide.mcu.externaltools.gnu-tools-for-stm32.9-2020-q2-update.win32_1.5.0.202011040924/tools/bin/../lib/gcc/arm-none-eabi/9.3.1/thumb/v7-m/nofp/crtend.o
LOAD c:/st/stm32cubeide_1.5.0/stm32cubeide/plugins/com.st.stm32cube.ide.mcu.externaltools.gnu-tools-for-stm32.9-2020-q2-update.win32_1.5.0.202011040924/tools/bin/../lib/gcc/arm-none-eabi/9.3.1/thumb/v7-m/nofp/crtn.o
                0x000000002000c000                _estack = (ORIGIN (RAM) + LENGTH (RAM))
                0x0000000000000400                _Min_Heap_Size = 0x400
                0x0000000000000800                _Min_Stack_Size = 0x800

.isr_vector     0x0000000008000000      0x1e4
                0x0000000008000000                . = ALIGN (0x4)
 *(.isr_vector)
 .isr_vector    0x0000000008000000      0x1e4 Core/Startup/startup_stm32f103rctx.o
                0x0000000008000000                g_pfnVectors
                0x00000000080001e4                . = ALIGN (0x4)

.text           0x00000000080001f0     0x90cc
                0x00000000080001f0                . = ALIGN (0x4)
 *(.text)
 .text          0x00000000080001f0       0x40 c:/st/stm32cubeide_1.5.0/stm32cubeide/plugins/com.st.stm32cube.ide.mcu.externaltools.gnu-tools-for-stm32.9-2020-q2-update.win32_1.5.0.202011040924/tools/bin/../lib/gcc/arm-none-eabi/9.3.1/thumb/v7-m/nofp/crtbegin.o
 .text          0x0000000008000230      0x378 c:/st/stm32cubeide_1.5.0/stm32cubeide/plugins/com.st.stm32cube.ide.mcu.externaltools.gnu-tools-for-stm32.9-2020-q2-update.win32_1.5.0.202011040924/tools/bin/../lib/gcc/arm-none-eabi/9.3.1/thumb/v7-m/nofp\libgcc.a(_arm_addsubdf3.o)
                0x0000000008000230                __aeabi_drsub
                0x0000000008000238                __aeabi_dsub
                0x0000000008000238                __subdf3
                0x000000000800023c                __aeabi_dadd
                0x000000000800023c                __adddf3
                0x00000000080004b4                __floatunsidf
                0x00000000080004b4                __aeabi_ui2d
                0x00000000080004d4                __floatsidf
                0x00000000080004d4                __aeabi_i2d
                0x00000000080004f8                __aeabi_f2d
                0x00000000080004f8                __extendsfdf2
                0x000000000800053c                __floatundidf
                0x000000000800053c                __aeabi_ul2d
                0x000000000800054c                __floatdidf
                0x000000000800054c                __aeabi_l2d
 .text          0x00000000080005a8      0x424 c:/st/stm32cubeide_1.5.0/stm32cubeide/plugins/com.st.stm32cube.ide.mcu.externaltools.gnu-tools-for-stm32.9-2020-q2-update.win32_1.5.0.202011040924/tools/bin/../lib/gcc/arm-none-eabi/9.3.1/thumb/v7-m/nofp\libgcc.a(_arm_muldivdf3.o)
                0x00000000080005a8                __aeabi_dmul
                0x00000000080005a8                __muldf3
                0x00000000080007fc                __divdf3
                0x00000000080007fc                __aeabi_ddiv
 .text          0x00000000080009cc       0x40 c:/st/stm32cubeide_1.5.0/stm32cubeide/plugins/com.st.stm32cube.ide.mcu.externaltools.gnu-tools-for-stm32.9-2020-q2-update.win32_1.5.0.202011040924/tools/bin/../lib/gcc/arm-none-eabi/9.3.1/thumb/v7-m/nofp\libgcc.a(_arm_fixunsdfsi.o)
                0x00000000080009cc                __aeabi_d2uiz
                0x00000000080009cc                __fixunsdfsi
 *(.text*)
 .text.MicrostepDriver_Ini
                0x0000000008000a0c       0x30 Core/Src/MicrostepDriver.o
                0x0000000008000a0c                MicrostepDriver_Ini
 .text.MicrostepDriver_Run
                0x0000000008000a3c       0x80 Core/Src/MicrostepDriver.o
                0x0000000008000a3c                MicrostepDriver_Run
 .text.IndicatorPanel_Ini
                0x0000000008000abc       0x34 Core/Src/PCB_WELDER.o
                0x0000000008000abc                IndicatorPanel_Ini
 .text.IndicatorPanel_SetValue
                0x0000000008000af0      0x1a0 Core/Src/PCB_WELDER.o
                0x0000000008000af0                IndicatorPanel_SetValue
 .text.IndicatorPanel_SetBrightness
                0x0000000008000c90       0x64 Core/Src/PCB_WELDER.o
                0x0000000008000c90                IndicatorPanel_SetBrightness
 .text.separate
                0x0000000008000cf4       0x88 Core/Src/PCB_WELDER.o
                0x0000000008000cf4                separate
 .text.IndicatorPanel_offset_4dig
                0x0000000008000d7c       0xa4 Core/Src/PCB_WELDER.o
                0x0000000008000d7c                IndicatorPanel_offset_4dig
 .text.IndicatorPanel_offset_3dig
                0x0000000008000e20       0x66 Core/Src/PCB_WELDER.o
                0x0000000008000e20                IndicatorPanel_offset_3dig
 *fill*         0x0000000008000e86        0x2 
 .text.Carriage_Move
                0x0000000008000e88       0x90 Core/Src/PCB_WELDER.o
                0x0000000008000e88                Carriage_Move
 .text.PCB_KeyScan
                0x0000000008000f18       0x2c Core/Src/PCB_WELDER.o
                0x0000000008000f18                PCB_KeyScan
 .text.PCB_InputsScan
                0x0000000008000f44       0xc8 Core/Src/PCB_WELDER.o
                0x0000000008000f44                PCB_InputsScan
 .text.HAL_GPIO_EXTI_Callback
                0x000000000800100c       0xb4 Core/Src/PCB_WELDER.o
                0x000000000800100c                HAL_GPIO_EXTI_Callback
 .text.SaveProgramToFlash2
                0x00000000080010c0      0x108 Core/Src/PCB_WELDER.o
                0x00000000080010c0                SaveProgramToFlash2
 .text.ReadProgramFromFlash2
                0x00000000080011c8      0x13c Core/Src/PCB_WELDER.o
                0x00000000080011c8                ReadProgramFromFlash2
 .text.STLED316S_Ini
                0x0000000008001304       0x68 Core/Src/STLED316S.o
                0x0000000008001304                STLED316S_Ini
 .text.STLED316S_OutData
                0x000000000800136c       0xbc Core/Src/STLED316S.o
                0x000000000800136c                STLED316S_OutData
 .text.STLED316S_Single_Out
                0x0000000008001428       0xc4 Core/Src/STLED316S.o
                0x0000000008001428                STLED316S_Single_Out
 .text.STLED316S_Direct_Single_Out
                0x00000000080014ec       0xa0 Core/Src/STLED316S.o
                0x00000000080014ec                STLED316S_Direct_Single_Out
 .text.STLED316S_SetBrightness
                0x000000000800158c       0xb4 Core/Src/STLED316S.o
                0x000000000800158c                STLED316S_SetBrightness
 .text.STLED316S_ReciveData
                0x0000000008001640       0xc0 Core/Src/STLED316S.o
                0x0000000008001640                STLED316S_ReciveData
 .text.DelayMicro
                0x0000000008001700       0x3c Core/Src/STLED316S.o
                0x0000000008001700                DelayMicro
 .text.STM32_WriteToFlash3
                0x000000000800173c       0x74 Core/Src/STM32_flash.o
                0x000000000800173c                STM32_WriteToFlash3
 .text.freeRTOS_Tasks_Ini
                0x00000000080017b0      0x194 Core/Src/WELDER_tasks.o
                0x00000000080017b0                freeRTOS_Tasks_Ini
 .text.vKey_Action
                0x0000000008001944      0x8b4 Core/Src/WELDER_tasks.o
                0x0000000008001944                vKey_Action
 .text.vWelder_Run
                0x00000000080021f8      0x198 Core/Src/WELDER_tasks.o
                0x00000000080021f8                vWelder_Run
 .text.vCarriage_Calibration
                0x0000000008002390       0xdc Core/Src/WELDER_tasks.o
                0x0000000008002390                vCarriage_Calibration
 .text.vCarriage_GoTo
                0x000000000800246c      0x194 Core/Src/WELDER_tasks.o
                0x000000000800246c                vCarriage_GoTo
 .text.vKeyScan
                0x0000000008002600      0xa2c Core/Src/WELDER_tasks.o
                0x0000000008002600                vKeyScan
 .text.vIndicatorPanel_Out
                0x000000000800302c       0xc4 Core/Src/WELDER_tasks.o
                0x000000000800302c                vIndicatorPanel_Out
 .text.vBuzzer_beep
                0x00000000080030f0      0x174 Core/Src/WELDER_tasks.o
                0x00000000080030f0                vBuzzer_beep
 .text.main     0x0000000008003264       0x40 Core/Src/main.o
                0x0000000008003264                main
 .text.SystemClock_Config
                0x00000000080032a4       0x8a Core/Src/main.o
                0x00000000080032a4                SystemClock_Config
 *fill*         0x000000000800332e        0x2 
 .text.MX_SPI1_Init
                0x0000000008003330       0x70 Core/Src/main.o
 .text.MX_TIM3_Init
                0x00000000080033a0       0xec Core/Src/main.o
 .text.MX_GPIO_Init
                0x000000000800348c      0x1f8 Core/Src/main.o
 .text.StartDefaultTask
                0x0000000008003684       0x12 Core/Src/main.o
                0x0000000008003684                StartDefaultTask
 .text.Error_Handler
                0x0000000008003696        0xa Core/Src/main.o
                0x0000000008003696                Error_Handler
 .text.HAL_MspInit
                0x00000000080036a0       0x70 Core/Src/stm32f1xx_hal_msp.o
                0x00000000080036a0                HAL_MspInit
 .text.HAL_SPI_MspInit
                0x0000000008003710       0x8c Core/Src/stm32f1xx_hal_msp.o
                0x0000000008003710                HAL_SPI_MspInit
 .text.HAL_TIM_Base_MspInit
                0x000000000800379c       0x4c Core/Src/stm32f1xx_hal_msp.o
                0x000000000800379c                HAL_TIM_Base_MspInit
 .text.HAL_TIM_MspPostInit
                0x00000000080037e8       0x8c Core/Src/stm32f1xx_hal_msp.o
                0x00000000080037e8                HAL_TIM_MspPostInit
 .text.NMI_Handler
                0x0000000008003874        0x6 Core/Src/stm32f1xx_it.o
                0x0000000008003874                NMI_Handler
 .text.HardFault_Handler
                0x000000000800387a        0x6 Core/Src/stm32f1xx_it.o
                0x000000000800387a                HardFault_Handler
 .text.MemManage_Handler
                0x0000000008003880        0x6 Core/Src/stm32f1xx_it.o
                0x0000000008003880                MemManage_Handler
 .text.BusFault_Handler
                0x0000000008003886        0x6 Core/Src/stm32f1xx_it.o
                0x0000000008003886                BusFault_Handler
 .text.UsageFault_Handler
                0x000000000800388c        0x6 Core/Src/stm32f1xx_it.o
                0x000000000800388c                UsageFault_Handler
 .text.DebugMon_Handler
                0x0000000008003892        0xc Core/Src/stm32f1xx_it.o
                0x0000000008003892                DebugMon_Handler
 .text.SysTick_Handler
                0x000000000800389e       0x1a Core/Src/stm32f1xx_it.o
                0x000000000800389e                SysTick_Handler
 .text.EXTI2_IRQHandler
                0x00000000080038b8        0xe Core/Src/stm32f1xx_it.o
                0x00000000080038b8                EXTI2_IRQHandler
 .text.EXTI9_5_IRQHandler
                0x00000000080038c6       0x10 Core/Src/stm32f1xx_it.o
                0x00000000080038c6                EXTI9_5_IRQHandler
 *fill*         0x00000000080038d6        0x2 
 .text.TIM3_IRQHandler
                0x00000000080038d8       0x14 Core/Src/stm32f1xx_it.o
                0x00000000080038d8                TIM3_IRQHandler
 .text.SPI1_IRQHandler
                0x00000000080038ec       0x14 Core/Src/stm32f1xx_it.o
                0x00000000080038ec                SPI1_IRQHandler
 .text.EXTI15_10_IRQHandler
                0x0000000008003900       0x18 Core/Src/stm32f1xx_it.o
                0x0000000008003900                EXTI15_10_IRQHandler
 .text.SystemInit
                0x0000000008003918        0xc Core/Src/system_stm32f1xx.o
                0x0000000008003918                SystemInit
 .text.Reset_Handler
                0x0000000008003924       0x48 Core/Startup/startup_stm32f103rctx.o
                0x0000000008003924                Reset_Handler
 .text.Default_Handler
                0x000000000800396c        0x2 Core/Startup/startup_stm32f103rctx.o
                0x000000000800396c                RTC_Alarm_IRQHandler
                0x000000000800396c                TIM8_TRG_COM_IRQHandler
                0x000000000800396c                TIM8_CC_IRQHandler
                0x000000000800396c                TIM1_CC_IRQHandler
                0x000000000800396c                TIM6_IRQHandler
                0x000000000800396c                PVD_IRQHandler
                0x000000000800396c                SDIO_IRQHandler
                0x000000000800396c                EXTI3_IRQHandler
                0x000000000800396c                EXTI0_IRQHandler
                0x000000000800396c                I2C2_EV_IRQHandler
                0x000000000800396c                ADC1_2_IRQHandler
                0x000000000800396c                TAMPER_IRQHandler
                0x000000000800396c                TIM8_UP_IRQHandler
                0x000000000800396c                DMA2_Channel2_IRQHandler
                0x000000000800396c                DMA1_Channel4_IRQHandler
                0x000000000800396c                USART3_IRQHandler
                0x000000000800396c                RTC_IRQHandler
                0x000000000800396c                DMA1_Channel7_IRQHandler
                0x000000000800396c                CAN1_RX1_IRQHandler
                0x000000000800396c                UART5_IRQHandler
                0x000000000800396c                ADC3_IRQHandler
                0x000000000800396c                TIM4_IRQHandler
                0x000000000800396c                DMA2_Channel1_IRQHandler
                0x000000000800396c                I2C1_EV_IRQHandler
                0x000000000800396c                DMA1_Channel6_IRQHandler
                0x000000000800396c                UART4_IRQHandler
                0x000000000800396c                RCC_IRQHandler
                0x000000000800396c                TIM1_TRG_COM_IRQHandler
                0x000000000800396c                DMA1_Channel1_IRQHandler
                0x000000000800396c                Default_Handler
                0x000000000800396c                TIM7_IRQHandler
                0x000000000800396c                TIM5_IRQHandler
                0x000000000800396c                SPI2_IRQHandler
                0x000000000800396c                DMA1_Channel5_IRQHandler
                0x000000000800396c                EXTI4_IRQHandler
                0x000000000800396c                USB_LP_CAN1_RX0_IRQHandler
                0x000000000800396c                USB_HP_CAN1_TX_IRQHandler
                0x000000000800396c                DMA1_Channel3_IRQHandler
                0x000000000800396c                FSMC_IRQHandler
                0x000000000800396c                TIM1_UP_IRQHandler
                0x000000000800396c                WWDG_IRQHandler
                0x000000000800396c                TIM2_IRQHandler
                0x000000000800396c                TIM1_BRK_IRQHandler
                0x000000000800396c                EXTI1_IRQHandler
                0x000000000800396c                DMA2_Channel4_5_IRQHandler
                0x000000000800396c                USART2_IRQHandler
                0x000000000800396c                I2C2_ER_IRQHandler
                0x000000000800396c                DMA1_Channel2_IRQHandler
                0x000000000800396c                TIM8_BRK_IRQHandler
                0x000000000800396c                CAN1_SCE_IRQHandler
                0x000000000800396c                FLASH_IRQHandler
                0x000000000800396c                USART1_IRQHandler
                0x000000000800396c                SPI3_IRQHandler
                0x000000000800396c                I2C1_ER_IRQHandler
                0x000000000800396c                USBWakeUp_IRQHandler
                0x000000000800396c                DMA2_Channel3_IRQHandler
 *fill*         0x000000000800396e        0x2 
 .text.HAL_Init
                0x0000000008003970       0x2c Drivers/STM32F1xx_HAL_Driver/Src/stm32f1xx_hal.o
                0x0000000008003970                HAL_Init
 .text.HAL_InitTick
                0x000000000800399c       0x60 Drivers/STM32F1xx_HAL_Driver/Src/stm32f1xx_hal.o
                0x000000000800399c                HAL_InitTick
 .text.HAL_IncTick
                0x00000000080039fc       0x24 Drivers/STM32F1xx_HAL_Driver/Src/stm32f1xx_hal.o
                0x00000000080039fc                HAL_IncTick
 .text.HAL_GetTick
                0x0000000008003a20       0x14 Drivers/STM32F1xx_HAL_Driver/Src/stm32f1xx_hal.o
                0x0000000008003a20                HAL_GetTick
 .text.__NVIC_SetPriorityGrouping
                0x0000000008003a34       0x48 Drivers/STM32F1xx_HAL_Driver/Src/stm32f1xx_hal_cortex.o
 .text.__NVIC_GetPriorityGrouping
                0x0000000008003a7c       0x1c Drivers/STM32F1xx_HAL_Driver/Src/stm32f1xx_hal_cortex.o
 .text.__NVIC_EnableIRQ
                0x0000000008003a98       0x38 Drivers/STM32F1xx_HAL_Driver/Src/stm32f1xx_hal_cortex.o
 .text.__NVIC_SetPriority
                0x0000000008003ad0       0x54 Drivers/STM32F1xx_HAL_Driver/Src/stm32f1xx_hal_cortex.o
 .text.NVIC_EncodePriority
                0x0000000008003b24       0x64 Drivers/STM32F1xx_HAL_Driver/Src/stm32f1xx_hal_cortex.o
 .text.SysTick_Config
                0x0000000008003b88       0x44 Drivers/STM32F1xx_HAL_Driver/Src/stm32f1xx_hal_cortex.o
 .text.HAL_NVIC_SetPriorityGrouping
                0x0000000008003bcc       0x16 Drivers/STM32F1xx_HAL_Driver/Src/stm32f1xx_hal_cortex.o
                0x0000000008003bcc                HAL_NVIC_SetPriorityGrouping
 .text.HAL_NVIC_SetPriority
                0x0000000008003be2       0x38 Drivers/STM32F1xx_HAL_Driver/Src/stm32f1xx_hal_cortex.o
                0x0000000008003be2                HAL_NVIC_SetPriority
 .text.HAL_NVIC_EnableIRQ
                0x0000000008003c1a       0x1c Drivers/STM32F1xx_HAL_Driver/Src/stm32f1xx_hal_cortex.o
                0x0000000008003c1a                HAL_NVIC_EnableIRQ
 .text.HAL_SYSTICK_Config
                0x0000000008003c36       0x18 Drivers/STM32F1xx_HAL_Driver/Src/stm32f1xx_hal_cortex.o
                0x0000000008003c36                HAL_SYSTICK_Config
 *fill*         0x0000000008003c4e        0x2 
 .text.HAL_DMA_Abort_IT
                0x0000000008003c50      0x210 Drivers/STM32F1xx_HAL_Driver/Src/stm32f1xx_hal_dma.o
                0x0000000008003c50                HAL_DMA_Abort_IT
 .text.HAL_FLASH_Program
                0x0000000008003e60       0xe0 Drivers/STM32F1xx_HAL_Driver/Src/stm32f1xx_hal_flash.o
                0x0000000008003e60                HAL_FLASH_Program
 .text.HAL_FLASH_Unlock
                0x0000000008003f40       0x4c Drivers/STM32F1xx_HAL_Driver/Src/stm32f1xx_hal_flash.o
                0x0000000008003f40                HAL_FLASH_Unlock
 .text.HAL_FLASH_Lock
                0x0000000008003f8c       0x20 Drivers/STM32F1xx_HAL_Driver/Src/stm32f1xx_hal_flash.o
                0x0000000008003f8c                HAL_FLASH_Lock
 .text.FLASH_Program_HalfWord
                0x0000000008003fac       0x38 Drivers/STM32F1xx_HAL_Driver/Src/stm32f1xx_hal_flash.o
 .text.FLASH_WaitForLastOperation
                0x0000000008003fe4       0x8c Drivers/STM32F1xx_HAL_Driver/Src/stm32f1xx_hal_flash.o
                0x0000000008003fe4                FLASH_WaitForLastOperation
 .text.FLASH_SetErrorCode
                0x0000000008004070       0xa0 Drivers/STM32F1xx_HAL_Driver/Src/stm32f1xx_hal_flash.o
 .text.HAL_FLASHEx_Erase
                0x0000000008004110       0xd8 Drivers/STM32F1xx_HAL_Driver/Src/stm32f1xx_hal_flash_ex.o
                0x0000000008004110                HAL_FLASHEx_Erase
 .text.FLASH_MassErase
                0x00000000080041e8       0x38 Drivers/STM32F1xx_HAL_Driver/Src/stm32f1xx_hal_flash_ex.o
 .text.FLASH_PageErase
                0x0000000008004220       0x40 Drivers/STM32F1xx_HAL_Driver/Src/stm32f1xx_hal_flash_ex.o
                0x0000000008004220                FLASH_PageErase
 .text.HAL_GPIO_Init
                0x0000000008004260      0x328 Drivers/STM32F1xx_HAL_Driver/Src/stm32f1xx_hal_gpio.o
                0x0000000008004260                HAL_GPIO_Init
 .text.HAL_GPIO_ReadPin
                0x0000000008004588       0x2e Drivers/STM32F1xx_HAL_Driver/Src/stm32f1xx_hal_gpio.o
                0x0000000008004588                HAL_GPIO_ReadPin
 .text.HAL_GPIO_WritePin
                0x00000000080045b6       0x30 Drivers/STM32F1xx_HAL_Driver/Src/stm32f1xx_hal_gpio.o
                0x00000000080045b6                HAL_GPIO_WritePin
 *fill*         0x00000000080045e6        0x2 
 .text.HAL_GPIO_EXTI_IRQHandler
                0x00000000080045e8       0x30 Drivers/STM32F1xx_HAL_Driver/Src/stm32f1xx_hal_gpio.o
                0x00000000080045e8                HAL_GPIO_EXTI_IRQHandler
 .text.HAL_RCC_OscConfig
                0x0000000008004618      0x500 Drivers/STM32F1xx_HAL_Driver/Src/stm32f1xx_hal_rcc.o
                0x0000000008004618                HAL_RCC_OscConfig
 .text.HAL_RCC_ClockConfig
                0x0000000008004b18      0x1d4 Drivers/STM32F1xx_HAL_Driver/Src/stm32f1xx_hal_rcc.o
                0x0000000008004b18                HAL_RCC_ClockConfig
 .text.HAL_RCC_GetSysClockFreq
                0x0000000008004cec       0xc0 Drivers/STM32F1xx_HAL_Driver/Src/stm32f1xx_hal_rcc.o
                0x0000000008004cec                HAL_RCC_GetSysClockFreq
 .text.RCC_Delay
                0x0000000008004dac       0x3c Drivers/STM32F1xx_HAL_Driver/Src/stm32f1xx_hal_rcc.o
 .text.HAL_SPI_Init
                0x0000000008004de8      0x108 Drivers/STM32F1xx_HAL_Driver/Src/stm32f1xx_hal_spi.o
                0x0000000008004de8                HAL_SPI_Init
 .text.HAL_SPI_Transmit
                0x0000000008004ef0      0x278 Drivers/STM32F1xx_HAL_Driver/Src/stm32f1xx_hal_spi.o
                0x0000000008004ef0                HAL_SPI_Transmit
 .text.HAL_SPI_Receive
                0x0000000008005168      0x222 Drivers/STM32F1xx_HAL_Driver/Src/stm32f1xx_hal_spi.o
                0x0000000008005168                HAL_SPI_Receive
 .text.HAL_SPI_TransmitReceive
                0x000000000800538a      0x344 Drivers/STM32F1xx_HAL_Driver/Src/stm32f1xx_hal_spi.o
                0x000000000800538a                HAL_SPI_TransmitReceive
 *fill*         0x00000000080056ce        0x2 
 .text.HAL_SPI_IRQHandler
                0x00000000080056d0      0x1cc Drivers/STM32F1xx_HAL_Driver/Src/stm32f1xx_hal_spi.o
                0x00000000080056d0                HAL_SPI_IRQHandler
 .text.HAL_SPI_ErrorCallback
                0x000000000800589c       0x12 Drivers/STM32F1xx_HAL_Driver/Src/stm32f1xx_hal_spi.o
                0x000000000800589c                HAL_SPI_ErrorCallback
 .text.SPI_DMAAbortOnError
                0x00000000080058ae       0x28 Drivers/STM32F1xx_HAL_Driver/Src/stm32f1xx_hal_spi.o
 *fill*         0x00000000080058d6        0x2 
 .text.SPI_WaitFlagStateUntilTimeout
                0x00000000080058d8      0x110 Drivers/STM32F1xx_HAL_Driver/Src/stm32f1xx_hal_spi.o
 .text.SPI_EndRxTransaction
                0x00000000080059e8       0xa4 Drivers/STM32F1xx_HAL_Driver/Src/stm32f1xx_hal_spi.o
 .text.SPI_EndRxTxTransaction
                0x0000000008005a8c       0x3c Drivers/STM32F1xx_HAL_Driver/Src/stm32f1xx_hal_spi.o
 .text.HAL_TIM_Base_Init
                0x0000000008005ac8       0x9e Drivers/STM32F1xx_HAL_Driver/Src/stm32f1xx_hal_tim.o
                0x0000000008005ac8                HAL_TIM_Base_Init
 .text.HAL_TIM_PWM_Init
                0x0000000008005b66       0x9e Drivers/STM32F1xx_HAL_Driver/Src/stm32f1xx_hal_tim.o
                0x0000000008005b66                HAL_TIM_PWM_Init
 .text.HAL_TIM_PWM_MspInit
                0x0000000008005c04       0x12 Drivers/STM32F1xx_HAL_Driver/Src/stm32f1xx_hal_tim.o
                0x0000000008005c04                HAL_TIM_PWM_MspInit
 *fill*         0x0000000008005c16        0x2 
 .text.HAL_TIM_PWM_Start
                0x0000000008005c18      0x174 Drivers/STM32F1xx_HAL_Driver/Src/stm32f1xx_hal_tim.o
                0x0000000008005c18                HAL_TIM_PWM_Start
 .text.HAL_TIM_PWM_Stop
                0x0000000008005d8c       0xe0 Drivers/STM32F1xx_HAL_Driver/Src/stm32f1xx_hal_tim.o
                0x0000000008005d8c                HAL_TIM_PWM_Stop
 .text.HAL_TIM_IRQHandler
                0x0000000008005e6c      0x210 Drivers/STM32F1xx_HAL_Driver/Src/stm32f1xx_hal_tim.o
                0x0000000008005e6c                HAL_TIM_IRQHandler
 .text.HAL_TIM_PWM_ConfigChannel
                0x000000000800607c      0x17c Drivers/STM32F1xx_HAL_Driver/Src/stm32f1xx_hal_tim.o
                0x000000000800607c                HAL_TIM_PWM_ConfigChannel
 .text.HAL_TIM_ConfigClockSource
                0x00000000080061f8      0x188 Drivers/STM32F1xx_HAL_Driver/Src/stm32f1xx_hal_tim.o
                0x00000000080061f8                HAL_TIM_ConfigClockSource
 .text.HAL_TIM_PeriodElapsedCallback
                0x0000000008006380       0x12 Drivers/STM32F1xx_HAL_Driver/Src/stm32f1xx_hal_tim.o
                0x0000000008006380                HAL_TIM_PeriodElapsedCallback
 .text.HAL_TIM_OC_DelayElapsedCallback
                0x0000000008006392       0x12 Drivers/STM32F1xx_HAL_Driver/Src/stm32f1xx_hal_tim.o
                0x0000000008006392                HAL_TIM_OC_DelayElapsedCallback
 .text.HAL_TIM_IC_CaptureCallback
                0x00000000080063a4       0x12 Drivers/STM32F1xx_HAL_Driver/Src/stm32f1xx_hal_tim.o
                0x00000000080063a4                HAL_TIM_IC_CaptureCallback
 .text.HAL_TIM_PWM_PulseFinishedCallback
                0x00000000080063b6       0x12 Drivers/STM32F1xx_HAL_Driver/Src/stm32f1xx_hal_tim.o
                0x00000000080063b6                HAL_TIM_PWM_PulseFinishedCallback
 .text.HAL_TIM_TriggerCallback
                0x00000000080063c8       0x12 Drivers/STM32F1xx_HAL_Driver/Src/stm32f1xx_hal_tim.o
                0x00000000080063c8                HAL_TIM_TriggerCallback
 *fill*         0x00000000080063da        0x2 
 .text.TIM_Base_SetConfig
                0x00000000080063dc       0xf4 Drivers/STM32F1xx_HAL_Driver/Src/stm32f1xx_hal_tim.o
                0x00000000080063dc                TIM_Base_SetConfig
 .text.TIM_OC1_SetConfig
                0x00000000080064d0       0xe0 Drivers/STM32F1xx_HAL_Driver/Src/stm32f1xx_hal_tim.o
 .text.TIM_OC2_SetConfig
                0x00000000080065b0       0xe8 Drivers/STM32F1xx_HAL_Driver/Src/stm32f1xx_hal_tim.o
                0x00000000080065b0                TIM_OC2_SetConfig
 .text.TIM_OC3_SetConfig
                0x0000000008006698       0xe8 Drivers/STM32F1xx_HAL_Driver/Src/stm32f1xx_hal_tim.o
 .text.TIM_OC4_SetConfig
                0x0000000008006780       0xa8 Drivers/STM32F1xx_HAL_Driver/Src/stm32f1xx_hal_tim.o
 .text.TIM_TI1_ConfigInputStage
                0x0000000008006828       0x5c Drivers/STM32F1xx_HAL_Driver/Src/stm32f1xx_hal_tim.o
 .text.TIM_TI2_ConfigInputStage
                0x0000000008006884       0x5e Drivers/STM32F1xx_HAL_Driver/Src/stm32f1xx_hal_tim.o
 .text.TIM_ITRx_SetConfig
                0x00000000080068e2       0x34 Drivers/STM32F1xx_HAL_Driver/Src/stm32f1xx_hal_tim.o
 .text.TIM_ETR_SetConfig
                0x0000000008006916       0x3e Drivers/STM32F1xx_HAL_Driver/Src/stm32f1xx_hal_tim.o
                0x0000000008006916                TIM_ETR_SetConfig
 .text.TIM_CCxChannelCmd
                0x0000000008006954       0x48 Drivers/STM32F1xx_HAL_Driver/Src/stm32f1xx_hal_tim.o
                0x0000000008006954                TIM_CCxChannelCmd
 .text.HAL_TIMEx_MasterConfigSynchronization
                0x000000000800699c       0xd8 Drivers/STM32F1xx_HAL_Driver/Src/stm32f1xx_hal_tim_ex.o
                0x000000000800699c                HAL_TIMEx_MasterConfigSynchronization
 .text.HAL_TIMEx_CommutCallback
                0x0000000008006a74       0x12 Drivers/STM32F1xx_HAL_Driver/Src/stm32f1xx_hal_tim_ex.o
                0x0000000008006a74                HAL_TIMEx_CommutCallback
 .text.HAL_TIMEx_BreakCallback
                0x0000000008006a86       0x12 Drivers/STM32F1xx_HAL_Driver/Src/stm32f1xx_hal_tim_ex.o
                0x0000000008006a86                HAL_TIMEx_BreakCallback
 .text.osKernelInitialize
                0x0000000008006a98       0x64 Middlewares/Third_Party/FreeRTOS/Source/CMSIS_RTOS_V2/cmsis_os2.o
                0x0000000008006a98                osKernelInitialize
 .text.osThreadNew
                0x0000000008006afc      0x154 Middlewares/Third_Party/FreeRTOS/Source/CMSIS_RTOS_V2/cmsis_os2.o
                0x0000000008006afc                osThreadNew
 .text.vApplicationGetIdleTaskMemory
                0x0000000008006c50       0x30 Middlewares/Third_Party/FreeRTOS/Source/CMSIS_RTOS_V2/cmsis_os2.o
                0x0000000008006c50                vApplicationGetIdleTaskMemory
 .text.vApplicationGetTimerTaskMemory
                0x0000000008006c80       0x34 Middlewares/Third_Party/FreeRTOS/Source/CMSIS_RTOS_V2/cmsis_os2.o
                0x0000000008006c80                vApplicationGetTimerTaskMemory
 .text.vListInitialise
                0x0000000008006cb4       0x3e Middlewares/Third_Party/FreeRTOS/Source/list.o
                0x0000000008006cb4                vListInitialise
 .text.vListInitialiseItem
                0x0000000008006cf2       0x18 Middlewares/Third_Party/FreeRTOS/Source/list.o
                0x0000000008006cf2                vListInitialiseItem
 .text.vListInsertEnd
                0x0000000008006d0a       0x46 Middlewares/Third_Party/FreeRTOS/Source/list.o
                0x0000000008006d0a                vListInsertEnd
 .text.vListInsert
                0x0000000008006d50       0x70 Middlewares/Third_Party/FreeRTOS/Source/list.o
                0x0000000008006d50                vListInsert
 .text.uxListRemove
                0x0000000008006dc0       0x52 Middlewares/Third_Party/FreeRTOS/Source/list.o
                0x0000000008006dc0                uxListRemove
 *fill*         0x0000000008006e12        0x2 
 .text.xQueueGenericReset
                0x0000000008006e14       0xb4 Middlewares/Third_Party/FreeRTOS/Source/queue.o
                0x0000000008006e14                xQueueGenericReset
 .text.xQueueGenericCreateStatic
                0x0000000008006ec8       0x3e Middlewares/Third_Party/FreeRTOS/Source/queue.o
                0x0000000008006ec8                xQueueGenericCreateStatic
 .text.xQueueGenericCreate
                0x0000000008006f06       0x60 Middlewares/Third_Party/FreeRTOS/Source/queue.o
                0x0000000008006f06                xQueueGenericCreate
 .text.prvInitialiseNewQueue
                0x0000000008006f66       0x46 Middlewares/Third_Party/FreeRTOS/Source/queue.o
 .text.xQueueCreateCountingSemaphore
                0x0000000008006fac       0x2c Middlewares/Third_Party/FreeRTOS/Source/queue.o
                0x0000000008006fac                xQueueCreateCountingSemaphore
 .text.xQueueGenericSend
                0x0000000008006fd8      0x154 Middlewares/Third_Party/FreeRTOS/Source/queue.o
                0x0000000008006fd8                xQueueGenericSend
 .text.xQueueGenericSendFromISR
                0x000000000800712c       0xb4 Middlewares/Third_Party/FreeRTOS/Source/queue.o
                0x000000000800712c                xQueueGenericSendFromISR
 .text.xQueueGiveFromISR
                0x00000000080071e0       0xa8 Middlewares/Third_Party/FreeRTOS/Source/queue.o
                0x00000000080071e0                xQueueGiveFromISR
 .text.xQueueReceive
                0x0000000008007288      0x144 Middlewares/Third_Party/FreeRTOS/Source/queue.o
                0x0000000008007288                xQueueReceive
 .text.xQueueSemaphoreTake
                0x00000000080073cc      0x190 Middlewares/Third_Party/FreeRTOS/Source/queue.o
                0x00000000080073cc                xQueueSemaphoreTake
 .text.xQueuePeek
                0x000000000800755c      0x148 Middlewares/Third_Party/FreeRTOS/Source/queue.o
                0x000000000800755c                xQueuePeek
 .text.prvGetDisinheritPriorityAfterTimeout
                0x00000000080076a4       0x2e Middlewares/Third_Party/FreeRTOS/Source/queue.o
 .text.prvCopyDataToQueue
                0x00000000080076d2       0xd4 Middlewares/Third_Party/FreeRTOS/Source/queue.o
 .text.prvCopyDataFromQueue
                0x00000000080077a6       0x4c Middlewares/Third_Party/FreeRTOS/Source/queue.o
 .text.prvUnlockQueue
                0x00000000080077f2       0xa4 Middlewares/Third_Party/FreeRTOS/Source/queue.o
 .text.prvIsQueueEmpty
                0x0000000008007896       0x2c Middlewares/Third_Party/FreeRTOS/Source/queue.o
 .text.prvIsQueueFull
                0x00000000080078c2       0x30 Middlewares/Third_Party/FreeRTOS/Source/queue.o
 *fill*         0x00000000080078f2        0x2 
 .text.vQueueAddToRegistry
                0x00000000080078f4       0x50 Middlewares/Third_Party/FreeRTOS/Source/queue.o
                0x00000000080078f4                vQueueAddToRegistry
 .text.vQueueWaitForMessageRestricted
                0x0000000008007944       0x68 Middlewares/Third_Party/FreeRTOS/Source/queue.o
                0x0000000008007944                vQueueWaitForMessageRestricted
 .text.xTaskCreateStatic
                0x00000000080079ac       0x60 Middlewares/Third_Party/FreeRTOS/Source/tasks.o
                0x00000000080079ac                xTaskCreateStatic
 .text.xTaskCreate
                0x0000000008007a0c       0x8a Middlewares/Third_Party/FreeRTOS/Source/tasks.o
                0x0000000008007a0c                xTaskCreate
 .text.prvInitialiseNewTask
                0x0000000008007a96       0xee Middlewares/Third_Party/FreeRTOS/Source/tasks.o
 .text.prvAddNewTaskToReadyList
                0x0000000008007b84       0xe0 Middlewares/Third_Party/FreeRTOS/Source/tasks.o
 .text.vTaskDelay
                0x0000000008007c64       0x48 Middlewares/Third_Party/FreeRTOS/Source/tasks.o
                0x0000000008007c64                vTaskDelay
 .text.vTaskStartScheduler
                0x0000000008007cac       0xb0 Middlewares/Third_Party/FreeRTOS/Source/tasks.o
                0x0000000008007cac                vTaskStartScheduler
 .text.vTaskSuspendAll
                0x0000000008007d5c       0x1c Middlewares/Third_Party/FreeRTOS/Source/tasks.o
                0x0000000008007d5c                vTaskSuspendAll
 .text.xTaskResumeAll
                0x0000000008007d78      0x11c Middlewares/Third_Party/FreeRTOS/Source/tasks.o
                0x0000000008007d78                xTaskResumeAll
 .text.xTaskGetTickCount
                0x0000000008007e94       0x1c Middlewares/Third_Party/FreeRTOS/Source/tasks.o
                0x0000000008007e94                xTaskGetTickCount
 .text.xTaskIncrementTick
                0x0000000008007eb0      0x15c Middlewares/Third_Party/FreeRTOS/Source/tasks.o
                0x0000000008007eb0                xTaskIncrementTick
 .text.vTaskSwitchContext
                0x000000000800800c       0x9c Middlewares/Third_Party/FreeRTOS/Source/tasks.o
                0x000000000800800c                vTaskSwitchContext
 .text.vTaskPlaceOnEventList
                0x00000000080080a8       0x2c Middlewares/Third_Party/FreeRTOS/Source/tasks.o
                0x00000000080080a8                vTaskPlaceOnEventList
 .text.vTaskPlaceOnEventListRestricted
                0x00000000080080d4       0x3c Middlewares/Third_Party/FreeRTOS/Source/tasks.o
                0x00000000080080d4                vTaskPlaceOnEventListRestricted
 .text.xTaskRemoveFromEventList
                0x0000000008008110       0xac Middlewares/Third_Party/FreeRTOS/Source/tasks.o
                0x0000000008008110                xTaskRemoveFromEventList
 .text.vTaskInternalSetTimeOutState
                0x00000000080081bc       0x2c Middlewares/Third_Party/FreeRTOS/Source/tasks.o
                0x00000000080081bc                vTaskInternalSetTimeOutState
 .text.xTaskCheckForTimeOut
                0x00000000080081e8       0x8c Middlewares/Third_Party/FreeRTOS/Source/tasks.o
                0x00000000080081e8                xTaskCheckForTimeOut
 .text.vTaskMissedYield
                0x0000000008008274       0x18 Middlewares/Third_Party/FreeRTOS/Source/tasks.o
                0x0000000008008274                vTaskMissedYield
 .text.prvIdleTask
                0x000000000800828c       0x30 Middlewares/Third_Party/FreeRTOS/Source/tasks.o
 .text.prvInitialiseTaskLists
                0x00000000080082bc       0x80 Middlewares/Third_Party/FreeRTOS/Source/tasks.o
 .text.prvCheckTasksWaitingTermination
                0x000000000800833c       0x5c Middlewares/Third_Party/FreeRTOS/Source/tasks.o
 .text.prvDeleteTCB
                0x0000000008008398       0x3c Middlewares/Third_Party/FreeRTOS/Source/tasks.o
 .text.prvResetNextTaskUnblockTime
                0x00000000080083d4       0x48 Middlewares/Third_Party/FreeRTOS/Source/tasks.o
 .text.xTaskGetSchedulerState
                0x000000000800841c       0x3c Middlewares/Third_Party/FreeRTOS/Source/tasks.o
                0x000000000800841c                xTaskGetSchedulerState
 .text.xTaskPriorityInherit
                0x0000000008008458       0xdc Middlewares/Third_Party/FreeRTOS/Source/tasks.o
                0x0000000008008458                xTaskPriorityInherit
 .text.xTaskPriorityDisinherit
                0x0000000008008534       0x98 Middlewares/Third_Party/FreeRTOS/Source/tasks.o
                0x0000000008008534                xTaskPriorityDisinherit
 .text.vTaskPriorityDisinheritAfterTimeout
                0x00000000080085cc       0xcc Middlewares/Third_Party/FreeRTOS/Source/tasks.o
                0x00000000080085cc                vTaskPriorityDisinheritAfterTimeout
 .text.pvTaskIncrementMutexHeldCount
                0x0000000008008698       0x28 Middlewares/Third_Party/FreeRTOS/Source/tasks.o
                0x0000000008008698                pvTaskIncrementMutexHeldCount
 .text.prvAddCurrentTaskToDelayedList
                0x00000000080086c0       0xa8 Middlewares/Third_Party/FreeRTOS/Source/tasks.o
 .text.xTimerCreateTimerTask
                0x0000000008008768       0x74 Middlewares/Third_Party/FreeRTOS/Source/timers.o
                0x0000000008008768                xTimerCreateTimerTask
 .text.xTimerGenericCommand
                0x00000000080087dc       0x80 Middlewares/Third_Party/FreeRTOS/Source/timers.o
                0x00000000080087dc                xTimerGenericCommand
 .text.prvProcessExpiredTimer
                0x000000000800885c       0x64 Middlewares/Third_Party/FreeRTOS/Source/timers.o
 .text.prvTimerTask
                0x00000000080088c0       0x24 Middlewares/Third_Party/FreeRTOS/Source/timers.o
 .text.prvProcessTimerOrBlockTask
                0x00000000080088e4       0x9c Middlewares/Third_Party/FreeRTOS/Source/timers.o
 .text.prvGetNextExpireTime
                0x0000000008008980       0x48 Middlewares/Third_Party/FreeRTOS/Source/timers.o
 .text.prvSampleTimeNow
                0x00000000080089c8       0x40 Middlewares/Third_Party/FreeRTOS/Source/timers.o
 .text.prvInsertTimerInActiveList
                0x0000000008008a08       0x84 Middlewares/Third_Party/FreeRTOS/Source/timers.o
 .text.prvProcessReceivedCommands
                0x0000000008008a8c      0x114 Middlewares/Third_Party/FreeRTOS/Source/timers.o
 .text.prvSwitchTimerLists
                0x0000000008008ba0       0xa8 Middlewares/Third_Party/FreeRTOS/Source/timers.o
 .text.prvCheckForValidListAndQueue
                0x0000000008008c48       0x80 Middlewares/Third_Party/FreeRTOS/Source/timers.o
 .text.pxPortInitialiseStack
                0x0000000008008cc8       0x58 Middlewares/Third_Party/FreeRTOS/Source/portable/GCC/ARM_CM3/port.o
                0x0000000008008cc8                pxPortInitialiseStack
 .text.prvTaskExitError
                0x0000000008008d20       0x32 Middlewares/Third_Party/FreeRTOS/Source/portable/GCC/ARM_CM3/port.o
 *fill*         0x0000000008008d52        0xe 
 .text.SVC_Handler
                0x0000000008008d60       0x28 Middlewares/Third_Party/FreeRTOS/Source/portable/GCC/ARM_CM3/port.o
                0x0000000008008d60                SVC_Handler
 .text.prvPortStartFirstTask
                0x0000000008008d88       0x20 Middlewares/Third_Party/FreeRTOS/Source/portable/GCC/ARM_CM3/port.o
 .text.xPortStartScheduler
                0x0000000008008da8       0x40 Middlewares/Third_Party/FreeRTOS/Source/portable/GCC/ARM_CM3/port.o
                0x0000000008008da8                xPortStartScheduler
 .text.vPortEnterCritical
                0x0000000008008de8       0x34 Middlewares/Third_Party/FreeRTOS/Source/portable/GCC/ARM_CM3/port.o
                0x0000000008008de8                vPortEnterCritical
 .text.vPortExitCritical
                0x0000000008008e1c       0x34 Middlewares/Third_Party/FreeRTOS/Source/portable/GCC/ARM_CM3/port.o
                0x0000000008008e1c                vPortExitCritical
 .text.PendSV_Handler
                0x0000000008008e50       0x48 Middlewares/Third_Party/FreeRTOS/Source/portable/GCC/ARM_CM3/port.o
                0x0000000008008e50                PendSV_Handler
 .text.xPortSysTickHandler
                0x0000000008008e98       0x44 Middlewares/Third_Party/FreeRTOS/Source/portable/GCC/ARM_CM3/port.o
                0x0000000008008e98                xPortSysTickHandler
 .text.vPortSetupTimerInterrupt
                0x0000000008008edc       0x44 Middlewares/Third_Party/FreeRTOS/Source/portable/GCC/ARM_CM3/port.o
                0x0000000008008edc                vPortSetupTimerInterrupt
 .text.pvPortMalloc
                0x0000000008008f20      0x128 Middlewares/Third_Party/FreeRTOS/Source/portable/MemMang/heap_4.o
                0x0000000008008f20                pvPortMalloc
 .text.vPortFree
                0x0000000008009048       0x74 Middlewares/Third_Party/FreeRTOS/Source/portable/MemMang/heap_4.o
                0x0000000008009048                vPortFree
 .text.prvHeapInit
                0x00000000080090bc       0xc4 Middlewares/Third_Party/FreeRTOS/Source/portable/MemMang/heap_4.o
 .text.prvInsertBlockIntoFreeList
                0x0000000008009180       0xb0 Middlewares/Third_Party/FreeRTOS/Source/portable/MemMang/heap_4.o
 .text.__libc_init_array
                0x0000000008009230       0x48 c:/st/stm32cubeide_1.5.0/stm32cubeide/plugins/com.st.stm32cube.ide.mcu.externaltools.gnu-tools-for-stm32.9-2020-q2-update.win32_1.5.0.202011040924/tools/bin/../lib/gcc/arm-none-eabi/9.3.1/../../../../arm-none-eabi/lib/thumb/v7-m/nofp\libc_nano.a(lib_a-init.o)
                0x0000000008009230                __libc_init_array
 .text.memcpy   0x0000000008009278       0x1c c:/st/stm32cubeide_1.5.0/stm32cubeide/plugins/com.st.stm32cube.ide.mcu.externaltools.gnu-tools-for-stm32.9-2020-q2-update.win32_1.5.0.202011040924/tools/bin/../lib/gcc/arm-none-eabi/9.3.1/../../../../arm-none-eabi/lib/thumb/v7-m/nofp\libc_nano.a(lib_a-memcpy-stub.o)
                0x0000000008009278                memcpy
 .text.memset   0x0000000008009294       0x10 c:/st/stm32cubeide_1.5.0/stm32cubeide/plugins/com.st.stm32cube.ide.mcu.externaltools.gnu-tools-for-stm32.9-2020-q2-update.win32_1.5.0.202011040924/tools/bin/../lib/gcc/arm-none-eabi/9.3.1/../../../../arm-none-eabi/lib/thumb/v7-m/nofp\libc_nano.a(lib_a-memset.o)
                0x0000000008009294                memset
 *(.glue_7)
 .glue_7        0x00000000080092a4        0x0 linker stubs
 *(.glue_7t)
 .glue_7t       0x00000000080092a4        0x0 linker stubs
 *(.eh_frame)
 .eh_frame      0x00000000080092a4        0x0 c:/st/stm32cubeide_1.5.0/stm32cubeide/plugins/com.st.stm32cube.ide.mcu.externaltools.gnu-tools-for-stm32.9-2020-q2-update.win32_1.5.0.202011040924/tools/bin/../lib/gcc/arm-none-eabi/9.3.1/thumb/v7-m/nofp/crtbegin.o
 *(.init)
 .init          0x00000000080092a4        0x4 c:/st/stm32cubeide_1.5.0/stm32cubeide/plugins/com.st.stm32cube.ide.mcu.externaltools.gnu-tools-for-stm32.9-2020-q2-update.win32_1.5.0.202011040924/tools/bin/../lib/gcc/arm-none-eabi/9.3.1/thumb/v7-m/nofp/crti.o
                0x00000000080092a4                _init
 .init          0x00000000080092a8        0x8 c:/st/stm32cubeide_1.5.0/stm32cubeide/plugins/com.st.stm32cube.ide.mcu.externaltools.gnu-tools-for-stm32.9-2020-q2-update.win32_1.5.0.202011040924/tools/bin/../lib/gcc/arm-none-eabi/9.3.1/thumb/v7-m/nofp/crtn.o
 *(.fini)
 .fini          0x00000000080092b0        0x4 c:/st/stm32cubeide_1.5.0/stm32cubeide/plugins/com.st.stm32cube.ide.mcu.externaltools.gnu-tools-for-stm32.9-2020-q2-update.win32_1.5.0.202011040924/tools/bin/../lib/gcc/arm-none-eabi/9.3.1/thumb/v7-m/nofp/crti.o
                0x00000000080092b0                _fini
 .fini          0x00000000080092b4        0x8 c:/st/stm32cubeide_1.5.0/stm32cubeide/plugins/com.st.stm32cube.ide.mcu.externaltools.gnu-tools-for-stm32.9-2020-q2-update.win32_1.5.0.202011040924/tools/bin/../lib/gcc/arm-none-eabi/9.3.1/thumb/v7-m/nofp/crtn.o
                0x00000000080092bc                . = ALIGN (0x4)
                0x00000000080092bc                _etext = .

.vfp11_veneer   0x00000000080092bc        0x0
 .vfp11_veneer  0x00000000080092bc        0x0 linker stubs

.v4_bx          0x00000000080092bc        0x0
 .v4_bx         0x00000000080092bc        0x0 linker stubs

.iplt           0x00000000080092bc        0x0
 .iplt          0x00000000080092bc        0x0 c:/st/stm32cubeide_1.5.0/stm32cubeide/plugins/com.st.stm32cube.ide.mcu.externaltools.gnu-tools-for-stm32.9-2020-q2-update.win32_1.5.0.202011040924/tools/bin/../lib/gcc/arm-none-eabi/9.3.1/thumb/v7-m/nofp/crtbegin.o

.rodata         0x00000000080092bc       0xe8
                0x00000000080092bc                . = ALIGN (0x4)
 *(.rodata)
 .rodata        0x00000000080092bc       0x67 Core/Src/WELDER_tasks.o
 *fill*         0x0000000008009323        0x1 
 .rodata        0x0000000008009324        0xc Core/Src/main.o
 .rodata        0x0000000008009330       0x10 Drivers/STM32F1xx_HAL_Driver/Src/stm32f1xx_hal_rcc.o
 .rodata        0x0000000008009340        0x5 Middlewares/Third_Party/FreeRTOS/Source/tasks.o
 *fill*         0x0000000008009345        0x3 
 .rodata        0x0000000008009348        0xd Middlewares/Third_Party/FreeRTOS/Source/timers.o
 *(.rodata*)
 *fill*         0x0000000008009355        0x3 
 .rodata.code_digit
                0x0000000008009358       0x18 Core/Src/STLED316S.o
                0x0000000008009358                code_digit
 .rodata.defaultTask_attributes
                0x0000000008009370       0x24 Core/Src/main.o
                0x0000000008009370                defaultTask_attributes
 .rodata.AHBPrescTable
                0x0000000008009394       0x10 Core/Src/system_stm32f1xx.o
                0x0000000008009394                AHBPrescTable
                0x00000000080093a4                . = ALIGN (0x4)

.rel.dyn        0x00000000080093a4        0x0
 .rel.iplt      0x00000000080093a4        0x0 c:/st/stm32cubeide_1.5.0/stm32cubeide/plugins/com.st.stm32cube.ide.mcu.externaltools.gnu-tools-for-stm32.9-2020-q2-update.win32_1.5.0.202011040924/tools/bin/../lib/gcc/arm-none-eabi/9.3.1/thumb/v7-m/nofp/crtbegin.o

.ARM.extab      0x00000000080093a4        0x0
                0x00000000080093a4                . = ALIGN (0x4)
 *(.ARM.extab* .gnu.linkonce.armextab.*)
                0x00000000080093a4                . = ALIGN (0x4)

.ARM            0x00000000080093a4        0x0
                0x00000000080093a4                . = ALIGN (0x4)
                0x00000000080093a4                __exidx_start = .
 *(.ARM.exidx*)
                0x00000000080093a4                __exidx_end = .
                0x00000000080093a4                . = ALIGN (0x4)

.preinit_array  0x00000000080093a4        0x0
                0x00000000080093a4                . = ALIGN (0x4)
                0x00000000080093a4                PROVIDE (__preinit_array_start = .)
 *(.preinit_array*)
                0x00000000080093a4                PROVIDE (__preinit_array_end = .)
                0x00000000080093a4                . = ALIGN (0x4)

.init_array     0x00000000080093a4        0x4
                0x00000000080093a4                . = ALIGN (0x4)
                0x00000000080093a4                PROVIDE (__init_array_start = .)
 *(SORT_BY_NAME(.init_array.*))
 *(.init_array*)
 .init_array    0x00000000080093a4        0x4 c:/st/stm32cubeide_1.5.0/stm32cubeide/plugins/com.st.stm32cube.ide.mcu.externaltools.gnu-tools-for-stm32.9-2020-q2-update.win32_1.5.0.202011040924/tools/bin/../lib/gcc/arm-none-eabi/9.3.1/thumb/v7-m/nofp/crtbegin.o
                0x00000000080093a8                PROVIDE (__init_array_end = .)
                0x00000000080093a8                . = ALIGN (0x4)

.fini_array     0x00000000080093a8        0x4
                0x00000000080093a8                . = ALIGN (0x4)
                [!provide]                        PROVIDE (__fini_array_start = .)
 *(SORT_BY_NAME(.fini_array.*))
 *(.fini_array*)
 .fini_array    0x00000000080093a8        0x4 c:/st/stm32cubeide_1.5.0/stm32cubeide/plugins/com.st.stm32cube.ide.mcu.externaltools.gnu-tools-for-stm32.9-2020-q2-update.win32_1.5.0.202011040924/tools/bin/../lib/gcc/arm-none-eabi/9.3.1/thumb/v7-m/nofp/crtbegin.o
                [!provide]                        PROVIDE (__fini_array_end = .)
                0x00000000080093ac                . = ALIGN (0x4)
                0x00000000080093ac                _sidata = LOADADDR (.data)

.data           0x0000000020000000       0x10 load address 0x00000000080093ac
                0x0000000020000000                . = ALIGN (0x4)
                0x0000000020000000                _sdata = .
 *(.data)
 *(.data*)
 .data.SystemCoreClock
                0x0000000020000000        0x4 Core/Src/system_stm32f1xx.o
                0x0000000020000000                SystemCoreClock
 .data.uwTickPrio
                0x0000000020000004        0x4 Drivers/STM32F1xx_HAL_Driver/Src/stm32f1xx_hal.o
                0x0000000020000004                uwTickPrio
 .data.uwTickFreq
                0x0000000020000008        0x1 Drivers/STM32F1xx_HAL_Driver/Src/stm32f1xx_hal.o
                0x0000000020000008                uwTickFreq
 *fill*         0x0000000020000009        0x3 
 .data.uxCriticalNesting
                0x000000002000000c        0x4 Middlewares/Third_Party/FreeRTOS/Source/portable/GCC/ARM_CM3/port.o
 *(.RamFunc)
 *(.RamFunc*)
                0x0000000020000010                . = ALIGN (0x4)
                0x0000000020000010                _edata = .

.igot.plt       0x0000000020000010        0x0 load address 0x00000000080093bc
 .igot.plt      0x0000000020000010        0x0 c:/st/stm32cubeide_1.5.0/stm32cubeide/plugins/com.st.stm32cube.ide.mcu.externaltools.gnu-tools-for-stm32.9-2020-q2-update.win32_1.5.0.202011040924/tools/bin/../lib/gcc/arm-none-eabi/9.3.1/thumb/v7-m/nofp/crtbegin.o
                0x0000000020000010                . = ALIGN (0x4)

.bss            0x0000000020000010     0x4ec8 load address 0x00000000080093bc
                0x0000000020000010                _sbss = .
                0x0000000020000010                __bss_start__ = _sbss
 *(.bss)
 .bss           0x0000000020000010       0x1c c:/st/stm32cubeide_1.5.0/stm32cubeide/plugins/com.st.stm32cube.ide.mcu.externaltools.gnu-tools-for-stm32.9-2020-q2-update.win32_1.5.0.202011040924/tools/bin/../lib/gcc/arm-none-eabi/9.3.1/thumb/v7-m/nofp/crtbegin.o
 *(.bss*)
 .bss.xHigherPriorityTaskWoken.7418
                0x000000002000002c        0x4 Core/Src/PCB_WELDER.o
 .bss.xHigherPriorityTaskWoken2.7419
                0x0000000020000030        0x4 Core/Src/PCB_WELDER.o
 .bss.KernelState
                0x0000000020000034        0x4 Middlewares/Third_Party/FreeRTOS/Source/CMSIS_RTOS_V2/cmsis_os2.o
 .bss.Idle_TCB  0x0000000020000038       0x5c Middlewares/Third_Party/FreeRTOS/Source/CMSIS_RTOS_V2/cmsis_os2.o
 .bss.Idle_Stack
                0x0000000020000094      0x200 Middlewares/Third_Party/FreeRTOS/Source/CMSIS_RTOS_V2/cmsis_os2.o
 .bss.Timer_TCB
                0x0000000020000294       0x5c Middlewares/Third_Party/FreeRTOS/Source/CMSIS_RTOS_V2/cmsis_os2.o
 .bss.Timer_Stack
                0x00000000200002f0      0x400 Middlewares/Third_Party/FreeRTOS/Source/CMSIS_RTOS_V2/cmsis_os2.o
 .bss.pxCurrentTCB
                0x00000000200006f0        0x4 Middlewares/Third_Party/FreeRTOS/Source/tasks.o
                0x00000000200006f0                pxCurrentTCB
 .bss.pxReadyTasksLists
                0x00000000200006f4      0x460 Middlewares/Third_Party/FreeRTOS/Source/tasks.o
 .bss.xDelayedTaskList1
                0x0000000020000b54       0x14 Middlewares/Third_Party/FreeRTOS/Source/tasks.o
 .bss.xDelayedTaskList2
                0x0000000020000b68       0x14 Middlewares/Third_Party/FreeRTOS/Source/tasks.o
 .bss.pxDelayedTaskList
                0x0000000020000b7c        0x4 Middlewares/Third_Party/FreeRTOS/Source/tasks.o
 .bss.pxOverflowDelayedTaskList
                0x0000000020000b80        0x4 Middlewares/Third_Party/FreeRTOS/Source/tasks.o
 .bss.xPendingReadyList
                0x0000000020000b84       0x14 Middlewares/Third_Party/FreeRTOS/Source/tasks.o
 .bss.xTasksWaitingTermination
                0x0000000020000b98       0x14 Middlewares/Third_Party/FreeRTOS/Source/tasks.o
 .bss.uxDeletedTasksWaitingCleanUp
                0x0000000020000bac        0x4 Middlewares/Third_Party/FreeRTOS/Source/tasks.o
 .bss.xSuspendedTaskList
                0x0000000020000bb0       0x14 Middlewares/Third_Party/FreeRTOS/Source/tasks.o
 .bss.uxCurrentNumberOfTasks
                0x0000000020000bc4        0x4 Middlewares/Third_Party/FreeRTOS/Source/tasks.o
 .bss.xTickCount
                0x0000000020000bc8        0x4 Middlewares/Third_Party/FreeRTOS/Source/tasks.o
 .bss.uxTopReadyPriority
                0x0000000020000bcc        0x4 Middlewares/Third_Party/FreeRTOS/Source/tasks.o
 .bss.xSchedulerRunning
                0x0000000020000bd0        0x4 Middlewares/Third_Party/FreeRTOS/Source/tasks.o
 .bss.uxPendedTicks
                0x0000000020000bd4        0x4 Middlewares/Third_Party/FreeRTOS/Source/tasks.o
 .bss.xYieldPending
                0x0000000020000bd8        0x4 Middlewares/Third_Party/FreeRTOS/Source/tasks.o
 .bss.xNumOfOverflows
                0x0000000020000bdc        0x4 Middlewares/Third_Party/FreeRTOS/Source/tasks.o
 .bss.uxTaskNumber
                0x0000000020000be0        0x4 Middlewares/Third_Party/FreeRTOS/Source/tasks.o
 .bss.xNextTaskUnblockTime
                0x0000000020000be4        0x4 Middlewares/Third_Party/FreeRTOS/Source/tasks.o
 .bss.xIdleTaskHandle
                0x0000000020000be8        0x4 Middlewares/Third_Party/FreeRTOS/Source/tasks.o
 .bss.uxSchedulerSuspended
                0x0000000020000bec        0x4 Middlewares/Third_Party/FreeRTOS/Source/tasks.o
 .bss.xActiveTimerList1
                0x0000000020000bf0       0x14 Middlewares/Third_Party/FreeRTOS/Source/timers.o
 .bss.xActiveTimerList2
                0x0000000020000c04       0x14 Middlewares/Third_Party/FreeRTOS/Source/timers.o
 .bss.pxCurrentTimerList
                0x0000000020000c18        0x4 Middlewares/Third_Party/FreeRTOS/Source/timers.o
 .bss.pxOverflowTimerList
                0x0000000020000c1c        0x4 Middlewares/Third_Party/FreeRTOS/Source/timers.o
 .bss.xTimerQueue
                0x0000000020000c20        0x4 Middlewares/Third_Party/FreeRTOS/Source/timers.o
 .bss.xTimerTaskHandle
                0x0000000020000c24        0x4 Middlewares/Third_Party/FreeRTOS/Source/timers.o
 .bss.xLastTime.5513
                0x0000000020000c28        0x4 Middlewares/Third_Party/FreeRTOS/Source/timers.o
 .bss.ucStaticTimerQueueStorage.5560
                0x0000000020000c2c       0xa0 Middlewares/Third_Party/FreeRTOS/Source/timers.o
 .bss.xStaticTimerQueue.5559
                0x0000000020000ccc       0x50 Middlewares/Third_Party/FreeRTOS/Source/timers.o
 .bss.ucHeap    0x0000000020000d1c     0x3800 Middlewares/Third_Party/FreeRTOS/Source/portable/MemMang/heap_4.o
 .bss.xStart    0x000000002000451c        0x8 Middlewares/Third_Party/FreeRTOS/Source/portable/MemMang/heap_4.o
 .bss.pxEnd     0x0000000020004524        0x4 Middlewares/Third_Party/FreeRTOS/Source/portable/MemMang/heap_4.o
 .bss.xFreeBytesRemaining
                0x0000000020004528        0x4 Middlewares/Third_Party/FreeRTOS/Source/portable/MemMang/heap_4.o
 .bss.xMinimumEverFreeBytesRemaining
                0x000000002000452c        0x4 Middlewares/Third_Party/FreeRTOS/Source/portable/MemMang/heap_4.o
 .bss.xBlockAllocatedBit
                0x0000000020004530        0x4 Middlewares/Third_Party/FreeRTOS/Source/portable/MemMang/heap_4.o
 *(COMMON)
 *fill*         0x0000000020004534        0x4 
 COMMON         0x0000000020004538      0x896 Core/Src/MicrostepDriver.o
                0x0000000020004538                qBeepMode
                0x000000002000453c                WelderUnit
                0x0000000020004560                xSemaphore_StepCount
                0x0000000020004564                STLED_Rx
                0x0000000020004570                ReadFlashPage
                0x0000000020004d70                IndicatorPanel
                0x0000000020004d80                qGoToResponse
                0x0000000020004d84                qDebug
                0x0000000020004d88                qWelderRun
                0x0000000020004d8c                qWelderCalibrated
                0x0000000020004d90                qKeyPress
                0x0000000020004d94                qWelderCmd
                0x0000000020004d98                STLED_TxData
                0x0000000020004da0                Key
                0x0000000020004dc4                xSemaphore_Calibration
                0x0000000020004dc8                STLED_digVal
 *fill*         0x0000000020004dce        0x2 
 COMMON         0x0000000020004dd0       0xa4 Core/Src/main.o
                0x0000000020004dd0                defaultTaskHandle
                0x0000000020004dd4                htim3
                0x0000000020004e1c                hspi1
 COMMON         0x0000000020004e74        0x4 Drivers/STM32F1xx_HAL_Driver/Src/stm32f1xx_hal.o
                0x0000000020004e74                uwTick
 COMMON         0x0000000020004e78       0x20 Drivers/STM32F1xx_HAL_Driver/Src/stm32f1xx_hal_flash.o
                0x0000000020004e78                pFlash
 COMMON         0x0000000020004e98       0x40 Middlewares/Third_Party/FreeRTOS/Source/queue.o
                0x0000000020004e98                xQueueRegistry
                0x0000000020004ed8                . = ALIGN (0x4)
                0x0000000020004ed8                _ebss = .
                0x0000000020004ed8                __bss_end__ = _ebss

._user_heap_stack
                0x0000000020004ed8      0xc00 load address 0x00000000080093bc
                0x0000000020004ed8                . = ALIGN (0x8)
                [!provide]                        PROVIDE (end = .)
                0x0000000020004ed8                PROVIDE (_end = .)
                0x00000000200052d8                . = (. + _Min_Heap_Size)
 *fill*         0x0000000020004ed8      0x400 
                0x0000000020005ad8                . = (. + _Min_Stack_Size)
 *fill*         0x00000000200052d8      0x800 
                0x0000000020005ad8                . = ALIGN (0x8)

/DISCARD/
 libc.a(*)
 libm.a(*)
 libgcc.a(*)

.ARM.attributes
                0x0000000000000000       0x29
 *(.ARM.attributes)
 .ARM.attributes
                0x0000000000000000       0x1d c:/st/stm32cubeide_1.5.0/stm32cubeide/plugins/com.st.stm32cube.ide.mcu.externaltools.gnu-tools-for-stm32.9-2020-q2-update.win32_1.5.0.202011040924/tools/bin/../lib/gcc/arm-none-eabi/9.3.1/thumb/v7-m/nofp/crti.o
 .ARM.attributes
                0x000000000000001d       0x2d c:/st/stm32cubeide_1.5.0/stm32cubeide/plugins/com.st.stm32cube.ide.mcu.externaltools.gnu-tools-for-stm32.9-2020-q2-update.win32_1.5.0.202011040924/tools/bin/../lib/gcc/arm-none-eabi/9.3.1/thumb/v7-m/nofp/crtbegin.o
 .ARM.attributes
                0x000000000000004a       0x2d Core/Src/MicrostepDriver.o
 .ARM.attributes
                0x0000000000000077       0x2d Core/Src/PCB_WELDER.o
 .ARM.attributes
                0x00000000000000a4       0x2d Core/Src/STLED316S.o
 .ARM.attributes
                0x00000000000000d1       0x2d Core/Src/STM32_flash.o
 .ARM.attributes
                0x00000000000000fe       0x2d Core/Src/WELDER_tasks.o
 .ARM.attributes
                0x000000000000012b       0x2d Core/Src/main.o
 .ARM.attributes
                0x0000000000000158       0x2d Core/Src/stm32f1xx_hal_msp.o
 .ARM.attributes
                0x0000000000000185       0x2d Core/Src/stm32f1xx_it.o
 .ARM.attributes
                0x00000000000001b2       0x2d Core/Src/system_stm32f1xx.o
 .ARM.attributes
                0x00000000000001df       0x21 Core/Startup/startup_stm32f103rctx.o
 .ARM.attributes
                0x0000000000000200       0x2d Drivers/STM32F1xx_HAL_Driver/Src/stm32f1xx_hal.o
 .ARM.attributes
                0x000000000000022d       0x2d Drivers/STM32F1xx_HAL_Driver/Src/stm32f1xx_hal_cortex.o
 .ARM.attributes
                0x000000000000025a       0x2d Drivers/STM32F1xx_HAL_Driver/Src/stm32f1xx_hal_dma.o
 .ARM.attributes
                0x0000000000000287       0x2d Drivers/STM32F1xx_HAL_Driver/Src/stm32f1xx_hal_flash.o
 .ARM.attributes
                0x00000000000002b4       0x2d Drivers/STM32F1xx_HAL_Driver/Src/stm32f1xx_hal_flash_ex.o
 .ARM.attributes
                0x00000000000002e1       0x2d Drivers/STM32F1xx_HAL_Driver/Src/stm32f1xx_hal_gpio.o
 .ARM.attributes
                0x000000000000030e       0x2d Drivers/STM32F1xx_HAL_Driver/Src/stm32f1xx_hal_rcc.o
 .ARM.attributes
                0x000000000000033b       0x2d Drivers/STM32F1xx_HAL_Driver/Src/stm32f1xx_hal_spi.o
 .ARM.attributes
                0x0000000000000368       0x2d Drivers/STM32F1xx_HAL_Driver/Src/stm32f1xx_hal_tim.o
 .ARM.attributes
                0x0000000000000395       0x2d Drivers/STM32F1xx_HAL_Driver/Src/stm32f1xx_hal_tim_ex.o
 .ARM.attributes
                0x00000000000003c2       0x2d Middlewares/Third_Party/FreeRTOS/Source/CMSIS_RTOS_V2/cmsis_os2.o
 .ARM.attributes
                0x00000000000003ef       0x2d Middlewares/Third_Party/FreeRTOS/Source/list.o
 .ARM.attributes
                0x000000000000041c       0x2d Middlewares/Third_Party/FreeRTOS/Source/queue.o
 .ARM.attributes
                0x0000000000000449       0x2d Middlewares/Third_Party/FreeRTOS/Source/tasks.o
 .ARM.attributes
                0x0000000000000476       0x2d Middlewares/Third_Party/FreeRTOS/Source/timers.o
 .ARM.attributes
                0x00000000000004a3       0x2d Middlewares/Third_Party/FreeRTOS/Source/portable/GCC/ARM_CM3/port.o
 .ARM.attributes
                0x00000000000004d0       0x2d Middlewares/Third_Party/FreeRTOS/Source/portable/MemMang/heap_4.o
 .ARM.attributes
                0x00000000000004fd       0x2d c:/st/stm32cubeide_1.5.0/stm32cubeide/plugins/com.st.stm32cube.ide.mcu.externaltools.gnu-tools-for-stm32.9-2020-q2-update.win32_1.5.0.202011040924/tools/bin/../lib/gcc/arm-none-eabi/9.3.1/../../../../arm-none-eabi/lib/thumb/v7-m/nofp\libc_nano.a(lib_a-init.o)
 .ARM.attributes
                0x000000000000052a       0x2d c:/st/stm32cubeide_1.5.0/stm32cubeide/plugins/com.st.stm32cube.ide.mcu.externaltools.gnu-tools-for-stm32.9-2020-q2-update.win32_1.5.0.202011040924/tools/bin/../lib/gcc/arm-none-eabi/9.3.1/../../../../arm-none-eabi/lib/thumb/v7-m/nofp\libc_nano.a(lib_a-memcpy-stub.o)
 .ARM.attributes
                0x0000000000000557       0x2d c:/st/stm32cubeide_1.5.0/stm32cubeide/plugins/com.st.stm32cube.ide.mcu.externaltools.gnu-tools-for-stm32.9-2020-q2-update.win32_1.5.0.202011040924/tools/bin/../lib/gcc/arm-none-eabi/9.3.1/../../../../arm-none-eabi/lib/thumb/v7-m/nofp\libc_nano.a(lib_a-memset.o)
 .ARM.attributes
                0x0000000000000584       0x1d c:/st/stm32cubeide_1.5.0/stm32cubeide/plugins/com.st.stm32cube.ide.mcu.externaltools.gnu-tools-for-stm32.9-2020-q2-update.win32_1.5.0.202011040924/tools/bin/../lib/gcc/arm-none-eabi/9.3.1/thumb/v7-m/nofp\libgcc.a(_arm_addsubdf3.o)
 .ARM.attributes
                0x00000000000005a1       0x1d c:/st/stm32cubeide_1.5.0/stm32cubeide/plugins/com.st.stm32cube.ide.mcu.externaltools.gnu-tools-for-stm32.9-2020-q2-update.win32_1.5.0.202011040924/tools/bin/../lib/gcc/arm-none-eabi/9.3.1/thumb/v7-m/nofp\libgcc.a(_arm_muldivdf3.o)
 .ARM.attributes
                0x00000000000005be       0x1d c:/st/stm32cubeide_1.5.0/stm32cubeide/plugins/com.st.stm32cube.ide.mcu.externaltools.gnu-tools-for-stm32.9-2020-q2-update.win32_1.5.0.202011040924/tools/bin/../lib/gcc/arm-none-eabi/9.3.1/thumb/v7-m/nofp\libgcc.a(_arm_fixunsdfsi.o)
 .ARM.attributes
                0x00000000000005db       0x1d c:/st/stm32cubeide_1.5.0/stm32cubeide/plugins/com.st.stm32cube.ide.mcu.externaltools.gnu-tools-for-stm32.9-2020-q2-update.win32_1.5.0.202011040924/tools/bin/../lib/gcc/arm-none-eabi/9.3.1/thumb/v7-m/nofp/crtn.o
OUTPUT(WELDER.elf elf32-littlearm)
LOAD linker stubs
LOAD c:/st/stm32cubeide_1.5.0/stm32cubeide/plugins/com.st.stm32cube.ide.mcu.externaltools.gnu-tools-for-stm32.9-2020-q2-update.win32_1.5.0.202011040924/tools/bin/../lib/gcc/arm-none-eabi/9.3.1/../../../../arm-none-eabi/lib/thumb/v7-m/nofp\libc.a
LOAD c:/st/stm32cubeide_1.5.0/stm32cubeide/plugins/com.st.stm32cube.ide.mcu.externaltools.gnu-tools-for-stm32.9-2020-q2-update.win32_1.5.0.202011040924/tools/bin/../lib/gcc/arm-none-eabi/9.3.1/../../../../arm-none-eabi/lib/thumb/v7-m/nofp\libm.a
LOAD c:/st/stm32cubeide_1.5.0/stm32cubeide/plugins/com.st.stm32cube.ide.mcu.externaltools.gnu-tools-for-stm32.9-2020-q2-update.win32_1.5.0.202011040924/tools/bin/../lib/gcc/arm-none-eabi/9.3.1/thumb/v7-m/nofp\libgcc.a

.debug_info     0x0000000000000000    0x1bd07
 .debug_info    0x0000000000000000      0xfa6 Core/Src/MicrostepDriver.o
 .debug_info    0x0000000000000fa6     0x12eb Core/Src/PCB_WELDER.o
 .debug_info    0x0000000000002291      0x9b0 Core/Src/STLED316S.o
 .debug_info    0x0000000000002c41      0x331 Core/Src/STM32_flash.o
 .debug_info    0x0000000000002f72     0x12a3 Core/Src/WELDER_tasks.o
 .debug_info    0x0000000000004215     0x17c9 Core/Src/main.o
 .debug_info    0x00000000000059de      0xef4 Core/Src/stm32f1xx_hal_msp.o
 .debug_info    0x00000000000068d2      0xecd Core/Src/stm32f1xx_it.o
 .debug_info    0x000000000000779f      0x2be Core/Src/system_stm32f1xx.o
 .debug_info    0x0000000000007a5d       0x22 Core/Startup/startup_stm32f103rctx.o
 .debug_info    0x0000000000007a7f      0x7d0 Drivers/STM32F1xx_HAL_Driver/Src/stm32f1xx_hal.o
 .debug_info    0x000000000000824f      0xc42 Drivers/STM32F1xx_HAL_Driver/Src/stm32f1xx_hal_cortex.o
 .debug_info    0x0000000000008e91      0x81e Drivers/STM32F1xx_HAL_Driver/Src/stm32f1xx_hal_dma.o
 .debug_info    0x00000000000096af      0x5f3 Drivers/STM32F1xx_HAL_Driver/Src/stm32f1xx_hal_flash.o
 .debug_info    0x0000000000009ca2      0x8a2 Drivers/STM32F1xx_HAL_Driver/Src/stm32f1xx_hal_flash_ex.o
 .debug_info    0x000000000000a544      0x701 Drivers/STM32F1xx_HAL_Driver/Src/stm32f1xx_hal_gpio.o
 .debug_info    0x000000000000ac45      0x88e Drivers/STM32F1xx_HAL_Driver/Src/stm32f1xx_hal_rcc.o
 .debug_info    0x000000000000b4d3     0x16bd Drivers/STM32F1xx_HAL_Driver/Src/stm32f1xx_hal_spi.o
 .debug_info    0x000000000000cb90     0x2a43 Drivers/STM32F1xx_HAL_Driver/Src/stm32f1xx_hal_tim.o
 .debug_info    0x000000000000f5d3     0x1495 Drivers/STM32F1xx_HAL_Driver/Src/stm32f1xx_hal_tim_ex.o
 .debug_info    0x0000000000010a68     0x3cd3 Middlewares/Third_Party/FreeRTOS/Source/CMSIS_RTOS_V2/cmsis_os2.o
 .debug_info    0x000000000001473b      0xb7c Middlewares/Third_Party/FreeRTOS/Source/list.o
 .debug_info    0x00000000000152b7     0x1da0 Middlewares/Third_Party/FreeRTOS/Source/queue.o
 .debug_info    0x0000000000017057     0x2515 Middlewares/Third_Party/FreeRTOS/Source/tasks.o
 .debug_info    0x000000000001956c     0x18dd Middlewares/Third_Party/FreeRTOS/Source/timers.o
 .debug_info    0x000000000001ae49      0x2ed Middlewares/Third_Party/FreeRTOS/Source/portable/GCC/ARM_CM3/port.o
 .debug_info    0x000000000001b136      0xbd1 Middlewares/Third_Party/FreeRTOS/Source/portable/MemMang/heap_4.o

.debug_abbrev   0x0000000000000000     0x3d49
 .debug_abbrev  0x0000000000000000      0x1d1 Core/Src/MicrostepDriver.o
 .debug_abbrev  0x00000000000001d1      0x30b Core/Src/PCB_WELDER.o
 .debug_abbrev  0x00000000000004dc      0x1e1 Core/Src/STLED316S.o
 .debug_abbrev  0x00000000000006bd      0x14a Core/Src/STM32_flash.o
 .debug_abbrev  0x0000000000000807      0x231 Core/Src/WELDER_tasks.o
 .debug_abbrev  0x0000000000000a38      0x2bf Core/Src/main.o
 .debug_abbrev  0x0000000000000cf7      0x1c8 Core/Src/stm32f1xx_hal_msp.o
 .debug_abbrev  0x0000000000000ebf      0x1ad Core/Src/stm32f1xx_it.o
 .debug_abbrev  0x000000000000106c      0x14e Core/Src/system_stm32f1xx.o
 .debug_abbrev  0x00000000000011ba       0x12 Core/Startup/startup_stm32f103rctx.o
 .debug_abbrev  0x00000000000011cc      0x1ed Drivers/STM32F1xx_HAL_Driver/Src/stm32f1xx_hal.o
 .debug_abbrev  0x00000000000013b9      0x313 Drivers/STM32F1xx_HAL_Driver/Src/stm32f1xx_hal_cortex.o
 .debug_abbrev  0x00000000000016cc      0x228 Drivers/STM32F1xx_HAL_Driver/Src/stm32f1xx_hal_dma.o
 .debug_abbrev  0x00000000000018f4      0x23e Drivers/STM32F1xx_HAL_Driver/Src/stm32f1xx_hal_flash.o
 .debug_abbrev  0x0000000000001b32      0x249 Drivers/STM32F1xx_HAL_Driver/Src/stm32f1xx_hal_flash_ex.o
 .debug_abbrev  0x0000000000001d7b      0x1e8 Drivers/STM32F1xx_HAL_Driver/Src/stm32f1xx_hal_gpio.o
 .debug_abbrev  0x0000000000001f63      0x273 Drivers/STM32F1xx_HAL_Driver/Src/stm32f1xx_hal_rcc.o
 .debug_abbrev  0x00000000000021d6      0x26e Drivers/STM32F1xx_HAL_Driver/Src/stm32f1xx_hal_spi.o
 .debug_abbrev  0x0000000000002444      0x25e Drivers/STM32F1xx_HAL_Driver/Src/stm32f1xx_hal_tim.o
 .debug_abbrev  0x00000000000026a2      0x266 Drivers/STM32F1xx_HAL_Driver/Src/stm32f1xx_hal_tim_ex.o
 .debug_abbrev  0x0000000000002908      0x3ed Middlewares/Third_Party/FreeRTOS/Source/CMSIS_RTOS_V2/cmsis_os2.o
 .debug_abbrev  0x0000000000002cf5      0x1f7 Middlewares/Third_Party/FreeRTOS/Source/list.o
 .debug_abbrev  0x0000000000002eec      0x37e Middlewares/Third_Party/FreeRTOS/Source/queue.o
 .debug_abbrev  0x000000000000326a      0x39a Middlewares/Third_Party/FreeRTOS/Source/tasks.o
 .debug_abbrev  0x0000000000003604      0x2db Middlewares/Third_Party/FreeRTOS/Source/timers.o
 .debug_abbrev  0x00000000000038df      0x1f9 Middlewares/Third_Party/FreeRTOS/Source/portable/GCC/ARM_CM3/port.o
 .debug_abbrev  0x0000000000003ad8      0x271 Middlewares/Third_Party/FreeRTOS/Source/portable/MemMang/heap_4.o

.debug_aranges  0x0000000000000000     0x15c8
 .debug_aranges
                0x0000000000000000       0x28 Core/Src/MicrostepDriver.o
 .debug_aranges
                0x0000000000000028       0x98 Core/Src/PCB_WELDER.o
 .debug_aranges
                0x00000000000000c0       0x58 Core/Src/STLED316S.o
 .debug_aranges
                0x0000000000000118       0x30 Core/Src/STM32_flash.o
 .debug_aranges
                0x0000000000000148       0x58 Core/Src/WELDER_tasks.o
 .debug_aranges
                0x00000000000001a0       0x50 Core/Src/main.o
 .debug_aranges
                0x00000000000001f0       0x48 Core/Src/stm32f1xx_hal_msp.o
 .debug_aranges
                0x0000000000000238       0x78 Core/Src/stm32f1xx_it.o
 .debug_aranges
                0x00000000000002b0       0x28 Core/Src/system_stm32f1xx.o
 .debug_aranges
                0x00000000000002d8       0x28 Core/Startup/startup_stm32f103rctx.o
 .debug_aranges
                0x0000000000000300       0xe0 Drivers/STM32F1xx_HAL_Driver/Src/stm32f1xx_hal.o
 .debug_aranges
                0x00000000000003e0      0x100 Drivers/STM32F1xx_HAL_Driver/Src/stm32f1xx_hal_cortex.o
 .debug_aranges
                0x00000000000004e0       0x80 Drivers/STM32F1xx_HAL_Driver/Src/stm32f1xx_hal_dma.o
 .debug_aranges
                0x0000000000000560       0x88 Drivers/STM32F1xx_HAL_Driver/Src/stm32f1xx_hal_flash.o
 .debug_aranges
                0x00000000000005e8       0x98 Drivers/STM32F1xx_HAL_Driver/Src/stm32f1xx_hal_flash_ex.o
 .debug_aranges
                0x0000000000000680       0x58 Drivers/STM32F1xx_HAL_Driver/Src/stm32f1xx_hal_gpio.o
 .debug_aranges
                0x00000000000006d8       0x90 Drivers/STM32F1xx_HAL_Driver/Src/stm32f1xx_hal_rcc.o
 .debug_aranges
                0x0000000000000768      0x1d0 Drivers/STM32F1xx_HAL_Driver/Src/stm32f1xx_hal_spi.o
 .debug_aranges
                0x0000000000000938      0x3d0 Drivers/STM32F1xx_HAL_Driver/Src/stm32f1xx_hal_tim.o
 .debug_aranges
                0x0000000000000d08      0x168 Drivers/STM32F1xx_HAL_Driver/Src/stm32f1xx_hal_tim_ex.o
 .debug_aranges
                0x0000000000000e70      0x228 Middlewares/Third_Party/FreeRTOS/Source/CMSIS_RTOS_V2/cmsis_os2.o
 .debug_aranges
                0x0000000000001098       0x40 Middlewares/Third_Party/FreeRTOS/Source/list.o
 .debug_aranges
                0x00000000000010d8      0x158 Middlewares/Third_Party/FreeRTOS/Source/queue.o
 .debug_aranges
                0x0000000000001230      0x1f8 Middlewares/Third_Party/FreeRTOS/Source/tasks.o
 .debug_aranges
                0x0000000000001428       0xe0 Middlewares/Third_Party/FreeRTOS/Source/timers.o
 .debug_aranges
                0x0000000000001508       0x70 Middlewares/Third_Party/FreeRTOS/Source/portable/GCC/ARM_CM3/port.o
 .debug_aranges
                0x0000000000001578       0x50 Middlewares/Third_Party/FreeRTOS/Source/portable/MemMang/heap_4.o

.debug_ranges   0x0000000000000000     0x1420
 .debug_ranges  0x0000000000000000       0x18 Core/Src/MicrostepDriver.o
 .debug_ranges  0x0000000000000018       0x88 Core/Src/PCB_WELDER.o
 .debug_ranges  0x00000000000000a0       0x48 Core/Src/STLED316S.o
 .debug_ranges  0x00000000000000e8       0x20 Core/Src/STM32_flash.o
 .debug_ranges  0x0000000000000108       0x48 Core/Src/WELDER_tasks.o
 .debug_ranges  0x0000000000000150       0x40 Core/Src/main.o
 .debug_ranges  0x0000000000000190       0x38 Core/Src/stm32f1xx_hal_msp.o
 .debug_ranges  0x00000000000001c8       0x68 Core/Src/stm32f1xx_it.o
 .debug_ranges  0x0000000000000230       0x18 Core/Src/system_stm32f1xx.o
 .debug_ranges  0x0000000000000248       0x20 Core/Startup/startup_stm32f103rctx.o
 .debug_ranges  0x0000000000000268       0xd0 Drivers/STM32F1xx_HAL_Driver/Src/stm32f1xx_hal.o
 .debug_ranges  0x0000000000000338       0xf0 Drivers/STM32F1xx_HAL_Driver/Src/stm32f1xx_hal_cortex.o
 .debug_ranges  0x0000000000000428       0x70 Drivers/STM32F1xx_HAL_Driver/Src/stm32f1xx_hal_dma.o
 .debug_ranges  0x0000000000000498       0x78 Drivers/STM32F1xx_HAL_Driver/Src/stm32f1xx_hal_flash.o
 .debug_ranges  0x0000000000000510       0x88 Drivers/STM32F1xx_HAL_Driver/Src/stm32f1xx_hal_flash_ex.o
 .debug_ranges  0x0000000000000598       0x48 Drivers/STM32F1xx_HAL_Driver/Src/stm32f1xx_hal_gpio.o
 .debug_ranges  0x00000000000005e0       0x80 Drivers/STM32F1xx_HAL_Driver/Src/stm32f1xx_hal_rcc.o
 .debug_ranges  0x0000000000000660      0x1c0 Drivers/STM32F1xx_HAL_Driver/Src/stm32f1xx_hal_spi.o
 .debug_ranges  0x0000000000000820      0x3c0 Drivers/STM32F1xx_HAL_Driver/Src/stm32f1xx_hal_tim.o
 .debug_ranges  0x0000000000000be0      0x158 Drivers/STM32F1xx_HAL_Driver/Src/stm32f1xx_hal_tim_ex.o
 .debug_ranges  0x0000000000000d38      0x218 Middlewares/Third_Party/FreeRTOS/Source/CMSIS_RTOS_V2/cmsis_os2.o
 .debug_ranges  0x0000000000000f50       0x30 Middlewares/Third_Party/FreeRTOS/Source/list.o
 .debug_ranges  0x0000000000000f80      0x148 Middlewares/Third_Party/FreeRTOS/Source/queue.o
 .debug_ranges  0x00000000000010c8      0x1e8 Middlewares/Third_Party/FreeRTOS/Source/tasks.o
 .debug_ranges  0x00000000000012b0       0xd0 Middlewares/Third_Party/FreeRTOS/Source/timers.o
 .debug_ranges  0x0000000000001380       0x60 Middlewares/Third_Party/FreeRTOS/Source/portable/GCC/ARM_CM3/port.o
 .debug_ranges  0x00000000000013e0       0x40 Middlewares/Third_Party/FreeRTOS/Source/portable/MemMang/heap_4.o

.debug_macro    0x0000000000000000    0x1b8bc
 .debug_macro   0x0000000000000000      0x29c Core/Src/MicrostepDriver.o
 .debug_macro   0x000000000000029c      0xa9c Core/Src/MicrostepDriver.o
 .debug_macro   0x0000000000000d38      0x21b Core/Src/MicrostepDriver.o
 .debug_macro   0x0000000000000f53       0x2e Core/Src/MicrostepDriver.o
 .debug_macro   0x0000000000000f81       0x22 Core/Src/MicrostepDriver.o
 .debug_macro   0x0000000000000fa3       0x22 Core/Src/MicrostepDriver.o
 .debug_macro   0x0000000000000fc5       0x8e Core/Src/MicrostepDriver.o
 .debug_macro   0x0000000000001053       0x51 Core/Src/MicrostepDriver.o
 .debug_macro   0x00000000000010a4      0x103 Core/Src/MicrostepDriver.o
 .debug_macro   0x00000000000011a7       0x6a Core/Src/MicrostepDriver.o
 .debug_macro   0x0000000000001211      0x1df Core/Src/MicrostepDriver.o
 .debug_macro   0x00000000000013f0       0x1c Core/Src/MicrostepDriver.o
 .debug_macro   0x000000000000140c       0x22 Core/Src/MicrostepDriver.o
 .debug_macro   0x000000000000142e       0xc3 Core/Src/MicrostepDriver.o
 .debug_macro   0x00000000000014f1      0xd23 Core/Src/MicrostepDriver.o
 .debug_macro   0x0000000000002214     0xfd85 Core/Src/MicrostepDriver.o
 .debug_macro   0x0000000000011f99       0x43 Core/Src/MicrostepDriver.o
 .debug_macro   0x0000000000011fdc     0x3468 Core/Src/MicrostepDriver.o
 .debug_macro   0x0000000000015444      0x174 Core/Src/MicrostepDriver.o
 .debug_macro   0x00000000000155b8       0x5c Core/Src/MicrostepDriver.o
 .debug_macro   0x0000000000015614      0x5be Core/Src/MicrostepDriver.o
 .debug_macro   0x0000000000015bd2      0x4d5 Core/Src/MicrostepDriver.o
 .debug_macro   0x00000000000160a7      0x1cb Core/Src/MicrostepDriver.o
 .debug_macro   0x0000000000016272      0x114 Core/Src/MicrostepDriver.o
 .debug_macro   0x0000000000016386      0x1ea Core/Src/MicrostepDriver.o
 .debug_macro   0x0000000000016570       0x27 Core/Src/MicrostepDriver.o
 .debug_macro   0x0000000000016597      0x144 Core/Src/MicrostepDriver.o
 .debug_macro   0x00000000000166db      0x1bc Core/Src/MicrostepDriver.o
 .debug_macro   0x0000000000016897       0x30 Core/Src/MicrostepDriver.o
 .debug_macro   0x00000000000168c7       0x3c Core/Src/MicrostepDriver.o
 .debug_macro   0x0000000000016903       0x57 Core/Src/MicrostepDriver.o
 .debug_macro   0x000000000001695a       0x88 Core/Src/MicrostepDriver.o
 .debug_macro   0x00000000000169e2      0x24f Core/Src/MicrostepDriver.o
 .debug_macro   0x0000000000016c31      0x141 Core/Src/MicrostepDriver.o
 .debug_macro   0x0000000000016d72      0x217 Core/Src/MicrostepDriver.o
 .debug_macro   0x0000000000016f89      0x8d1 Core/Src/MicrostepDriver.o
 .debug_macro   0x000000000001785a       0xb5 Core/Src/MicrostepDriver.o
 .debug_macro   0x000000000001790f      0x118 Core/Src/MicrostepDriver.o
 .debug_macro   0x0000000000017a27      0x115 Core/Src/MicrostepDriver.o
 .debug_macro   0x0000000000017b3c      0x15a Core/Src/MicrostepDriver.o
 .debug_macro   0x0000000000017c96       0xbb Core/Src/MicrostepDriver.o
 .debug_macro   0x0000000000017d51       0x10 Core/Src/MicrostepDriver.o
 .debug_macro   0x0000000000017d61       0x1f Core/Src/MicrostepDriver.o
 .debug_macro   0x0000000000017d80      0x48d Core/Src/MicrostepDriver.o
 .debug_macro   0x000000000001820d       0xb5 Core/Src/MicrostepDriver.o
 .debug_macro   0x00000000000182c2       0x8c Core/Src/MicrostepDriver.o
 .debug_macro   0x000000000001834e       0x8d Core/Src/MicrostepDriver.o
 .debug_macro   0x00000000000183db       0x5b Core/Src/MicrostepDriver.o
 .debug_macro   0x0000000000018436       0x74 Core/Src/MicrostepDriver.o
 .debug_macro   0x00000000000184aa       0xdd Core/Src/MicrostepDriver.o
 .debug_macro   0x0000000000018587       0x9a Core/Src/MicrostepDriver.o
 .debug_macro   0x0000000000018621       0x28 Core/Src/MicrostepDriver.o
 .debug_macro   0x0000000000018649       0x7c Core/Src/MicrostepDriver.o
 .debug_macro   0x00000000000186c5       0x10 Core/Src/MicrostepDriver.o
 .debug_macro   0x00000000000186d5       0x8e Core/Src/MicrostepDriver.o
 .debug_macro   0x0000000000018763      0x29c Core/Src/PCB_WELDER.o
 .debug_macro   0x00000000000189ff      0x1c2 Core/Src/STLED316S.o
 .debug_macro   0x0000000000018bc1      0x1bb Core/Src/STM32_flash.o
 .debug_macro   0x0000000000018d7c      0x2a0 Core/Src/WELDER_tasks.o
 .debug_macro   0x000000000001901c      0x2b4 Core/Src/main.o
 .debug_macro   0x00000000000192d0      0x1b2 Core/Src/stm32f1xx_hal_msp.o
 .debug_macro   0x0000000000019482      0x27e Core/Src/stm32f1xx_it.o
 .debug_macro   0x0000000000019700      0x1a3 Core/Src/system_stm32f1xx.o
 .debug_macro   0x00000000000198a3      0x1c7 Drivers/STM32F1xx_HAL_Driver/Src/stm32f1xx_hal.o
 .debug_macro   0x0000000000019a6a      0x1a3 Drivers/STM32F1xx_HAL_Driver/Src/stm32f1xx_hal_cortex.o
 .debug_macro   0x0000000000019c0d      0x1a3 Drivers/STM32F1xx_HAL_Driver/Src/stm32f1xx_hal_dma.o
 .debug_macro   0x0000000000019db0      0x1a3 Drivers/STM32F1xx_HAL_Driver/Src/stm32f1xx_hal_flash.o
 .debug_macro   0x0000000000019f53      0x1b5 Drivers/STM32F1xx_HAL_Driver/Src/stm32f1xx_hal_flash_ex.o
 .debug_macro   0x000000000001a108      0x20e Drivers/STM32F1xx_HAL_Driver/Src/stm32f1xx_hal_gpio.o
 .debug_macro   0x000000000001a316      0x1b5 Drivers/STM32F1xx_HAL_Driver/Src/stm32f1xx_hal_rcc.o
 .debug_macro   0x000000000001a4cb      0x1ab Drivers/STM32F1xx_HAL_Driver/Src/stm32f1xx_hal_spi.o
 .debug_macro   0x000000000001a676      0x1a4 Drivers/STM32F1xx_HAL_Driver/Src/stm32f1xx_hal_tim.o
 .debug_macro   0x000000000001a81a      0x1a3 Drivers/STM32F1xx_HAL_Driver/Src/stm32f1xx_hal_tim_ex.o
 .debug_macro   0x000000000001a9bd      0x247 Middlewares/Third_Party/FreeRTOS/Source/CMSIS_RTOS_V2/cmsis_os2.o
 .debug_macro   0x000000000001ac04       0x10 Middlewares/Third_Party/FreeRTOS/Source/CMSIS_RTOS_V2/cmsis_os2.o
 .debug_macro   0x000000000001ac14       0x20 Middlewares/Third_Party/FreeRTOS/Source/CMSIS_RTOS_V2/cmsis_os2.o
 .debug_macro   0x000000000001ac34       0x10 Middlewares/Third_Party/FreeRTOS/Source/CMSIS_RTOS_V2/cmsis_os2.o
 .debug_macro   0x000000000001ac44       0xb7 Middlewares/Third_Party/FreeRTOS/Source/CMSIS_RTOS_V2/cmsis_os2.o
 .debug_macro   0x000000000001acfb       0x91 Middlewares/Third_Party/FreeRTOS/Source/CMSIS_RTOS_V2/cmsis_os2.o
 .debug_macro   0x000000000001ad8c      0x187 Middlewares/Third_Party/FreeRTOS/Source/list.o
 .debug_macro   0x000000000001af13      0x212 Middlewares/Third_Party/FreeRTOS/Source/queue.o
 .debug_macro   0x000000000001b125       0x16 Middlewares/Third_Party/FreeRTOS/Source/queue.o
 .debug_macro   0x000000000001b13b      0x287 Middlewares/Third_Party/FreeRTOS/Source/tasks.o
 .debug_macro   0x000000000001b3c2       0x10 Middlewares/Third_Party/FreeRTOS/Source/tasks.o
 .debug_macro   0x000000000001b3d2      0x1ca Middlewares/Third_Party/FreeRTOS/Source/timers.o
 .debug_macro   0x000000000001b59c      0x172 Middlewares/Third_Party/FreeRTOS/Source/portable/GCC/ARM_CM3/port.o
 .debug_macro   0x000000000001b70e      0x1ae Middlewares/Third_Party/FreeRTOS/Source/portable/MemMang/heap_4.o

.debug_line     0x0000000000000000    0x18841
 .debug_line    0x0000000000000000      0x88a Core/Src/MicrostepDriver.o
 .debug_line    0x000000000000088a      0xd2d Core/Src/PCB_WELDER.o
 .debug_line    0x00000000000015b7      0x83c Core/Src/STLED316S.o
 .debug_line    0x0000000000001df3      0x762 Core/Src/STM32_flash.o
 .debug_line    0x0000000000002555     0x1425 Core/Src/WELDER_tasks.o
 .debug_line    0x000000000000397a      0xa1f Core/Src/main.o
 .debug_line    0x0000000000004399      0x732 Core/Src/stm32f1xx_hal_msp.o
 .debug_line    0x0000000000004acb      0x92c Core/Src/stm32f1xx_it.o
 .debug_line    0x00000000000053f7      0x6fa Core/Src/system_stm32f1xx.o
 .debug_line    0x0000000000005af1       0x84 Core/Startup/startup_stm32f103rctx.o
 .debug_line    0x0000000000005b75      0x927 Drivers/STM32F1xx_HAL_Driver/Src/stm32f1xx_hal.o
 .debug_line    0x000000000000649c      0xb0f Drivers/STM32F1xx_HAL_Driver/Src/stm32f1xx_hal_cortex.o
 .debug_line    0x0000000000006fab     0x1251 Drivers/STM32F1xx_HAL_Driver/Src/stm32f1xx_hal_dma.o
 .debug_line    0x00000000000081fc      0xa04 Drivers/STM32F1xx_HAL_Driver/Src/stm32f1xx_hal_flash.o
 .debug_line    0x0000000000008c00      0xaf5 Drivers/STM32F1xx_HAL_Driver/Src/stm32f1xx_hal_flash_ex.o
 .debug_line    0x00000000000096f5      0x9e6 Drivers/STM32F1xx_HAL_Driver/Src/stm32f1xx_hal_gpio.o
 .debug_line    0x000000000000a0db      0xd35 Drivers/STM32F1xx_HAL_Driver/Src/stm32f1xx_hal_rcc.o
 .debug_line    0x000000000000ae10     0x1b9f Drivers/STM32F1xx_HAL_Driver/Src/stm32f1xx_hal_spi.o
 .debug_line    0x000000000000c9af     0x34ee Drivers/STM32F1xx_HAL_Driver/Src/stm32f1xx_hal_tim.o
 .debug_line    0x000000000000fe9d     0x1a31 Drivers/STM32F1xx_HAL_Driver/Src/stm32f1xx_hal_tim_ex.o
 .debug_line    0x00000000000118ce     0x2458 Middlewares/Third_Party/FreeRTOS/Source/CMSIS_RTOS_V2/cmsis_os2.o
 .debug_line    0x0000000000013d26      0x70a Middlewares/Third_Party/FreeRTOS/Source/list.o
 .debug_line    0x0000000000014430     0x115c Middlewares/Third_Party/FreeRTOS/Source/queue.o
 .debug_line    0x000000000001558c     0x1929 Middlewares/Third_Party/FreeRTOS/Source/tasks.o
 .debug_line    0x0000000000016eb5      0xae8 Middlewares/Third_Party/FreeRTOS/Source/timers.o
 .debug_line    0x000000000001799d      0x64c Middlewares/Third_Party/FreeRTOS/Source/portable/GCC/ARM_CM3/port.o
 .debug_line    0x0000000000017fe9      0x858 Middlewares/Third_Party/FreeRTOS/Source/portable/MemMang/heap_4.o

.debug_str      0x0000000000000000    0xa2686
 .debug_str     0x0000000000000000    0x972a1 Core/Src/MicrostepDriver.o
                                      0x977da (size before relaxing)
 .debug_str     0x00000000000972a1      0x1db Core/Src/PCB_WELDER.o
                                      0x9796f (size before relaxing)
 .debug_str     0x000000000009747c       0xf3 Core/Src/STLED316S.o
                                      0x9155e (size before relaxing)
 .debug_str     0x000000000009756f       0xaa Core/Src/STM32_flash.o
                                      0x9118f (size before relaxing)
 .debug_str     0x0000000000097619      0x434 Core/Src/WELDER_tasks.o
                                      0x97bcf (size before relaxing)
 .debug_str     0x0000000000097a4d      0xa6d Core/Src/main.o
                                      0x982e0 (size before relaxing)
 .debug_str     0x00000000000984ba       0xd0 Core/Src/stm32f1xx_hal_msp.o
                                      0x91bee (size before relaxing)
 .debug_str     0x000000000009858a       0xfb Core/Src/stm32f1xx_it.o
                                      0x97566 (size before relaxing)
 .debug_str     0x0000000000098685       0x52 Core/Src/system_stm32f1xx.o
                                      0x90b72 (size before relaxing)
 .debug_str     0x00000000000986d7       0x4f Core/Startup/startup_stm32f103rctx.o
 .debug_str     0x0000000000098726      0x2fa Drivers/STM32F1xx_HAL_Driver/Src/stm32f1xx_hal.o
                                      0x912e7 (size before relaxing)
 .debug_str     0x0000000000098a20      0x2f7 Drivers/STM32F1xx_HAL_Driver/Src/stm32f1xx_hal_cortex.o
                                      0x912ef (size before relaxing)
 .debug_str     0x0000000000098d17      0x235 Drivers/STM32F1xx_HAL_Driver/Src/stm32f1xx_hal_dma.o
                                      0x90f4d (size before relaxing)
 .debug_str     0x0000000000098f4c      0x27b Drivers/STM32F1xx_HAL_Driver/Src/stm32f1xx_hal_flash.o
                                      0x90e48 (size before relaxing)
 .debug_str     0x00000000000991c7      0x330 Drivers/STM32F1xx_HAL_Driver/Src/stm32f1xx_hal_flash_ex.o
                                      0x9100c (size before relaxing)
 .debug_str     0x00000000000994f7      0x2ff Drivers/STM32F1xx_HAL_Driver/Src/stm32f1xx_hal_gpio.o
                                      0x90f36 (size before relaxing)
 .debug_str     0x00000000000997f6      0x24f Drivers/STM32F1xx_HAL_Driver/Src/stm32f1xx_hal_rcc.o
                                      0x90f6f (size before relaxing)
 .debug_str     0x0000000000099a45      0x549 Drivers/STM32F1xx_HAL_Driver/Src/stm32f1xx_hal_spi.o
                                      0x9147d (size before relaxing)
 .debug_str     0x0000000000099f8e      0xd80 Drivers/STM32F1xx_HAL_Driver/Src/stm32f1xx_hal_tim.o
                                      0x91f41 (size before relaxing)
 .debug_str     0x000000000009ad0e      0x517 Drivers/STM32F1xx_HAL_Driver/Src/stm32f1xx_hal_tim_ex.o
                                      0x9171b (size before relaxing)
 .debug_str     0x000000000009b225     0x484c Middlewares/Third_Party/FreeRTOS/Source/CMSIS_RTOS_V2/cmsis_os2.o
                                       0xe032 (size before relaxing)
 .debug_str     0x000000000009fa71      0x225 Middlewares/Third_Party/FreeRTOS/Source/list.o
                                       0xa68b (size before relaxing)
 .debug_str     0x000000000009fc96      0x8fd Middlewares/Third_Party/FreeRTOS/Source/queue.o