PCB_WELDER.c:3:6:IndicatorPanel_Ini	8	static
PCB_WELDER.c:12:6:IndicatorPanel_SetValue	32	static
PCB_WELDER.c:96:6:IndicatorPanel_Set_LEDs_Value	24	static
PCB_WELDER.c:129:6:IndicatorPanel_SetBrightness	16	static
PCB_WELDER.c:141:9:separate	32	static
PCB_WELDER.c:162:6:IndicatorPanel_offset_4dig	16	static
PCB_WELDER.c:209:6:IndicatorPanel_offset_2dig	16	static
PCB_WELDER.c:237:6:IndicatorPanel_offset_3dig	16	static
PCB_WELDER.c:272:6:Carriage_Move	40	static
PCB_WELDER.c:285:6:PCB_KeyScan	8	static
PCB_WELDER.c:291:6:PCB_InputsScan	8	static
PCB_WELDER.c:326:6:HAL_GPIO_EXTI_Callback	16	static
PCB_WELDER.c:414:6:SaveProgramToFlash2	16	static
PCB_WELDER.c:442:6:ReadProgramFromFlash2	32	static
PCB_WELDER.c:494:6:ReadProgramFromFlash	32	static
PCB_WELDER.c:534:6:PCB_LEDs_OUT	16	static
