PCB_WELDER.c:3:6:IndicatorPanel_Ini	8	static
PCB_WELDER.c:12:6:IndicatorPanel_SetValue	24	static
PCB_WELDER.c:81:6:IndicatorPanel_Set_LEDs_Value	24	static
PCB_WELDER.c:114:6:IndicatorPanel_SetBrightness	16	static
PCB_WELDER.c:126:9:separate	32	static
PCB_WELDER.c:147:6:IndicatorPanel_offset_4dig	16	static
PCB_WELDER.c:194:6:IndicatorPanel_offset_2dig	16	static
PCB_WELDER.c:222:6:IndicatorPanel_offset_3dig	16	static
PCB_WELDER.c:257:6:Carriage_Move	40	static
PCB_WELDER.c:270:6:PCB_KeyScan	8	static
PCB_WELDER.c:276:6:PCB_InputsScan	8	static
PCB_WELDER.c:311:6:HAL_GPIO_EXTI_Callback	16	static
PCB_WELDER.c:399:6:SaveProgramToFlash2	16	static
PCB_WELDER.c:427:6:ReadProgramFromFlash2	32	static
PCB_WELDER.c:479:6:ReadProgramFromFlash	32	static
PCB_WELDER.c:519:6:PCB_LEDs_OUT	16	static
